Archive member included to satisfy reference by file (symbol)

/usr/lib/gcc/arm-none-eabi/4.9.3/../../../arm-none-eabi/lib/armv7-m/libc.a(lib_a-atexit.o)
                              /usr/lib/gcc/arm-none-eabi/4.9.3/../../../arm-none-eabi/lib/armv7-m/crt0.o (atexit)
/usr/lib/gcc/arm-none-eabi/4.9.3/../../../arm-none-eabi/lib/armv7-m/libc.a(lib_a-exit.o)
                              /usr/lib/gcc/arm-none-eabi/4.9.3/../../../arm-none-eabi/lib/armv7-m/crt0.o (exit)
/usr/lib/gcc/arm-none-eabi/4.9.3/../../../arm-none-eabi/lib/armv7-m/libc.a(lib_a-fini.o)
                              /usr/lib/gcc/arm-none-eabi/4.9.3/../../../arm-none-eabi/lib/armv7-m/crt0.o (__libc_fini_array)
/usr/lib/gcc/arm-none-eabi/4.9.3/../../../arm-none-eabi/lib/armv7-m/libc.a(lib_a-impure.o)
                              /usr/lib/gcc/arm-none-eabi/4.9.3/../../../arm-none-eabi/lib/armv7-m/libc.a(lib_a-exit.o) (_global_impure_ptr)
/usr/lib/gcc/arm-none-eabi/4.9.3/../../../arm-none-eabi/lib/armv7-m/libc.a(lib_a-init.o)
                              /usr/lib/gcc/arm-none-eabi/4.9.3/../../../arm-none-eabi/lib/armv7-m/crt0.o (__libc_init_array)
/usr/lib/gcc/arm-none-eabi/4.9.3/../../../arm-none-eabi/lib/armv7-m/libc.a(lib_a-memset.o)
                              /usr/lib/gcc/arm-none-eabi/4.9.3/../../../arm-none-eabi/lib/armv7-m/crt0.o (memset)
/usr/lib/gcc/arm-none-eabi/4.9.3/../../../arm-none-eabi/lib/armv7-m/libc.a(lib_a-__atexit.o)
                              /usr/lib/gcc/arm-none-eabi/4.9.3/../../../arm-none-eabi/lib/armv7-m/libc.a(lib_a-atexit.o) (__register_exitproc)
/usr/lib/gcc/arm-none-eabi/4.9.3/../../../arm-none-eabi/lib/armv7-m/libc.a(lib_a-__call_atexit.o)
                              /usr/lib/gcc/arm-none-eabi/4.9.3/../../../arm-none-eabi/lib/armv7-m/libc.a(lib_a-exit.o) (__call_exitprocs)
/usr/lib/gcc/arm-none-eabi/4.9.3/../../../arm-none-eabi/lib/armv7-m/libm.a(lib_a-s_signbit.o)
                              /home/trees/src/github.mcush/mcush/mcush_printf2.o (__signbitf)
/usr/lib/gcc/arm-none-eabi/4.9.3/../../../arm-none-eabi/lib/armv7-m/libm.a(lib_a-sf_fpclassify.o)
                              /home/trees/src/github.mcush/mcush/mcush_printf2.o (__fpclassifyf)
/usr/lib/gcc/arm-none-eabi/4.9.3/../../../arm-none-eabi/lib/armv7-m/libm.a(lib_a-w_sqrt.o)
                              /home/trees/src/github.mcush/halstm32f103c8_xtw/std/hal_beep.o (sqrt)
/usr/lib/gcc/arm-none-eabi/4.9.3/../../../arm-none-eabi/lib/armv7-m/libm.a(lib_a-e_sqrt.o)
                              /usr/lib/gcc/arm-none-eabi/4.9.3/../../../arm-none-eabi/lib/armv7-m/libm.a(lib_a-w_sqrt.o) (__ieee754_sqrt)
/usr/lib/gcc/arm-none-eabi/4.9.3/../../../arm-none-eabi/lib/armv7-m/libm.a(lib_a-s_fpclassify.o)
                              /usr/lib/gcc/arm-none-eabi/4.9.3/../../../arm-none-eabi/lib/armv7-m/libm.a(lib_a-w_sqrt.o) (__fpclassifyd)
/usr/lib/gcc/arm-none-eabi/4.9.3/../../../arm-none-eabi/lib/armv7-m/libm.a(lib_a-s_lib_ver.o)
                              /usr/lib/gcc/arm-none-eabi/4.9.3/../../../arm-none-eabi/lib/armv7-m/libm.a(lib_a-w_sqrt.o) (__fdlib_version)
/usr/lib/gcc/arm-none-eabi/4.9.3/../../../arm-none-eabi/lib/armv7-m/libm.a(lib_a-s_matherr.o)
                              /usr/lib/gcc/arm-none-eabi/4.9.3/../../../arm-none-eabi/lib/armv7-m/libm.a(lib_a-w_sqrt.o) (matherr)
/usr/lib/gcc/arm-none-eabi/4.9.3/armv7-m/libgcc.a(_arm_addsubdf3.o)
                              /home/trees/src/github.mcush/mcush/mcush_printf2.o (__aeabi_dsub)
/usr/lib/gcc/arm-none-eabi/4.9.3/armv7-m/libgcc.a(_arm_muldivdf3.o)
                              /home/trees/src/github.mcush/halstm32f103c8_xtw/std/hal_adc.o (__aeabi_dmul)
/usr/lib/gcc/arm-none-eabi/4.9.3/armv7-m/libgcc.a(_arm_cmpdf2.o)
                              /home/trees/src/github.mcush/mcush/mcush_printf2.o (__aeabi_dcmplt)
/usr/lib/gcc/arm-none-eabi/4.9.3/armv7-m/libgcc.a(_arm_fixdfsi.o)
                              /home/trees/src/github.mcush/halstm32f103c8_xtw/std/hal_beep.o (__aeabi_d2iz)
/usr/lib/gcc/arm-none-eabi/4.9.3/armv7-m/libgcc.a(_arm_fixunsdfsi.o)
                              /home/trees/src/github.mcush/mcush/mcush_printf2.o (__aeabi_d2uiz)
/usr/lib/gcc/arm-none-eabi/4.9.3/armv7-m/libgcc.a(_arm_truncdfsf2.o)
                              /home/trees/src/github.mcush/halstm32f103c8_xtw/std/hal_adc.o (__aeabi_d2f)
/usr/lib/gcc/arm-none-eabi/4.9.3/armv7-m/libgcc.a(_arm_addsubsf3.o)
                              /home/trees/src/github.mcush/mcush/mcush_printf2.o (__aeabi_fsub)
/usr/lib/gcc/arm-none-eabi/4.9.3/armv7-m/libgcc.a(_arm_muldivsf3.o)
                              /home/trees/src/github.mcush/mcush/mcush_printf2.o (__aeabi_fmul)
/usr/lib/gcc/arm-none-eabi/4.9.3/armv7-m/libgcc.a(_arm_cmpsf2.o)
                              /home/trees/src/github.mcush/mcush/mcush_lib.o (__aeabi_fcmpeq)
/usr/lib/gcc/arm-none-eabi/4.9.3/armv7-m/libgcc.a(_arm_fixsfsi.o)
                              /home/trees/src/github.mcush/mcush/mcush_printf2.o (__aeabi_f2iz)
[...]
Memory Configuration

Name             Origin             Length             Attributes
FLASH            0x0000000008000000 0x0000000000010000 xr
SRAM             0x0000000020000000 0x0000000000005000 rw
*default*        0x0000000000000000 0xffffffffffffffff

Linker script and memory map

LOAD /usr/lib/gcc/arm-none-eabi/4.9.3/armv7-m/crti.o
LOAD /usr/lib/gcc/arm-none-eabi/4.9.3/armv7-m/crtbegin.o
LOAD /usr/lib/gcc/arm-none-eabi/4.9.3/../../../arm-none-eabi/lib/armv7-m/crt0.o
                0x0000000000002800                USER_HEAP_SIZE = 0x2800
                0x0000000000000400                USER_STACK_SIZE = 0x400
                0x0000000020004c00                USER_STACK_ADDR = ((ORIGIN (SRAM) + LENGTH (SRAM)) - USER_STACK_SIZE)

.isr_vector     0x0000000008000000      0x10c
                0x0000000008000000                . = ALIGN (0x4)
                0x0000000008000000                _sisr_vector = .
 *(.isr_vector)
 .isr_vector    0x0000000008000000      0x10c /home/trees/src/github.mcush/CMSIS/Device/ST/STM32F10x/Source/Templates/gcc_ride7/startup_stm32f10x_md.o
                0x0000000008000000                g_pfnVectors
                0x000000000800010c                _eisr_vector = .

.signature      0x000000000800010c        0x8
 *(.mcush_signature)
 .mcush_signature
                0x000000000800010c        0x8 /home/trees/src/github.mcush/mcush/mcush_task.o
 *(.signature)

.init_script    0x0000000008000114        0x2
                0x0000000008000114                _isdata = .
 *(.init_script)
 .init_script   0x0000000008000114        0x1 main.o
                0x0000000008000114                init_script
                0x0000000008000115        0x1 BYTE 0x0
                0x0000000008000116                __exidx_start = .

.ARM.exidx      0x0000000008000118        0x8
 *(.ARM.exidx* .gnu.linkonce.armexidx.*)
 .ARM.exidx     0x0000000008000118        0x8 /usr/lib/gcc/arm-none-eabi/4.9.3/armv7-m/libgcc.a(_divdi3.o)
 .ARM.exidx     0x0000000008000120        0x0 /usr/lib/gcc/arm-none-eabi/4.9.3/armv7-m/libgcc.a(_udivdi3.o)
                                          0x8 (size before relaxing)
                0x0000000008000120                __exidx_end = .

.text           0x0000000008000120     0xb6cc
                0x0000000008000120                . = ALIGN (0x4)
                0x0000000008000120                _stext = .
 *(.text*)
 .text.memset   0x0000000008000120       0x9c /usr/lib/gcc/arm-none-eabi/4.9.3/../../../arm-none-eabi/lib/armv7-m/libc.a(lib_a-memset.o)
                0x0000000008000120                memset
 .text.Reset_Handler
                0x00000000080001bc       0x60 /home/trees/src/github.mcush/CMSIS/Device/ST/STM32F10x/Source/Templates/gcc_ride7/startup_stm32f10x_md.o
                0x00000000080001bc                Reset_Handler
 .text.Default_Handler
                0x000000000800021c        0x2 /home/trees/src/github.mcush/CMSIS/Device/ST/STM32F10x/Source/Templates/gcc_ride7/startup_stm32f10x_md.o
                0x000000000800021c                EXTI2_IRQHandler
                0x000000000800021c                TIM1_CC_IRQHandler
                0x000000000800021c                PVD_IRQHandler
                0x000000000800021c                EXTI3_IRQHandler
                0x000000000800021c                EXTI0_IRQHandler
                0x000000000800021c                I2C2_EV_IRQHandler
                0x000000000800021c                ADC1_2_IRQHandler
                0x000000000800021c                SPI1_IRQHandler
                0x000000000800021c                TAMPER_IRQHandler
                0x000000000800021c                DMA1_Channel4_IRQHandler
                0x000000000800021c                USART3_IRQHandler
                0x000000000800021c                RTC_IRQHandler
                0x000000000800021c                DMA1_Channel7_IRQHandler
                0x000000000800021c                CAN1_RX1_IRQHandler
                0x000000000800021c                TIM4_IRQHandler
                0x000000000800021c                I2C1_EV_IRQHandler
                0x000000000800021c                DMA1_Channel6_IRQHandler
                0x000000000800021c                TIM3_IRQHandler
                0x000000000800021c                RCC_IRQHandler
                0x000000000800021c                TIM1_TRG_COM_IRQHandler
                0x000000000800021c                DMA1_Channel1_IRQHandler
                0x000000000800021c                Default_Handler
                0x000000000800021c                EXTI15_10_IRQHandler
                0x000000000800021c                EXTI9_5_IRQHandler
                0x000000000800021c                SPI2_IRQHandler
                0x000000000800021c                DMA1_Channel5_IRQHandler
                0x000000000800021c                EXTI4_IRQHandler
                0x000000000800021c                USB_LP_CAN1_RX0_IRQHandler
                0x000000000800021c                USB_HP_CAN1_TX_IRQHandler
                0x000000000800021c                DMA1_Channel3_IRQHandler
                0x000000000800021c                TIM1_UP_IRQHandler
                0x000000000800021c                WWDG_IRQHandler
                0x000000000800021c                TIM2_IRQHandler
                0x000000000800021c                TIM1_BRK_IRQHandler
                0x000000000800021c                EXTI1_IRQHandler
                0x000000000800021c                RTCAlarm_IRQHandler
                0x000000000800021c                USART2_IRQHandler
                0x000000000800021c                I2C2_ER_IRQHandler
                0x000000000800021c                DMA1_Channel2_IRQHandler
                0x000000000800021c                CAN1_SCE_IRQHandler
                0x000000000800021c                FLASH_IRQHandler
                0x000000000800021c                I2C1_ER_IRQHandler
                0x000000000800021c                USBWakeUp_IRQHandler
 *fill*         0x000000000800021e        0x2 
 .text.SystemInit
                0x0000000008000220      0x104 /home/trees/src/github.mcush/CMSIS/Device/ST/STM32F10x/Source/Templates/system_stm32f10x.o
                0x0000000008000220                SystemInit
 .text.NVIC_PriorityGroupConfig
                0x0000000008000324       0x14 /home/trees/src/github.mcush/ST/STM32F10x_StdPeriph_Driver/src/misc.o
                0x0000000008000324                NVIC_PriorityGroupConfig
 .text.NVIC_Init
                0x0000000008000338       0x70 /home/trees/src/github.mcush/ST/STM32F10x_StdPeriph_Driver/src/misc.o
                0x0000000008000338                NVIC_Init
 .text.ADC_DeInit
                0x00000000080003a8       0x6c /home/trees/src/github.mcush/ST/STM32F10x_StdPeriph_Driver/src/stm32f10x_adc.o
                0x00000000080003a8                ADC_DeInit
 .text.ADC_Init
                0x0000000008000414       0x48 /home/trees/src/github.mcush/ST/STM32F10x_StdPeriph_Driver/src/stm32f10x_adc.o
                0x0000000008000414                ADC_Init
 .text.ADC_Cmd  0x000000000800045c       0x14 /home/trees/src/github.mcush/ST/STM32F10x_StdPeriph_Driver/src/stm32f10x_adc.o
                0x000000000800045c                ADC_Cmd
 .text.ADC_DMACmd
                0x0000000008000470       0x14 /home/trees/src/github.mcush/ST/STM32F10x_StdPeriph_Driver/src/stm32f10x_adc.o
                0x0000000008000470                ADC_DMACmd
 .text.ADC_ResetCalibration
                0x0000000008000484        0xc /home/trees/src/github.mcush/ST/STM32F10x_StdPeriph_Driver/src/stm32f10x_adc.o
                0x0000000008000484                ADC_ResetCalibration
 .text.ADC_GetResetCalibrationStatus
                0x0000000008000490        0x8 /home/trees/src/github.mcush/ST/STM32F10x_StdPeriph_Driver/src/stm32f10x_adc.o
                0x0000000008000490                ADC_GetResetCalibrationStatus
 .text.ADC_StartCalibration
                0x0000000008000498        0xc /home/trees/src/github.mcush/ST/STM32F10x_StdPeriph_Driver/src/stm32f10x_adc.o
                0x0000000008000498                ADC_StartCalibration
 .text.ADC_GetCalibrationStatus
                0x00000000080004a4        0x8 /home/trees/src/github.mcush/ST/STM32F10x_StdPeriph_Driver/src/stm32f10x_adc.o
                0x00000000080004a4                ADC_GetCalibrationStatus
 .text.ADC_SoftwareStartConvCmd
                0x00000000080004ac       0x14 /home/trees/src/github.mcush/ST/STM32F10x_StdPeriph_Driver/src/stm32f10x_adc.o
                0x00000000080004ac                ADC_SoftwareStartConvCmd
 .text.ADC_RegularChannelConfig
                0x00000000080004c0       0x8c /home/trees/src/github.mcush/ST/STM32F10x_StdPeriph_Driver/src/stm32f10x_adc.o
                0x00000000080004c0                ADC_RegularChannelConfig
 .text.DMA_DeInit
                0x000000000800054c      0x128 /home/trees/src/github.mcush/ST/STM32F10x_StdPeriph_Driver/src/stm32f10x_dma.o
                0x000000000800054c                DMA_DeInit
 .text.DMA_Init
                0x0000000008000674       0x40 /home/trees/src/github.mcush/ST/STM32F10x_StdPeriph_Driver/src/stm32f10x_dma.o
                0x0000000008000674                DMA_Init
 .text.DMA_Cmd  0x00000000080006b4       0x18 /home/trees/src/github.mcush/ST/STM32F10x_StdPeriph_Driver/src/stm32f10x_dma.o
                0x00000000080006b4                DMA_Cmd
 .text.GPIO_Init
                0x00000000080006cc      0x320 /home/trees/src/github.mcush/ST/STM32F10x_StdPeriph_Driver/src/stm32f10x_gpio.o
                0x00000000080006cc                GPIO_Init
 .text.GPIO_StructInit
                0x00000000080009ec       0x10 /home/trees/src/github.mcush/ST/STM32F10x_StdPeriph_Driver/src/stm32f10x_gpio.o
                0x00000000080009ec                GPIO_StructInit
 .text.GPIO_ReadInputData
                0x00000000080009fc        0x8 /home/trees/src/github.mcush/ST/STM32F10x_StdPeriph_Driver/src/stm32f10x_gpio.o
                0x00000000080009fc                GPIO_ReadInputData
 .text.GPIO_SetBits
                0x0000000008000a04        0x4 /home/trees/src/github.mcush/ST/STM32F10x_StdPeriph_Driver/src/stm32f10x_gpio.o
                0x0000000008000a04                GPIO_SetBits
 .text.GPIO_ResetBits
                0x0000000008000a08        0x4 /home/trees/src/github.mcush/ST/STM32F10x_StdPeriph_Driver/src/stm32f10x_gpio.o
                0x0000000008000a08                GPIO_ResetBits
 .text.GPIO_Write
                0x0000000008000a0c        0x4 /home/trees/src/github.mcush/ST/STM32F10x_StdPeriph_Driver/src/stm32f10x_gpio.o
                0x0000000008000a0c                GPIO_Write
 .text.IWDG_WriteAccessCmd
                0x0000000008000a10        0xc /home/trees/src/github.mcush/ST/STM32F10x_StdPeriph_Driver/src/stm32f10x_iwdg.o
                0x0000000008000a10                IWDG_WriteAccessCmd
 .text.IWDG_SetPrescaler
                0x0000000008000a1c        0xc /home/trees/src/github.mcush/ST/STM32F10x_StdPeriph_Driver/src/stm32f10x_iwdg.o
                0x0000000008000a1c                IWDG_SetPrescaler
 .text.IWDG_SetReload
                0x0000000008000a28        0xc /home/trees/src/github.mcush/ST/STM32F10x_StdPeriph_Driver/src/stm32f10x_iwdg.o
                0x0000000008000a28                IWDG_SetReload
 .text.IWDG_ReloadCounter
                0x0000000008000a34       0x10 /home/trees/src/github.mcush/ST/STM32F10x_StdPeriph_Driver/src/stm32f10x_iwdg.o
                0x0000000008000a34                IWDG_ReloadCounter
 .text.RCC_ADCCLKConfig
                0x0000000008000a44       0x14 /home/trees/src/github.mcush/ST/STM32F10x_StdPeriph_Driver/src/stm32f10x_rcc.o
                0x0000000008000a44                RCC_ADCCLKConfig
 .text.RCC_GetClocksFreq
                0x0000000008000a58       0x9c /home/trees/src/github.mcush/ST/STM32F10x_StdPeriph_Driver/src/stm32f10x_rcc.o
                0x0000000008000a58                RCC_GetClocksFreq
 .text.RCC_AHBPeriphClockCmd
                0x0000000008000af4       0x18 /home/trees/src/github.mcush/ST/STM32F10x_StdPeriph_Driver/src/stm32f10x_rcc.o
                0x0000000008000af4                RCC_AHBPeriphClockCmd
 .text.RCC_APB2PeriphClockCmd
                0x0000000008000b0c       0x18 /home/trees/src/github.mcush/ST/STM32F10x_StdPeriph_Driver/src/stm32f10x_rcc.o
                0x0000000008000b0c                RCC_APB2PeriphClockCmd
 .text.RCC_APB1PeriphClockCmd
                0x0000000008000b24       0x18 /home/trees/src/github.mcush/ST/STM32F10x_StdPeriph_Driver/src/stm32f10x_rcc.o
                0x0000000008000b24                RCC_APB1PeriphClockCmd
 .text.RCC_APB2PeriphResetCmd
                0x0000000008000b3c       0x18 /home/trees/src/github.mcush/ST/STM32F10x_StdPeriph_Driver/src/stm32f10x_rcc.o
                0x0000000008000b3c                RCC_APB2PeriphResetCmd
 .text.TIM_TimeBaseInit
                0x0000000008000b54       0xac /home/trees/src/github.mcush/ST/STM32F10x_StdPeriph_Driver/src/stm32f10x_tim.o
                0x0000000008000b54                TIM_TimeBaseInit
 .text.TIM_OC1Init
                0x0000000008000c00       0x90 /home/trees/src/github.mcush/ST/STM32F10x_StdPeriph_Driver/src/stm32f10x_tim.o
                0x0000000008000c00                TIM_OC1Init
 .text.TIM_OC2Init
                0x0000000008000c90       0x90 /home/trees/src/github.mcush/ST/STM32F10x_StdPeriph_Driver/src/stm32f10x_tim.o
                0x0000000008000c90                TIM_OC2Init
 .text.TIM_OC3Init
                0x0000000008000d20       0x88 /home/trees/src/github.mcush/ST/STM32F10x_StdPeriph_Driver/src/stm32f10x_tim.o
                0x0000000008000d20                TIM_OC3Init
 .text.TIM_OC4Init
                0x0000000008000da8       0x6c /home/trees/src/github.mcush/ST/STM32F10x_StdPeriph_Driver/src/stm32f10x_tim.o
                0x0000000008000da8                TIM_OC4Init
 .text.TIM_Cmd  0x0000000008000e14       0x1c /home/trees/src/github.mcush/ST/STM32F10x_StdPeriph_Driver/src/stm32f10x_tim.o
                0x0000000008000e14                TIM_Cmd
 .text.TIM_PrescalerConfig
                0x0000000008000e30        0x8 /home/trees/src/github.mcush/ST/STM32F10x_StdPeriph_Driver/src/stm32f10x_tim.o
                0x0000000008000e30                TIM_PrescalerConfig
 .text.TIM_SetCounter
                0x0000000008000e38        0x4 /home/trees/src/github.mcush/ST/STM32F10x_StdPeriph_Driver/src/stm32f10x_tim.o
                0x0000000008000e38                TIM_SetCounter
 .text.TIM_SetAutoreload
                0x0000000008000e3c        0x4 /home/trees/src/github.mcush/ST/STM32F10x_StdPeriph_Driver/src/stm32f10x_tim.o
                0x0000000008000e3c                TIM_SetAutoreload
 .text.TIM_SetCompare1
                0x0000000008000e40        0x4 /home/trees/src/github.mcush/ST/STM32F10x_StdPeriph_Driver/src/stm32f10x_tim.o
                0x0000000008000e40                TIM_SetCompare1
 .text.TIM_SetCompare2
                0x0000000008000e44        0x4 /home/trees/src/github.mcush/ST/STM32F10x_StdPeriph_Driver/src/stm32f10x_tim.o
                0x0000000008000e44                TIM_SetCompare2
 .text.TIM_SetCompare3
                0x0000000008000e48        0x4 /home/trees/src/github.mcush/ST/STM32F10x_StdPeriph_Driver/src/stm32f10x_tim.o
                0x0000000008000e48                TIM_SetCompare3
 .text.TIM_SetCompare4
                0x0000000008000e4c        0x8 /home/trees/src/github.mcush/ST/STM32F10x_StdPeriph_Driver/src/stm32f10x_tim.o
                0x0000000008000e4c                TIM_SetCompare4
 .text.USART_Init
                0x0000000008000e54       0xbc /home/trees/src/github.mcush/ST/STM32F10x_StdPeriph_Driver/src/stm32f10x_usart.o
                0x0000000008000e54                USART_Init
 .text.USART_Cmd
                0x0000000008000f10       0x1c /home/trees/src/github.mcush/ST/STM32F10x_StdPeriph_Driver/src/stm32f10x_usart.o
                0x0000000008000f10                USART_Cmd
 .text.USART_ITConfig
                0x0000000008000f2c       0x3c /home/trees/src/github.mcush/ST/STM32F10x_StdPeriph_Driver/src/stm32f10x_usart.o
                0x0000000008000f2c                USART_ITConfig
 .text.USART_SendData
                0x0000000008000f68        0x8 /home/trees/src/github.mcush/ST/STM32F10x_StdPeriph_Driver/src/stm32f10x_usart.o
                0x0000000008000f68                USART_SendData
 .text.USART_ReceiveData
                0x0000000008000f70        0x8 /home/trees/src/github.mcush/ST/STM32F10x_StdPeriph_Driver/src/stm32f10x_usart.o
                0x0000000008000f70                USART_ReceiveData
 .text.USART_ClearFlag
                0x0000000008000f78        0x8 /home/trees/src/github.mcush/ST/STM32F10x_StdPeriph_Driver/src/stm32f10x_usart.o
                0x0000000008000f78                USART_ClearFlag
 .text.USART_GetITStatus
                0x0000000008000f80       0x4c /home/trees/src/github.mcush/ST/STM32F10x_StdPeriph_Driver/src/stm32f10x_usart.o
                0x0000000008000f80                USART_GetITStatus
 .text.USART_ClearITPendingBit
                0x0000000008000fcc       0x10 /home/trees/src/github.mcush/ST/STM32F10x_StdPeriph_Driver/src/stm32f10x_usart.o
                0x0000000008000fcc                USART_ClearITPendingBit
 .text.hal_platform_reset
                0x0000000008000fdc       0x28 /home/trees/src/github.mcush/halstm32f103c8_xtw/hal_platform.o
                0x0000000008000fdc                hal_platform_reset
 .text.hal_platform_init
                0x0000000008001004        0x4 /home/trees/src/github.mcush/halstm32f103c8_xtw/hal_platform.o
                0x0000000008001004                hal_platform_init
 .text.hal_init
                0x0000000008001008       0x28 /home/trees/src/github.mcush/halstm32f103c8_xtw/common/hal.o
                0x0000000008001008                hal_init
 .text.hal_led_init
                0x0000000008001030       0x1c /home/trees/src/github.mcush/halstm32f103c8_xtw/common/hal_led.o
                0x0000000008001030                hal_led_init
 .text.hal_led_get_num
                0x000000000800104c        0x4 /home/trees/src/github.mcush/halstm32f103c8_xtw/common/hal_led.o
                0x000000000800104c                hal_led_get_num
 .text.hal_led_set
                0x0000000008001050        0xc /home/trees/src/github.mcush/halstm32f103c8_xtw/common/hal_led.o
                0x0000000008001050                hal_led_set
 .text.hal_led_clr
                0x000000000800105c        0xc /home/trees/src/github.mcush/halstm32f103c8_xtw/common/hal_led.o
                0x000000000800105c                hal_led_clr
 .text.hal_led_toggle
                0x0000000008001068        0xc /home/trees/src/github.mcush/halstm32f103c8_xtw/common/hal_led.o
                0x0000000008001068                hal_led_toggle
 .text.hal_led_get
                0x0000000008001074       0x14 /home/trees/src/github.mcush/halstm32f103c8_xtw/common/hal_led.o
                0x0000000008001074                hal_led_get
 .text.hal_get_serial_number
                0x0000000008001088       0x18 /home/trees/src/github.mcush/halstm32f103c8_xtw/common/hal_serial_number.o
                0x0000000008001088                hal_get_serial_number
 .text.NMI_Handler
                0x00000000080010a0        0x4 /home/trees/src/github.mcush/halstm32f103c8_xtw/common/irq_cortex.o
                0x00000000080010a0                NMI_Handler
 .text.HardFault_Handler
                0x00000000080010a4        0x4 /home/trees/src/github.mcush/halstm32f103c8_xtw/common/irq_cortex.o
                0x00000000080010a4                HardFault_Handler
 .text.MemManage_Handler
                0x00000000080010a8        0x4 /home/trees/src/github.mcush/halstm32f103c8_xtw/common/irq_cortex.o
                0x00000000080010a8                MemManage_Handler
 .text.BusFault_Handler
                0x00000000080010ac        0x4 /home/trees/src/github.mcush/halstm32f103c8_xtw/common/irq_cortex.o
                0x00000000080010ac                BusFault_Handler
 .text.UsageFault_Handler
                0x00000000080010b0        0x4 /home/trees/src/github.mcush/halstm32f103c8_xtw/common/irq_cortex.o
                0x00000000080010b0                UsageFault_Handler
 .text.DebugMon_Handler
                0x00000000080010b4        0x4 /home/trees/src/github.mcush/halstm32f103c8_xtw/common/irq_cortex.o
                0x00000000080010b4                DebugMon_Handler
 .text.hal_adc_init
                0x00000000080010b8      0x154 /home/trees/src/github.mcush/halstm32f103c8_xtw/std/hal_adc.o
                0x00000000080010b8                hal_adc_init
 .text.hal_adc_deinit
                0x000000000800120c       0x48 /home/trees/src/github.mcush/halstm32f103c8_xtw/std/hal_adc.o
                0x000000000800120c                hal_adc_deinit
 *fill*         0x0000000008001254        0x4 
 .text.hal_adc_get
                0x0000000008001258       0x38 /home/trees/src/github.mcush/halstm32f103c8_xtw/std/hal_adc.o
                0x0000000008001258                hal_adc_get
 .text.hal_adc_get_num
                0x0000000008001290        0x4 /home/trees/src/github.mcush/halstm32f103c8_xtw/std/hal_adc.o
                0x0000000008001290                hal_adc_get_num
 .text.hal_clk_init
                0x0000000008001294        0x8 /home/trees/src/github.mcush/halstm32f103c8_xtw/std/hal_clk.o
                0x0000000008001294                hal_clk_init
 .text.hal_delay_us
                0x000000000800129c       0x94 /home/trees/src/github.mcush/halstm32f103c8_xtw/std/hal_delay.o
                0x000000000800129c                hal_delay_us
 .text.hal_delay_ms
                0x0000000008001330       0x2c /home/trees/src/github.mcush/halstm32f103c8_xtw/std/hal_delay.o
                0x0000000008001330                hal_delay_ms
 .text.hal_gpio_get_port_num
                0x000000000800135c        0x4 /home/trees/src/github.mcush/halstm32f103c8_xtw/std/hal_gpio.o
                0x000000000800135c                hal_gpio_get_port_num
 .text.hal_gpio_init
                0x0000000008001360        0xc /home/trees/src/github.mcush/halstm32f103c8_xtw/std/hal_gpio.o
                0x0000000008001360                hal_gpio_init
 .text.hal_gpio_set_input
                0x000000000800136c       0x50 /home/trees/src/github.mcush/halstm32f103c8_xtw/std/hal_gpio.o
                0x000000000800136c                hal_gpio_set_input
 .text.hal_gpio_set_input_pull
                0x00000000080013bc       0x54 /home/trees/src/github.mcush/halstm32f103c8_xtw/std/hal_gpio.o
                0x00000000080013bc                hal_gpio_set_input_pull
 .text.hal_gpio_set_output
                0x0000000008001410       0x50 /home/trees/src/github.mcush/halstm32f103c8_xtw/std/hal_gpio.o
                0x0000000008001410                hal_gpio_set_output
 .text.hal_gpio_set_output_open_drain
                0x0000000008001460       0x50 /home/trees/src/github.mcush/halstm32f103c8_xtw/std/hal_gpio.o
                0x0000000008001460                hal_gpio_set_output_open_drain
 .text.hal_gpio_set
                0x00000000080014b0       0x10 /home/trees/src/github.mcush/halstm32f103c8_xtw/std/hal_gpio.o
                0x00000000080014b0                hal_gpio_set
 .text.hal_gpio_clr
                0x00000000080014c0       0x10 /home/trees/src/github.mcush/halstm32f103c8_xtw/std/hal_gpio.o
                0x00000000080014c0                hal_gpio_clr
 .text.hal_gpio_toggle
                0x00000000080014d0       0x24 /home/trees/src/github.mcush/halstm32f103c8_xtw/std/hal_gpio.o
                0x00000000080014d0                hal_gpio_toggle
 .text.hal_gpio_get
                0x00000000080014f4       0x18 /home/trees/src/github.mcush/halstm32f103c8_xtw/std/hal_gpio.o
                0x00000000080014f4                hal_gpio_get
 .text.hal_pwm_init
                0x000000000800150c      0x138 /home/trees/src/github.mcush/halstm32f103c8_xtw/std/hal_pwm.o
                0x000000000800150c                hal_pwm_init
 .text.hal_pwm_deinit
                0x0000000008001644       0x28 /home/trees/src/github.mcush/halstm32f103c8_xtw/std/hal_pwm.o
                0x0000000008001644                hal_pwm_deinit
 .text.hal_pwm_set
                0x000000000800166c       0x24 /home/trees/src/github.mcush/halstm32f103c8_xtw/std/hal_pwm.o
                0x000000000800166c                hal_pwm_set
 .text.hal_pwm_get_num
                0x0000000008001690        0x4 /home/trees/src/github.mcush/halstm32f103c8_xtw/std/hal_pwm.o
                0x0000000008001690                hal_pwm_get_num
 .text.hal_wdg_init
                0x0000000008001694       0x1c /home/trees/src/github.mcush/halstm32f103c8_xtw/std/hal_wdg.o
                0x0000000008001694                hal_wdg_init
 .text.hal_wdg_clear
                0x00000000080016b0        0x4 /home/trees/src/github.mcush/halstm32f103c8_xtw/std/hal_wdg.o
                0x00000000080016b0                hal_wdg_clear
 .text.hal_uart_init
                0x00000000080016b4      0x120 /home/trees/src/github.mcush/halstm32f103c8_xtw/std/uart/hal_uart.o
                0x00000000080016b4                hal_uart_init
 .text.USART1_IRQHandler
                0x00000000080017d4       0xc8 /home/trees/src/github.mcush/halstm32f103c8_xtw/std/uart/hal_uart.o
                0x00000000080017d4                USART1_IRQHandler
 .text.shell_driver_init
                0x000000000800189c        0x4 /home/trees/src/github.mcush/halstm32f103c8_xtw/std/uart/hal_uart.o
                0x000000000800189c                shell_driver_init
 .text.shell_driver_reset
                0x00000000080018a0       0x24 /home/trees/src/github.mcush/halstm32f103c8_xtw/std/uart/hal_uart.o
                0x00000000080018a0                shell_driver_reset
 .text.shell_driver_read_char
                0x00000000080018c4       0x24 /home/trees/src/github.mcush/halstm32f103c8_xtw/std/uart/hal_uart.o
                0x00000000080018c4                shell_driver_read_char
 .text.shell_driver_read_char_blocked
                0x00000000080018e8       0x20 /home/trees/src/github.mcush/halstm32f103c8_xtw/std/uart/hal_uart.o
                0x00000000080018e8                shell_driver_read_char_blocked
 .text.shell_driver_write
                0x0000000008001908       0x68 /home/trees/src/github.mcush/halstm32f103c8_xtw/std/uart/hal_uart.o
                0x0000000008001908                shell_driver_write
 .text.shell_driver_write_char
                0x0000000008001970       0x44 /home/trees/src/github.mcush/halstm32f103c8_xtw/std/uart/hal_uart.o
                0x0000000008001970                shell_driver_write_char
 .text.base64_init_encodestate
                0x00000000080019b4        0xc /home/trees/src/github.mcush/mcush/mcush_base64.o
                0x00000000080019b4                base64_init_encodestate
 .text.base64_encode_block
                0x00000000080019c0       0xc8 /home/trees/src/github.mcush/mcush/mcush_base64.o
                0x00000000080019c0                base64_encode_block
 .text.base64_encode_blockend
                0x0000000008001a88       0x5c /home/trees/src/github.mcush/mcush/mcush_base64.o
                0x0000000008001a88                base64_encode_blockend
 .text.base64_init_decodestate
                0x0000000008001ae4        0x8 /home/trees/src/github.mcush/mcush/mcush_base64.o
                0x0000000008001ae4                base64_init_decodestate
 .text.base64_decode_block
                0x0000000008001aec      0x114 /home/trees/src/github.mcush/mcush/mcush_base64.o
                0x0000000008001aec                base64_decode_block
 .text.vApplicationTickHook
                0x0000000008001c00        0x4 /home/trees/src/github.mcush/mcush/mcush_hook.o
                0x0000000008001c00                vApplicationTickHook
 .text.vApplicationIdleHook
                0x0000000008001c04        0x4 /home/trees/src/github.mcush/mcush/mcush_hook.o
                0x0000000008001c04                vApplicationIdleHook
 .text.parse_int
                0x0000000008001c08       0x40 /home/trees/src/github.mcush/mcush/mcush_lib.o
                0x0000000008001c08                parse_int
 .text.hexlify  0x0000000008001c48       0x54 /home/trees/src/github.mcush/mcush/mcush_lib.o
                0x0000000008001c48                hexlify
 .text.mcush_opt_parser_init
                0x0000000008001c9c       0x1c /home/trees/src/github.mcush/mcush/mcush_opt.o
                0x0000000008001c9c                mcush_opt_parser_init
 .text.mcush_opt_parser_next
                0x0000000008001cb8      0x234 /home/trees/src/github.mcush/mcush/mcush_opt.o
                0x0000000008001cb8                mcush_opt_parser_next
 .text.mcush_opt_usage_print
                0x0000000008001eec      0x1bc /home/trees/src/github.mcush/mcush/mcush_opt.o
                0x0000000008001eec                mcush_opt_usage_print
 .text.mcush_opt_check_invalid_argument
                0x00000000080020a8       0x54 /home/trees/src/github.mcush/mcush/mcush_opt.o
                0x00000000080020a8                mcush_opt_check_invalid_argument
 .text.prints   0x00000000080020fc      0x140 /home/trees/src/github.mcush/mcush/mcush_printf2.o
 .text.printi   0x000000000800223c      0x108 /home/trees/src/github.mcush/mcush/mcush_printf2.o
 .text.print    0x0000000008002344      0x814 /home/trees/src/github.mcush/mcush/mcush_printf2.o
 .text.vsprintf
                0x0000000008002b58       0x20 /home/trees/src/github.mcush/mcush/mcush_printf2.o
                0x0000000008002b58                vsprintf
 .text._sbrk    0x0000000008002b78       0x30 /home/trees/src/github.mcush/mcush/mcush_stub.o
                0x0000000008002b78                _sbrk
 .text._halt    0x0000000008002ba8       0x3c /home/trees/src/github.mcush/mcush/mcush_stub.o
                0x0000000008002ba8                _halt
 .text.mcush_init
                0x0000000008002be4       0x84 /home/trees/src/github.mcush/mcush/mcush_task.o
                0x0000000008002be4                mcush_init
 .text.mcush_start
                0x0000000008002c68       0x88 /home/trees/src/github.mcush/mcush/mcush_task.o
                0x0000000008002c68                mcush_start
 .text.mcush_mount
                0x0000000008002cf0       0x88 /home/trees/src/github.mcush/mcush/mcush_vfs.o
                0x0000000008002cf0                mcush_mount
 .text.get_mount_point
                0x0000000008002d78       0x58 /home/trees/src/github.mcush/mcush/mcush_vfs.o
                0x0000000008002d78                get_mount_point
 .text.get_file_name
                0x0000000008002dd0       0x5c /home/trees/src/github.mcush/mcush/mcush_vfs.o
                0x0000000008002dd0                get_file_name
 .text.mcush_size
                0x0000000008002e2c       0xf0 /home/trees/src/github.mcush/mcush/mcush_vfs.o
                0x0000000008002e2c                mcush_size
 .text.mcush_open
                0x0000000008002f1c      0x184 /home/trees/src/github.mcush/mcush/mcush_vfs.o
                0x0000000008002f1c                mcush_open
 .text.mcush_read
                0x00000000080030a0       0x84 /home/trees/src/github.mcush/mcush/mcush_vfs.o
                0x00000000080030a0                mcush_read
 .text.mcush_write
                0x0000000008003124       0x54 /home/trees/src/github.mcush/mcush/mcush_vfs.o
                0x0000000008003124                mcush_write
 .text.mcush_close
                0x0000000008003178       0x50 /home/trees/src/github.mcush/mcush/mcush_vfs.o
                0x0000000008003178                mcush_close
 .text.mcush_list
                0x00000000080031c8      0x134 /home/trees/src/github.mcush/mcush/mcush_vfs.o
                0x00000000080031c8                mcush_list
 .text.mcush_romfs_umount
                0x00000000080032fc        0x4 /home/trees/src/github.mcush/mcush/mcush_vfs_romfs.o
                0x00000000080032fc                mcush_romfs_umount
 .text.mcush_romfs_info
                0x0000000008003300        0xc /home/trees/src/github.mcush/mcush/mcush_vfs_romfs.o
                0x0000000008003300                mcush_romfs_info
 .text.mcush_romfs_format
                0x000000000800330c        0x4 /home/trees/src/github.mcush/mcush/mcush_vfs_romfs.o
                0x000000000800330c                mcush_romfs_format
 .text.mcush_romfs_check
                0x0000000008003310        0x4 /home/trees/src/github.mcush/mcush/mcush_vfs_romfs.o
                0x0000000008003310                mcush_romfs_check
 .text.mcush_romfs_remove
                0x0000000008003314        0x4 /home/trees/src/github.mcush/mcush/mcush_vfs_romfs.o
                0x0000000008003314                mcush_romfs_remove
 .text.mcush_romfs_rename
                0x0000000008003318        0x4 /home/trees/src/github.mcush/mcush/mcush_vfs_romfs.o
                0x0000000008003318                mcush_romfs_rename
 .text.mcush_romfs_write
                0x000000000800331c        0x8 /home/trees/src/github.mcush/mcush/mcush_vfs_romfs.o
                0x000000000800331c                mcush_romfs_write
 .text.mcush_romfs_seek
                0x0000000008003324       0x44 /home/trees/src/github.mcush/mcush/mcush_vfs_romfs.o
                0x0000000008003324                mcush_romfs_seek
 .text.mcush_romfs_flush
                0x0000000008003368        0x4 /home/trees/src/github.mcush/mcush/mcush_vfs_romfs.o
                0x0000000008003368                mcush_romfs_flush
 .text.mcush_romfs_close
                0x000000000800336c       0x14 /home/trees/src/github.mcush/mcush/mcush_vfs_romfs.o
                0x000000000800336c                mcush_romfs_close
 .text.mcush_romfs_mount
                0x0000000008003380       0x24 /home/trees/src/github.mcush/mcush/mcush_vfs_romfs.o
                0x0000000008003380                mcush_romfs_mount
 .text.mcush_romfs_open
                0x00000000080033a4       0x54 /home/trees/src/github.mcush/mcush/mcush_vfs_romfs.o
                0x00000000080033a4                mcush_romfs_open
 .text.mcush_romfs_size
                0x00000000080033f8       0x30 /home/trees/src/github.mcush/mcush/mcush_vfs_romfs.o
                0x00000000080033f8                mcush_romfs_size
 .text.mcush_romfs_read
                0x0000000008003428       0x48 /home/trees/src/github.mcush/mcush/mcush_vfs_romfs.o
                0x0000000008003428                mcush_romfs_read
 .text.mcush_romfs_list
                0x0000000008003470       0x34 /home/trees/src/github.mcush/mcush/mcush_vfs_romfs.o
                0x0000000008003470                mcush_romfs_list
 .text.cmd_help
                0x00000000080034a4       0x94 /home/trees/src/github.mcush/mcush/shell_commands.o
                0x00000000080034a4                cmd_help
 .text.cmd_loop
                0x0000000008003538      0x13c /home/trees/src/github.mcush/mcush/shell_commands.o
                0x0000000008003538                cmd_loop
 .text.i2c_write_byte
                0x0000000008003674       0x94 /home/trees/src/github.mcush/mcush/shell_commands_emu.o
 .text.emu_i2c_init
                0x0000000008003708       0x9c /home/trees/src/github.mcush/mcush/shell_commands_emu.o
                0x0000000008003708                emu_i2c_init
 .text.emu_i2c_write
                0x00000000080037a4      0x230 /home/trees/src/github.mcush/mcush/shell_commands_emu.o
                0x00000000080037a4                emu_i2c_write
 .text.cmd_i2c  0x00000000080039d4      0x310 /home/trees/src/github.mcush/mcush/shell_commands_emu.o
                0x00000000080039d4                cmd_i2c
 .text.emu_spi_init
                0x0000000008003ce4       0xb8 /home/trees/src/github.mcush/mcush/shell_commands_emu.o
                0x0000000008003ce4                emu_spi_init
 .text.emu_spi_write
                0x0000000008003d9c      0x19c /home/trees/src/github.mcush/mcush/shell_commands_emu.o
                0x0000000008003d9c                emu_spi_write
 .text.cmd_spi  0x0000000008003f38      0x3cc /home/trees/src/github.mcush/mcush/shell_commands_emu.o
                0x0000000008003f38                cmd_spi
 .text.cb_print_file
                0x0000000008004304       0x2c /home/trees/src/github.mcush/mcush/shell_commands_fs.o
                0x0000000008004304                cb_print_file
 .text.cmd_cat  0x0000000008004330      0x2a8 /home/trees/src/github.mcush/mcush/shell_commands_fs.o
                0x0000000008004330                cmd_cat
 .text.cmd_list
                0x00000000080045d8      0x140 /home/trees/src/github.mcush/mcush/shell_commands_fs.o
                0x00000000080045d8                cmd_list
 .text.cmd_gpio
                0x0000000008004718      0x434 /home/trees/src/github.mcush/mcush/shell_commands_hal.o
                0x0000000008004718                cmd_gpio
 .text.cmd_led  0x0000000008004b4c      0x1b8 /home/trees/src/github.mcush/mcush/shell_commands_hal.o
                0x0000000008004b4c                cmd_led
 .text.cmd_pwm  0x0000000008004d04      0x1c4 /home/trees/src/github.mcush/mcush/shell_commands_hal.o
                0x0000000008004d04                cmd_pwm
 .text.cmd_adc  0x0000000008004ec8      0x240 /home/trees/src/github.mcush/mcush/shell_commands_hal.o
                0x0000000008004ec8                cmd_adc
 .text.cmd_scpi_idn
                0x0000000008005108       0x48 /home/trees/src/github.mcush/mcush/shell_commands_scpi.o
                0x0000000008005108                cmd_scpi_idn
 .text.cmd_scpi_rst
                0x0000000008005150        0xc /home/trees/src/github.mcush/mcush/shell_commands_scpi.o
                0x0000000008005150                cmd_scpi_rst
 .text.shell_split_cmdline_into_argvs
                0x000000000800515c      0x114 /home/trees/src/github.mcush/mcush/shell_core.o
 .text.shell_read
                0x0000000008005270       0x60 /home/trees/src/github.mcush/mcush/shell_core.o
                0x0000000008005270                shell_read
 .text.shell_write_char
                0x00000000080052d0       0x2c /home/trees/src/github.mcush/mcush/shell_core.o
                0x00000000080052d0                shell_write_char
 .text.shell_process_char
                0x00000000080052fc      0x610 /home/trees/src/github.mcush/mcush/shell_core.o
 .text.shell_write
                0x000000000800590c       0x20 /home/trees/src/github.mcush/mcush/shell_core.o
                0x000000000800590c                shell_write
 .text.shell_write_str
                0x000000000800592c       0x2c /home/trees/src/github.mcush/mcush/shell_core.o
                0x000000000800592c                shell_write_str
 .text.shell_write_line
                0x0000000008005958       0x44 /home/trees/src/github.mcush/mcush/shell_core.o
                0x0000000008005958                shell_write_line
 .text.shell_write_err
                0x000000000800599c       0x5c /home/trees/src/github.mcush/mcush/shell_core.o
                0x000000000800599c                shell_write_err
 .text.shell_printf
                0x00000000080059f8       0x44 /home/trees/src/github.mcush/mcush/shell_core.o
                0x00000000080059f8                shell_printf
 .text.shell_write_hex
                0x0000000008005a3c        0xc /home/trees/src/github.mcush/mcush/shell_core.o
                0x0000000008005a3c                shell_write_hex
 .text.shell_add_cmd_table
                0x0000000008005a48       0x3c /home/trees/src/github.mcush/mcush/shell_core.o
                0x0000000008005a48                shell_add_cmd_table
 .text.shell_get_prompt
                0x0000000008005a84       0x30 /home/trees/src/github.mcush/mcush/shell_core.o
                0x0000000008005a84                shell_get_prompt
 .text.shell_get_cmd_by_name
                0x0000000008005ab4       0x80 /home/trees/src/github.mcush/mcush/shell_core.o
                0x0000000008005ab4                shell_get_cmd_by_name
 .text.shell_print_help
                0x0000000008005b34      0x1a4 /home/trees/src/github.mcush/mcush/shell_core.o
                0x0000000008005b34                shell_print_help
 .text.shell_init
                0x0000000008005cd8       0x28 /home/trees/src/github.mcush/mcush/shell_core.o
                0x0000000008005cd8                shell_init
 .text.shell_read_multi_lines
                0x0000000008005d00      0x21c /home/trees/src/github.mcush/mcush/shell_core.o
                0x0000000008005d00                shell_read_multi_lines
 .text.shell_run
                0x0000000008005f1c      0x278 /home/trees/src/github.mcush/mcush/shell_core.o
                0x0000000008005f1c                shell_run
 .text.vListInitialise
                0x0000000008006194       0x18 /home/trees/src/github.mcush/libFreeRTOS/list.o
                0x0000000008006194                vListInitialise
 .text.vListInitialiseItem
                0x00000000080061ac        0x8 /home/trees/src/github.mcush/libFreeRTOS/list.o
                0x00000000080061ac                vListInitialiseItem
 .text.vListInsertEnd
                0x00000000080061b4       0x18 /home/trees/src/github.mcush/libFreeRTOS/list.o
                0x00000000080061b4                vListInsertEnd
 .text.vListInsert
                0x00000000080061cc       0x34 /home/trees/src/github.mcush/libFreeRTOS/list.o
                0x00000000080061cc                vListInsert
 .text.uxListRemove
                0x0000000008006200       0x28 /home/trees/src/github.mcush/libFreeRTOS/list.o
                0x0000000008006200                uxListRemove
 .text.unlikely.prvCopyDataToQueue
                0x0000000008006228       0x74 /home/trees/src/github.mcush/libFreeRTOS/queue.o
 .text.unlikely.prvCopyDataFromQueue
                0x000000000800629c       0x28 /home/trees/src/github.mcush/libFreeRTOS/queue.o
 .text.prvUnlockQueue
                0x00000000080062c4       0x98 /home/trees/src/github.mcush/libFreeRTOS/queue.o
 .text.xQueueGenericReset
                0x000000000800635c       0x90 /home/trees/src/github.mcush/libFreeRTOS/queue.o
                0x000000000800635c                xQueueGenericReset
 .text.xQueueGenericCreate
                0x00000000080063ec       0x84 /home/trees/src/github.mcush/libFreeRTOS/queue.o
                0x00000000080063ec                xQueueGenericCreate
 .text.xQueueGenericSend
                0x0000000008006470      0x2b0 /home/trees/src/github.mcush/libFreeRTOS/queue.o
                0x0000000008006470                xQueueGenericSend
 .text.xQueueGenericSendFromISR
                0x0000000008006720       0xc8 /home/trees/src/github.mcush/libFreeRTOS/queue.o
                0x0000000008006720                xQueueGenericSendFromISR
 .text.xQueueReceive
                0x00000000080067e8      0x310 /home/trees/src/github.mcush/libFreeRTOS/queue.o
                0x00000000080067e8                xQueueReceive
 .text.xQueueReceiveFromISR
                0x0000000008006af8       0xa0 /home/trees/src/github.mcush/libFreeRTOS/queue.o
                0x0000000008006af8                xQueueReceiveFromISR
 .text.vQueueAddToRegistry
                0x0000000008006b98       0x58 /home/trees/src/github.mcush/libFreeRTOS/queue.o
                0x0000000008006b98                vQueueAddToRegistry
 .text.prvIdleTask
                0x0000000008006bf0       0x74 /home/trees/src/github.mcush/libFreeRTOS/tasks.o
 .text.prvAddCurrentTaskToDelayedList
                0x0000000008006c64       0x90 /home/trees/src/github.mcush/libFreeRTOS/tasks.o
 .text.xTaskCreate
                0x0000000008006cf4      0x208 /home/trees/src/github.mcush/libFreeRTOS/tasks.o
                0x0000000008006cf4                xTaskCreate
 .text.vTaskStartScheduler
                0x0000000008006efc      0x200 /home/trees/src/github.mcush/libFreeRTOS/tasks.o
                0x0000000008006efc                vTaskStartScheduler
 .text.vTaskSuspendAll
                0x00000000080070fc       0x10 /home/trees/src/github.mcush/libFreeRTOS/tasks.o
                0x00000000080070fc                vTaskSuspendAll
 .text.xTaskGetTickCount
                0x000000000800710c        0xc /home/trees/src/github.mcush/libFreeRTOS/tasks.o
                0x000000000800710c                xTaskGetTickCount
 .text.xTaskIncrementTick
                0x0000000008007118      0x164 /home/trees/src/github.mcush/libFreeRTOS/tasks.o
                0x0000000008007118                xTaskIncrementTick
 .text.xTaskResumeAll
                0x000000000800727c      0x11c /home/trees/src/github.mcush/libFreeRTOS/tasks.o
                0x000000000800727c                xTaskResumeAll
 .text.vTaskDelay
                0x0000000008007398       0x4c /home/trees/src/github.mcush/libFreeRTOS/tasks.o
                0x0000000008007398                vTaskDelay
 .text.vTaskSwitchContext
                0x00000000080073e4       0x70 /home/trees/src/github.mcush/libFreeRTOS/tasks.o
                0x00000000080073e4                vTaskSwitchContext
 .text.vTaskPlaceOnEventList
                0x0000000008007454       0xa4 /home/trees/src/github.mcush/libFreeRTOS/tasks.o
                0x0000000008007454                vTaskPlaceOnEventList
 .text.xTaskRemoveFromEventList
                0x00000000080074f8       0x88 /home/trees/src/github.mcush/libFreeRTOS/tasks.o
                0x00000000080074f8                xTaskRemoveFromEventList
 .text.vTaskInternalSetTimeOutState
                0x0000000008007580       0x18 /home/trees/src/github.mcush/libFreeRTOS/tasks.o
                0x0000000008007580                vTaskInternalSetTimeOutState
 .text.xTaskCheckForTimeOut
                0x0000000008007598       0x98 /home/trees/src/github.mcush/libFreeRTOS/tasks.o
                0x0000000008007598                xTaskCheckForTimeOut
 .text.vTaskMissedYield
                0x0000000008007630        0xc /home/trees/src/github.mcush/libFreeRTOS/tasks.o
                0x0000000008007630                vTaskMissedYield
 .text.xTaskGetSchedulerState
                0x000000000800763c       0x20 /home/trees/src/github.mcush/libFreeRTOS/tasks.o
                0x000000000800763c                xTaskGetSchedulerState
 .text.xTaskPriorityDisinherit
                0x000000000800765c       0xb4 /home/trees/src/github.mcush/libFreeRTOS/tasks.o
                0x000000000800765c                xTaskPriorityDisinherit
 .text.pvPortMalloc
                0x0000000008007710       0x18 /home/trees/src/github.mcush/libFreeRTOS/portable/MemMang/heap_3.o
                0x0000000008007710                pvPortMalloc
 .text.vPortFree
                0x0000000008007728       0x1c /home/trees/src/github.mcush/libFreeRTOS/portable/MemMang/heap_3.o
                0x0000000008007728                vPortFree
 .text.prvTaskExitError
                0x0000000008007744       0x40 /home/trees/src/github.mcush/libFreeRTOS/portable/GCC/ARM_CM3/port.o
 .text.unlikely.prvPortStartFirstTask
                0x0000000008007784       0x20 /home/trees/src/github.mcush/libFreeRTOS/portable/GCC/ARM_CM3/port.o
 .text.pxPortInitialiseStack
                0x00000000080077a4       0x24 /home/trees/src/github.mcush/libFreeRTOS/portable/GCC/ARM_CM3/port.o
                0x00000000080077a4                pxPortInitialiseStack
 *fill*         0x00000000080077c8        0x8 
 .text.SVC_Handler
                0x00000000080077d0       0x24 /home/trees/src/github.mcush/libFreeRTOS/portable/GCC/ARM_CM3/port.o
                0x00000000080077d0                SVC_Handler
 .text.vPortEnterCritical
                0x00000000080077f4       0x44 /home/trees/src/github.mcush/libFreeRTOS/portable/GCC/ARM_CM3/port.o
                0x00000000080077f4                vPortEnterCritical
 .text.vPortExitCritical
                0x0000000008007838       0x28 /home/trees/src/github.mcush/libFreeRTOS/portable/GCC/ARM_CM3/port.o
                0x0000000008007838                vPortExitCritical
 .text.PendSV_Handler
                0x0000000008007860       0x44 /home/trees/src/github.mcush/libFreeRTOS/portable/GCC/ARM_CM3/port.o
                0x0000000008007860                PendSV_Handler
 .text.SysTick_Handler
                0x00000000080078a4       0x2c /home/trees/src/github.mcush/libFreeRTOS/portable/GCC/ARM_CM3/port.o
                0x00000000080078a4                SysTick_Handler
 .text.vPortSetupTimerInterrupt
                0x00000000080078d0       0x34 /home/trees/src/github.mcush/libFreeRTOS/portable/GCC/ARM_CM3/port.o
                0x00000000080078d0                vPortSetupTimerInterrupt
 .text.xPortStartScheduler
                0x0000000008007904       0xbc /home/trees/src/github.mcush/libFreeRTOS/portable/GCC/ARM_CM3/port.o
                0x0000000008007904                xPortStartScheduler
 .text.vPortValidateInterruptPriority
                0x00000000080079c0       0x5c /home/trees/src/github.mcush/libFreeRTOS/portable/GCC/ARM_CM3/port.o
                0x00000000080079c0                vPortValidateInterruptPriority
 .text.startup.main
                0x0000000008007a1c       0x10 main.o
                0x0000000008007a1c                main
 .text.cmd_error
                0x0000000008007a2c       0xd0 task_blink.o
                0x0000000008007a2c                cmd_error
 .text.task_blink_entry
                0x0000000008007afc       0xe4 task_blink.o
                0x0000000008007afc                task_blink_entry
 .text.set_errno
                0x0000000008007be0       0x10 task_blink.o
                0x0000000008007be0                set_errno
 .text.task_blink_init
                0x0000000008007bf0       0x40 task_blink.o
                0x0000000008007bf0                task_blink_init
 .text.__signbitf
                0x0000000008007c30        0x4 /usr/lib/gcc/arm-none-eabi/4.9.3/../../../arm-none-eabi/lib/armv7-m/libm.a(lib_a-s_signbit.o)
                0x0000000008007c30                __signbitf
 .text.__fpclassifyf
                0x0000000008007c34       0x34 /usr/lib/gcc/arm-none-eabi/4.9.3/../../../arm-none-eabi/lib/armv7-m/libm.a(lib_a-sf_fpclassify.o)
                0x0000000008007c34                __fpclassifyf
 .text          0x0000000008007c68      0x370 /usr/lib/gcc/arm-none-eabi/4.9.3/armv7-m/libgcc.a(_arm_addsubdf3.o)
                0x0000000008007c68                __aeabi_drsub
                0x0000000008007c70                __aeabi_dsub
                0x0000000008007c70                __subdf3
                0x0000000008007c74                __adddf3
                0x0000000008007c74                __aeabi_dadd
                0x0000000008007eec                __aeabi_ui2d
                0x0000000008007eec                __floatunsidf
                0x0000000008007f0c                __floatsidf
                0x0000000008007f0c                __aeabi_i2d
                0x0000000008007f30                __extendsfdf2
                0x0000000008007f30                __aeabi_f2d
                0x0000000008007f6c                __aeabi_ul2d
                0x0000000008007f6c                __floatundidf
                0x0000000008007f7c                __floatdidf
                0x0000000008007f7c                __aeabi_l2d
 .text          0x0000000008007fd8      0x424 /usr/lib/gcc/arm-none-eabi/4.9.3/armv7-m/libgcc.a(_arm_muldivdf3.o)
                0x0000000008007fd8                __aeabi_dmul
                0x0000000008007fd8                __muldf3
                0x000000000800822c                __aeabi_ddiv
                0x000000000800822c                __divdf3
 .text          0x00000000080083fc      0x110 /usr/lib/gcc/arm-none-eabi/4.9.3/armv7-m/libgcc.a(_arm_cmpdf2.o)
                0x00000000080083fc                __gtdf2
                0x00000000080083fc                __gedf2
                0x0000000008008404                __ltdf2
                0x0000000008008404                __ledf2
                0x000000000800840c                __cmpdf2
                0x000000000800840c                __eqdf2
                0x000000000800840c                __nedf2
                0x0000000008008488                __aeabi_cdrcmple
                0x0000000008008498                __aeabi_cdcmple
                0x0000000008008498                __aeabi_cdcmpeq
                0x00000000080084a8                __aeabi_dcmpeq
                0x00000000080084bc                __aeabi_dcmplt
                0x00000000080084d0                __aeabi_dcmple
                0x00000000080084e4                __aeabi_dcmpge
                0x00000000080084f8                __aeabi_dcmpgt
 .text          0x000000000800850c       0x40 /usr/lib/gcc/arm-none-eabi/4.9.3/armv7-m/libgcc.a(_arm_fixunsdfsi.o)
                0x000000000800850c                __fixunsdfsi
                0x000000000800850c                __aeabi_d2uiz
 .text          0x000000000800854c       0xa0 /usr/lib/gcc/arm-none-eabi/4.9.3/armv7-m/libgcc.a(_arm_truncdfsf2.o)
                0x000000000800854c                __aeabi_d2f
                0x000000000800854c                __truncdfsf2
 .text          0x00000000080085ec      0x21c /usr/lib/gcc/arm-none-eabi/4.9.3/armv7-m/libgcc.a(_arm_addsubsf3.o)
                0x00000000080085ec                __aeabi_frsub
                0x00000000080085f4                __subsf3
                0x00000000080085f4                __aeabi_fsub
                0x00000000080085f8                __aeabi_fadd
                0x00000000080085f8                __addsf3
                0x0000000008008758                __aeabi_ui2f
                0x0000000008008758                __floatunsisf
                0x0000000008008760                __aeabi_i2f
                0x0000000008008760                __floatsisf
                0x000000000800877c                __floatundisf
                0x000000000800877c                __aeabi_ul2f
                0x000000000800878c                __floatdisf
                0x000000000800878c                __aeabi_l2f
 .text          0x0000000008008808      0x2a0 /usr/lib/gcc/arm-none-eabi/4.9.3/armv7-m/libgcc.a(_arm_muldivsf3.o)
                0x0000000008008808                __mulsf3
                0x0000000008008808                __aeabi_fmul
                0x0000000008008970                __divsf3
                0x0000000008008970                __aeabi_fdiv
 .text          0x0000000008008aa8       0xec /usr/lib/gcc/arm-none-eabi/4.9.3/armv7-m/libgcc.a(_arm_cmpsf2.o)
                0x0000000008008aa8                __gtsf2
                0x0000000008008aa8                __gesf2
                0x0000000008008ab0                __lesf2
                0x0000000008008ab0                __ltsf2
                0x0000000008008ab8                __nesf2
                0x0000000008008ab8                __eqsf2
                0x0000000008008ab8                __cmpsf2
                0x0000000008008b18                __aeabi_cfrcmple
                0x0000000008008b20                __aeabi_cfcmple
                0x0000000008008b20                __aeabi_cfcmpeq
                0x0000000008008b30                __aeabi_fcmpeq
                0x0000000008008b44                __aeabi_fcmplt
                0x0000000008008b58                __aeabi_fcmple
                0x0000000008008b6c                __aeabi_fcmpge
                0x0000000008008b80                __aeabi_fcmpgt
 .text          0x0000000008008b94       0x4c /usr/lib/gcc/arm-none-eabi/4.9.3/armv7-m/libgcc.a(_arm_fixsfsi.o)
                0x0000000008008b94                __fixsfsi
                0x0000000008008b94                __aeabi_f2iz
 .text.malloc   0x0000000008008be0       0x10 /usr/lib/gcc/arm-none-eabi/4.9.3/../../../arm-none-eabi/lib/armv7-m/libc.a(lib_a-malloc.o)
                0x0000000008008be0                malloc
 .text.free     0x0000000008008bf0       0x10 /usr/lib/gcc/arm-none-eabi/4.9.3/../../../arm-none-eabi/lib/armv7-m/libc.a(lib_a-malloc.o)
                0x0000000008008bf0                free
 .text._malloc_r
                0x0000000008008c00      0x50c /usr/lib/gcc/arm-none-eabi/4.9.3/../../../arm-none-eabi/lib/armv7-m/libc.a(lib_a-mallocr.o)
                0x0000000008008c00                _malloc_r
 .text          0x000000000800910c       0xec /usr/lib/gcc/arm-none-eabi/4.9.3/../../../arm-none-eabi/lib/armv7-m/libc.a(lib_a-memcpy.o)
                0x000000000800910c                memcpy
 .text.memmove  0x00000000080091f8       0xc8 /usr/lib/gcc/arm-none-eabi/4.9.3/../../../arm-none-eabi/lib/armv7-m/libc.a(lib_a-memmove.o)
                0x00000000080091f8                memmove
 .text.__malloc_lock
                0x00000000080092c0        0x4 /usr/lib/gcc/arm-none-eabi/4.9.3/../../../arm-none-eabi/lib/armv7-m/libc.a(lib_a-mlock.o)
                0x00000000080092c0                __malloc_lock
 .text.__malloc_unlock
                0x00000000080092c4        0x4 /usr/lib/gcc/arm-none-eabi/4.9.3/../../../arm-none-eabi/lib/armv7-m/libc.a(lib_a-mlock.o)
                0x00000000080092c4                __malloc_unlock
 .text.realloc  0x00000000080092c8       0x10 /usr/lib/gcc/arm-none-eabi/4.9.3/../../../arm-none-eabi/lib/armv7-m/libc.a(lib_a-realloc.o)
                0x00000000080092c8                realloc
 .text._realloc_r
                0x00000000080092d8      0x3e0 /usr/lib/gcc/arm-none-eabi/4.9.3/../../../arm-none-eabi/lib/armv7-m/libc.a(lib_a-reallocr.o)
                0x00000000080092d8                _realloc_r
 .text._sbrk_r  0x00000000080096b8       0x24 /usr/lib/gcc/arm-none-eabi/4.9.3/../../../arm-none-eabi/lib/armv7-m/libc.a(lib_a-sbrkr.o)
                0x00000000080096b8                _sbrk_r
 .text.stpcpy   0x00000000080096dc       0x4c /usr/lib/gcc/arm-none-eabi/4.9.3/../../../arm-none-eabi/lib/armv7-m/libc.a(lib_a-stpcpy.o)
                0x00000000080096dc                stpcpy
 .text          0x0000000008009728      0x1bc /usr/lib/gcc/arm-none-eabi/4.9.3/../../../arm-none-eabi/lib/armv7-m/libc.a(lib_a-strcmp.o)
                0x0000000008009728                strcmp
 .text.strcpy   0x00000000080098e4       0xbc /usr/lib/gcc/arm-none-eabi/4.9.3/../../../arm-none-eabi/lib/armv7-m/libc.a(lib_a-strcpy.o)
                0x00000000080098e4                strcpy
 .text.strlen   0x00000000080099a0       0x5c /usr/lib/gcc/arm-none-eabi/4.9.3/../../../arm-none-eabi/lib/armv7-m/libc.a(lib_a-strlen.o)
                0x00000000080099a0                strlen
 .text.strncmp  0x00000000080099fc       0x94 /usr/lib/gcc/arm-none-eabi/4.9.3/../../../arm-none-eabi/lib/armv7-m/libc.a(lib_a-strncmp.o)
                0x00000000080099fc                strncmp
 .text.strrchr  0x0000000008009a90       0x24 /usr/lib/gcc/arm-none-eabi/4.9.3/../../../arm-none-eabi/lib/armv7-m/libc.a(lib_a-strrchr.o)
                0x0000000008009a90                strrchr
 .text._strtol_r
                0x0000000008009ab4      0x11c /usr/lib/gcc/arm-none-eabi/4.9.3/../../../arm-none-eabi/lib/armv7-m/libc.a(lib_a-strtol.o)
                0x0000000008009ab4                _strtol_r
 .text.strtol   0x0000000008009bd0       0x18 /usr/lib/gcc/arm-none-eabi/4.9.3/../../../arm-none-eabi/lib/armv7-m/libc.a(lib_a-strtol.o)
                0x0000000008009bd0                strtol
 .text.strtoll  0x0000000008009be8       0x18 /usr/lib/gcc/arm-none-eabi/4.9.3/../../../arm-none-eabi/lib/armv7-m/libc.a(lib_a-strtoll.o)
                0x0000000008009be8                strtoll
 .text._strtoll_r
                0x0000000008009c00      0x1cc /usr/lib/gcc/arm-none-eabi/4.9.3/../../../arm-none-eabi/lib/armv7-m/libc.a(lib_a-strtoll_r.o)
                0x0000000008009c00                _strtoll_r
 .text._malloc_trim_r
                0x0000000008009dcc       0x9c /usr/lib/gcc/arm-none-eabi/4.9.3/../../../arm-none-eabi/lib/armv7-m/libc.a(lib_a-freer.o)
                0x0000000008009dcc                _malloc_trim_r
 .text._free_r  0x0000000008009e68      0x1b0 /usr/lib/gcc/arm-none-eabi/4.9.3/../../../arm-none-eabi/lib/armv7-m/libc.a(lib_a-freer.o)
                0x0000000008009e68                _free_r
 .text.strchr   0x000000000800a018       0xcc /usr/lib/gcc/arm-none-eabi/4.9.3/../../../arm-none-eabi/lib/armv7-m/libc.a(lib_a-strchr.o)
                0x000000000800a018                strchr
 .text          0x000000000800a0e4       0x30 /usr/lib/gcc/arm-none-eabi/4.9.3/armv7-m/libgcc.a(_aeabi_uldivmod.o)
                0x000000000800a0e4                __aeabi_uldivmod
 .text          0x000000000800a114       0x60 /usr/lib/gcc/arm-none-eabi/4.9.3/armv7-m/libgcc.a(bpabi.o)
                0x000000000800a114                __gnu_ldivmod_helper
                0x000000000800a144                __gnu_uldivmod_helper
 .text          0x000000000800a174        0x4 /usr/lib/gcc/arm-none-eabi/4.9.3/armv7-m/libgcc.a(_dvmd_tls.o)
                0x000000000800a174                __aeabi_ldiv0
                0x000000000800a174                __aeabi_idiv0
 .text          0x000000000800a178      0x2ac /usr/lib/gcc/arm-none-eabi/4.9.3/armv7-m/libgcc.a(_divdi3.o)
                0x000000000800a178                __divdi3
 .text          0x000000000800a424      0x270 /usr/lib/gcc/arm-none-eabi/4.9.3/armv7-m/libgcc.a(_udivdi3.o)
                0x000000000800a424                __udivdi3
 *(.rodata*)
 .rodata.str1.4
                0x000000000800a694        0x2 /usr/lib/gcc/arm-none-eabi/4.9.3/../../../arm-none-eabi/lib/armv7-m/libc.a(lib_a-impure.o)
                                          0x4 (size before relaxing)
 *fill*         0x000000000800a696        0x2 
 .rodata._adc_pins
                0x000000000800a698        0x4 /home/trees/src/github.mcush/halstm32f103c8_xtw/std/hal_adc.o
 .rodata._adc_ports
                0x000000000800a69c        0x4 /home/trees/src/github.mcush/halstm32f103c8_xtw/std/hal_adc.o
 .rodata.ports  0x000000000800a6a0       0x1c /home/trees/src/github.mcush/halstm32f103c8_xtw/std/hal_gpio.o
                0x000000000800a6a0                ports
 .rodata._pwm_pins
                0x000000000800a6bc        0x4 /home/trees/src/github.mcush/halstm32f103c8_xtw/std/hal_pwm.o
 .rodata._pwm_oc_setcmp
                0x000000000800a6c0       0x10 /home/trees/src/github.mcush/halstm32f103c8_xtw/std/hal_pwm.o
 .rodata._pwm_oc_init
                0x000000000800a6d0       0x10 /home/trees/src/github.mcush/halstm32f103c8_xtw/std/hal_pwm.o
 .rodata._pwm_ports
                0x000000000800a6e0        0x4 /home/trees/src/github.mcush/halstm32f103c8_xtw/std/hal_pwm.o
 .rodata.str1.4
                0x000000000800a6e4        0x8 /home/trees/src/github.mcush/halstm32f103c8_xtw/std/uart/hal_uart.o
 .rodata.encoding.4123
                0x000000000800a6ec       0x41 /home/trees/src/github.mcush/mcush/mcush_base64.o
 *fill*         0x000000000800a72d        0x3 
 .rodata.decoding.4151
                0x000000000800a730       0x50 /home/trees/src/github.mcush/mcush/mcush_base64.o
 .rodata.str1.4
                0x000000000800a780       0xb8 /home/trees/src/github.mcush/mcush/mcush_opt.o
                                         0xc0 (size before relaxing)
 .rodata.str1.4
                0x000000000800a838        0x7 /home/trees/src/github.mcush/mcush/mcush_printf2.o
 *fill*         0x000000000800a83f        0x1 
 .rodata.round_nums
                0x000000000800a840       0x78 /home/trees/src/github.mcush/mcush/mcush_printf2.o
 .rodata.str1.4
                0x000000000800a8b8        0x7 /home/trees/src/github.mcush/mcush/mcush_task.o
                                          0xb (size before relaxing)
 *fill*         0x000000000800a8bf        0x1 
 .rodata.mcush_romfs_driver
                0x000000000800a8c0       0x40 /home/trees/src/github.mcush/mcush/mcush_vfs_romfs.o
                0x000000000800a8c0                mcush_romfs_driver
 .rodata.str1.4
                0x000000000800a900        0xa /home/trees/src/github.mcush/mcush/mcush_vfs_romfs.o
 *fill*         0x000000000800a90a        0x2 
 .rodata.file_readme
                0x000000000800a90c       0x58 /home/trees/src/github.mcush/mcush/mcush_vfs_romfs.o
                0x000000000800a90c                file_readme
 .rodata.romfs_tab
                0x000000000800a964       0x18 /home/trees/src/github.mcush/mcush/mcush_vfs_romfs.o
                0x000000000800a964                romfs_tab
 .rodata.opt_spec.9780
                0x000000000800a97c       0x30 /home/trees/src/github.mcush/mcush/shell_commands.o
 .rodata.opt_spec.9793
                0x000000000800a9ac       0x40 /home/trees/src/github.mcush/mcush/shell_commands.o
 .rodata.str1.4
                0x000000000800a9ec      0x240 /home/trees/src/github.mcush/mcush/shell_commands.o
                                        0x250 (size before relaxing)
 .rodata.CMD_TAB
                0x000000000800ac2c      0x104 /home/trees/src/github.mcush/mcush/shell_commands.o
                0x000000000800ac2c                CMD_TAB
 .rodata.opt_spec.9735
                0x000000000800ad30       0xb0 /home/trees/src/github.mcush/mcush/shell_commands_emu.o
 .rodata.str1.4
                0x000000000800ade0      0x153 /home/trees/src/github.mcush/mcush/shell_commands_emu.o
 *fill*         0x000000000800af33        0x1 
 .rodata.opt_spec.9799
                0x000000000800af34       0xe0 /home/trees/src/github.mcush/mcush/shell_commands_emu.o
 .rodata.opt_spec.9723
                0x000000000800b014       0x20 /home/trees/src/github.mcush/mcush/shell_commands_fs.o
 .rodata.opt_spec.9679
                0x000000000800b034       0x60 /home/trees/src/github.mcush/mcush/shell_commands_fs.o
 .rodata.str1.4
                0x000000000800b094       0x8f /home/trees/src/github.mcush/mcush/shell_commands_fs.o
                                         0x97 (size before relaxing)
 *fill*         0x000000000800b123        0x1 
 .rodata.opt_spec.9714
                0x000000000800b124       0x70 /home/trees/src/github.mcush/mcush/shell_commands_hal.o
 .rodata.opt_spec.9671
                0x000000000800b194       0xb0 /home/trees/src/github.mcush/mcush/shell_commands_hal.o
 .rodata.opt_spec.9746
                0x000000000800b244       0x80 /home/trees/src/github.mcush/mcush/shell_commands_hal.o
 .rodata.str1.4
                0x000000000800b2c4      0x197 /home/trees/src/github.mcush/mcush/shell_commands_hal.o
                                        0x1bf (size before relaxing)
 *fill*         0x000000000800b45b        0x1 
 .rodata.str1.4
                0x000000000800b45c        0x4 /home/trees/src/github.mcush/mcush/shell_commands_scpi.o
 .rodata.str1.4
                0x000000000800b460       0x56 /home/trees/src/github.mcush/mcush/shell_core.o
                                         0x6a (size before relaxing)
 *fill*         0x000000000800b4b6        0x2 
 .rodata.shell_str_read
                0x000000000800b4b8        0x5 /home/trees/src/github.mcush/mcush/shell_str.o
                0x000000000800b4b8                shell_str_read
 *fill*         0x000000000800b4bd        0x3 
 .rodata.shell_str_invert
                0x000000000800b4c0        0x7 /home/trees/src/github.mcush/mcush/shell_str.o
                0x000000000800b4c0                shell_str_invert
 *fill*         0x000000000800b4c7        0x1 
 .rodata.shell_str_address
                0x000000000800b4c8        0x8 /home/trees/src/github.mcush/mcush/shell_str.o
                0x000000000800b4c8                shell_str_address
 .rodata.shell_str_path
                0x000000000800b4d0        0x5 /home/trees/src/github.mcush/mcush/shell_str.o
                0x000000000800b4d0                shell_str_path
 *fill*         0x000000000800b4d5        0x3 
 .rodata.shell_str_width
                0x000000000800b4d8        0x6 /home/trees/src/github.mcush/mcush/shell_str.o
                0x000000000800b4d8                shell_str_width
 *fill*         0x000000000800b4de        0x2 
 .rodata.shell_str_loop
                0x000000000800b4e0        0x5 /home/trees/src/github.mcush/mcush/shell_str.o
                0x000000000800b4e0                shell_str_loop
 *fill*         0x000000000800b4e5        0x3 
 .rodata.shell_str_1
                0x000000000800b4e8        0x2 /home/trees/src/github.mcush/mcush/shell_str.o
                0x000000000800b4e8                shell_str_1
 *fill*         0x000000000800b4ea        0x2 
 .rodata.shell_str_path_name
                0x000000000800b4ec        0xa /home/trees/src/github.mcush/mcush/shell_str.o
                0x000000000800b4ec                shell_str_path_name
 *fill*         0x000000000800b4f6        0x2 
 .rodata.shell_str_on
                0x000000000800b4f8        0x3 /home/trees/src/github.mcush/mcush/shell_str.o
                0x000000000800b4f8                shell_str_on
 *fill*         0x000000000800b4fb        0x1 
 .rodata.shell_str_frequency
                0x000000000800b4fc        0xa /home/trees/src/github.mcush/mcush/shell_str.o
                0x000000000800b4fc                shell_str_frequency
 *fill*         0x000000000800b506        0x2 
 .rodata.shell_str_pulldown
                0x000000000800b508        0x9 /home/trees/src/github.mcush/mcush/shell_str.o
                0x000000000800b508                shell_str_pulldown
 *fill*         0x000000000800b511        0x3 
 .rodata.shell_str_pullup
                0x000000000800b514        0x7 /home/trees/src/github.mcush/mcush/shell_str.o
                0x000000000800b514                shell_str_pullup
 *fill*         0x000000000800b51b        0x1 
 .rodata.shell_str_off
                0x000000000800b51c        0x4 /home/trees/src/github.mcush/mcush/shell_str.o
                0x000000000800b51c                shell_str_off
 .rodata.shell_str_toggle
                0x000000000800b520        0x7 /home/trees/src/github.mcush/mcush/shell_str.o
                0x000000000800b520                shell_str_toggle
 *fill*         0x000000000800b527        0x1 
 .rodata.shell_str_file
                0x000000000800b528        0x5 /home/trees/src/github.mcush/mcush/shell_str.o
                0x000000000800b528                shell_str_file
 *fill*         0x000000000800b52d        0x3 
 .rodata.shell_str_input
                0x000000000800b530        0x6 /home/trees/src/github.mcush/mcush/shell_str.o
                0x000000000800b530                shell_str_input
 *fill*         0x000000000800b536        0x2 
 .rodata.shell_str_append
                0x000000000800b538        0x7 /home/trees/src/github.mcush/mcush/shell_str.o
                0x000000000800b538                shell_str_append
 *fill*         0x000000000800b53f        0x1 
 .rodata.shell_str_test
                0x000000000800b540        0x5 /home/trees/src/github.mcush/mcush/shell_str.o
                0x000000000800b540                shell_str_test
 *fill*         0x000000000800b545        0x3 
 .rodata.shell_str_help
                0x000000000800b548        0x5 /home/trees/src/github.mcush/mcush/shell_str.o
                0x000000000800b548                shell_str_help
 *fill*         0x000000000800b54d        0x3 
 .rodata.shell_str_argument
                0x000000000800b550        0x9 /home/trees/src/github.mcush/mcush/shell_str.o
                0x000000000800b550                shell_str_argument
 *fill*         0x000000000800b559        0x3 
 .rodata.shell_str_nil
                0x000000000800b55c        0x4 /home/trees/src/github.mcush/mcush/shell_str.o
                0x000000000800b55c                shell_str_nil
 .rodata.shell_str_delay
                0x000000000800b560        0x6 /home/trees/src/github.mcush/mcush/shell_str.o
                0x000000000800b560                shell_str_delay
 *fill*         0x000000000800b566        0x2 
 .rodata.shell_str_output
                0x000000000800b568        0x7 /home/trees/src/github.mcush/mcush/shell_str.o
                0x000000000800b568                shell_str_output
 *fill*         0x000000000800b56f        0x1 
 .rodata.shell_str_query
                0x000000000800b570        0x6 /home/trees/src/github.mcush/mcush/shell_str.o
                0x000000000800b570                shell_str_query
 *fill*         0x000000000800b576        0x2 
 .rodata.shell_str_index
                0x000000000800b578        0x6 /home/trees/src/github.mcush/mcush/shell_str.o
                0x000000000800b578                shell_str_index
 *fill*         0x000000000800b57e        0x2 
 .rodata.shell_str_clr
                0x000000000800b580        0x4 /home/trees/src/github.mcush/mcush/shell_str.o
                0x000000000800b580                shell_str_clr
 .rodata.shell_str_deinit
                0x000000000800b584        0x7 /home/trees/src/github.mcush/mcush/shell_str.o
                0x000000000800b584                shell_str_deinit
 *fill*         0x000000000800b58b        0x1 
 .rodata.shell_str_range
                0x000000000800b58c        0x6 /home/trees/src/github.mcush/mcush/shell_str.o
                0x000000000800b58c                shell_str_range
 *fill*         0x000000000800b592        0x2 
 .rodata.shell_str_file_name
                0x000000000800b594        0xa /home/trees/src/github.mcush/mcush/shell_str.o
                0x000000000800b594                shell_str_file_name
 *fill*         0x000000000800b59e        0x2 
 .rodata.shell_str_invalid
                0x000000000800b5a0        0x8 /home/trees/src/github.mcush/mcush/shell_str.o
                0x000000000800b5a0                shell_str_invalid
 .rodata.shell_str_stop
                0x000000000800b5a8        0x5 /home/trees/src/github.mcush/mcush/shell_str.o
                0x000000000800b5a8                shell_str_stop
 *fill*         0x000000000800b5ad        0x3 
 .rodata.shell_str_mcush
                0x000000000800b5b0        0x6 /home/trees/src/github.mcush/mcush/shell_str.o
                0x000000000800b5b0                shell_str_mcush
 *fill*         0x000000000800b5b6        0x2 
 .rodata.shell_str_port_bit
                0x000000000800b5b8        0x9 /home/trees/src/github.mcush/mcush/shell_str.o
                0x000000000800b5b8                shell_str_port_bit
 *fill*         0x000000000800b5c1        0x3 
 .rodata.shell_str_write
                0x000000000800b5c4        0x6 /home/trees/src/github.mcush/mcush/shell_str.o
                0x000000000800b5c4                shell_str_write
 *fill*         0x000000000800b5ca        0x2 
 .rodata.shell_str_set
                0x000000000800b5cc        0x4 /home/trees/src/github.mcush/mcush/shell_str.o
                0x000000000800b5cc                shell_str_set
 .rodata.shell_str_usage
                0x000000000800b5d0        0x6 /home/trees/src/github.mcush/mcush/shell_str.o
                0x000000000800b5d0                shell_str_usage
 *fill*         0x000000000800b5d6        0x2 
 .rodata.shell_str_init
                0x000000000800b5d8        0x5 /home/trees/src/github.mcush/mcush/shell_str.o
                0x000000000800b5d8                shell_str_init
 *fill*         0x000000000800b5dd        0x3 
 .rodata.shell_str_option
                0x000000000800b5e0        0x7 /home/trees/src/github.mcush/mcush/shell_str.o
                0x000000000800b5e0                shell_str_option
 *fill*         0x000000000800b5e7        0x1 
 .rodata.shell_str_index_from_0
                0x000000000800b5e8        0xd /home/trees/src/github.mcush/mcush/shell_str.o
                0x000000000800b5e8                shell_str_index_from_0
 *fill*         0x000000000800b5f5        0x3 
 .rodata.shell_str_data
                0x000000000800b5f8        0x5 /home/trees/src/github.mcush/mcush/shell_str.o
                0x000000000800b5f8                shell_str_data
 *fill*         0x000000000800b5fd        0x3 
 .rodata.shell_str_port
                0x000000000800b600        0x5 /home/trees/src/github.mcush/mcush/shell_str.o
                0x000000000800b600                shell_str_port
 *fill*         0x000000000800b605        0x3 
 .rodata.shell_str_0
                0x000000000800b608        0x2 /home/trees/src/github.mcush/mcush/shell_str.o
                0x000000000800b608                shell_str_0
 *fill*         0x000000000800b60a        0x2 
 .rodata.shell_str_command
                0x000000000800b60c        0x8 /home/trees/src/github.mcush/mcush/shell_str.o
                0x000000000800b60c                shell_str_command
 .rodata.shell_str_parameter
                0x000000000800b614        0xa /home/trees/src/github.mcush/mcush/shell_str.o
                0x000000000800b614                shell_str_parameter
 *fill*         0x000000000800b61e        0x2 
 .rodata.shell_str_number
                0x000000000800b620        0x7 /home/trees/src/github.mcush/mcush/shell_str.o
                0x000000000800b620                shell_str_number
 *fill*         0x000000000800b627        0x1 
 .rodata.shell_str_value
                0x000000000800b628        0x6 /home/trees/src/github.mcush/mcush/shell_str.o
                0x000000000800b628                shell_str_value
 *fill*         0x000000000800b62e        0x2 
 .rodata.opt_spec.9687
                0x000000000800b630       0x30 task_blink.o
 .rodata.str1.4
                0x000000000800b660       0x60 task_blink.o
                                         0x63 (size before relaxing)
 .rodata.cmd_tab_blink
                0x000000000800b6c0       0x28 task_blink.o
                0x000000000800b6c0                cmd_tab_blink
 .rodata._ctype_
                0x000000000800b6e8      0x104 /usr/lib/gcc/arm-none-eabi/4.9.3/../../../arm-none-eabi/lib/armv7-m/libc.a(lib_a-ctype_.o)
                0x000000000800b6e8                _ctype_
                0x000000000800b7ec                . = ALIGN (0x4)
                0x000000000800b7ec                _etext = .
                0x000000000800b7ec                _sidata = .

.vfp11_veneer   0x000000000800b7ec        0x0
 .vfp11_veneer  0x000000000800b7ec        0x0 linker stubs

.v4_bx          0x000000000800b7ec        0x0
 .v4_bx         0x000000000800b7ec        0x0 linker stubs

.iplt           0x000000000800b7ec        0x0
 .iplt          0x000000000800b7ec        0x0 /usr/lib/gcc/arm-none-eabi/4.9.3/armv7-m/crtbegin.o

.rel.dyn        0x000000000800b7ec        0x0
 .rel.iplt      0x000000000800b7ec        0x0 /usr/lib/gcc/arm-none-eabi/4.9.3/armv7-m/crtbegin.o

.data           0x0000000020000000      0x860 load address 0x000000000800b7ec
                0x0000000020000000                . = ALIGN (0x4)
                0x0000000020000000                _sdata = .
 *(.data*)
 .data.impure_data
                0x0000000020000000      0x428 /usr/lib/gcc/arm-none-eabi/4.9.3/../../../arm-none-eabi/lib/armv7-m/libc.a(lib_a-impure.o)
 .data._impure_ptr
                0x0000000020000428        0x4 /usr/lib/gcc/arm-none-eabi/4.9.3/../../../arm-none-eabi/lib/armv7-m/libc.a(lib_a-impure.o)
                0x0000000020000428                _impure_ptr
 .data.SystemCoreClock
                0x000000002000042c        0x4 /home/trees/src/github.mcush/CMSIS/Device/ST/STM32F10x/Source/Templates/system_stm32f10x.o
                0x000000002000042c                SystemCoreClock
 .data.ADCPrescTable
                0x0000000020000430        0x4 /home/trees/src/github.mcush/ST/STM32F10x_StdPeriph_Driver/src/stm32f10x_rcc.o
 .data.APBAHBPrescTable
                0x0000000020000434       0x10 /home/trees/src/github.mcush/ST/STM32F10x_StdPeriph_Driver/src/stm32f10x_rcc.o
 .data._pwm_range
                0x0000000020000444        0x2 /home/trees/src/github.mcush/halstm32f103c8_xtw/std/hal_pwm.o
 *fill*         0x0000000020000446        0x2 
 .data.uxCriticalNesting
                0x0000000020000448        0x4 /home/trees/src/github.mcush/libFreeRTOS/portable/GCC/ARM_CM3/port.o
 .data.__ctype_ptr__
                0x000000002000044c        0x4 /usr/lib/gcc/arm-none-eabi/4.9.3/../../../arm-none-eabi/lib/armv7-m/libc.a(lib_a-ctype_.o)
                0x000000002000044c                __ctype_ptr__
 .data.__malloc_av_
                0x0000000020000450      0x408 /usr/lib/gcc/arm-none-eabi/4.9.3/../../../arm-none-eabi/lib/armv7-m/libc.a(lib_a-mallocr.o)
                0x0000000020000450                __malloc_av_
 .data.__malloc_trim_threshold
                0x0000000020000858        0x4 /usr/lib/gcc/arm-none-eabi/4.9.3/../../../arm-none-eabi/lib/armv7-m/libc.a(lib_a-mallocr.o)
                0x0000000020000858                __malloc_trim_threshold
 .data.__malloc_sbrk_base
                0x000000002000085c        0x4 /usr/lib/gcc/arm-none-eabi/4.9.3/../../../arm-none-eabi/lib/armv7-m/libc.a(lib_a-mallocr.o)
                0x000000002000085c                __malloc_sbrk_base
                0x0000000020000860                . = ALIGN (0x4)
                0x0000000020000860                _edata = .

.igot.plt       0x0000000020000860        0x0 load address 0x000000000800c04c
 .igot.plt      0x0000000020000860        0x0 /usr/lib/gcc/arm-none-eabi/4.9.3/armv7-m/crtbegin.o

.bss            0x0000000020000860      0x408 load address 0x000000000800c04c
                0x0000000020000860                . = ALIGN (0x4)
                0x0000000020000860                _sbss = .
 *(.bss*)
 .bss._adc_value
                0x0000000020000860        0x8 /home/trees/src/github.mcush/halstm32f103c8_xtw/std/hal_adc.o
 .bss._pwm_value
                0x0000000020000868        0x8 /home/trees/src/github.mcush/halstm32f103c8_xtw/std/hal_pwm.o
 .bss.mcush_inited
                0x0000000020000870        0x1 /home/trees/src/github.mcush/mcush/mcush_task.o
 *fill*         0x0000000020000871        0x3 
 .bss.mcush_romfs_driver_errno
                0x0000000020000874        0x4 /home/trees/src/github.mcush/mcush/mcush_vfs_romfs.o
 .bss._fds      0x0000000020000878       0x18 /home/trees/src/github.mcush/mcush/mcush_vfs_romfs.o
 .bss.spi_cb    0x0000000020000890        0x4 /home/trees/src/github.mcush/mcush/shell_commands_emu.o
 .bss.i2c_cb    0x0000000020000894        0x4 /home/trees/src/github.mcush/mcush/shell_commands_emu.o
 .bss.cmd_list_match_file_name
                0x0000000020000898        0x4 /home/trees/src/github.mcush/mcush/shell_commands_fs.o
 .bss.scb       0x000000002000089c      0x17c /home/trees/src/github.mcush/mcush/shell_core.o
 .bss.xNumOfOverflows
                0x0000000020000a18        0x4 /home/trees/src/github.mcush/libFreeRTOS/tasks.o
 .bss.pxDelayedTaskList
                0x0000000020000a1c        0x4 /home/trees/src/github.mcush/libFreeRTOS/tasks.o
 .bss.xSchedulerRunning
                0x0000000020000a20        0x4 /home/trees/src/github.mcush/libFreeRTOS/tasks.o
 .bss.xTasksWaitingTermination
                0x0000000020000a24       0x14 /home/trees/src/github.mcush/libFreeRTOS/tasks.o
 .bss.xSuspendedTaskList
                0x0000000020000a38       0x14 /home/trees/src/github.mcush/libFreeRTOS/tasks.o
 .bss.uxPendedTicks
                0x0000000020000a4c        0x4 /home/trees/src/github.mcush/libFreeRTOS/tasks.o
 .bss.pxReadyTasksLists
                0x0000000020000a50       0x8c /home/trees/src/github.mcush/libFreeRTOS/tasks.o
 .bss.uxSchedulerSuspended
                0x0000000020000adc        0x4 /home/trees/src/github.mcush/libFreeRTOS/tasks.o
 .bss.pxCurrentTCB
                0x0000000020000ae0        0x4 /home/trees/src/github.mcush/libFreeRTOS/tasks.o
                0x0000000020000ae0                pxCurrentTCB
 .bss.xNextTaskUnblockTime
                0x0000000020000ae4        0x4 /home/trees/src/github.mcush/libFreeRTOS/tasks.o
 .bss.xIdleTaskHandle
                0x0000000020000ae8        0x4 /home/trees/src/github.mcush/libFreeRTOS/tasks.o
 .bss.xTickCount
                0x0000000020000aec        0x4 /home/trees/src/github.mcush/libFreeRTOS/tasks.o
 .bss.pxOverflowDelayedTaskList
                0x0000000020000af0        0x4 /home/trees/src/github.mcush/libFreeRTOS/tasks.o
 .bss.xDelayedTaskList2
                0x0000000020000af4       0x14 /home/trees/src/github.mcush/libFreeRTOS/tasks.o
 .bss.uxTaskNumber
                0x0000000020000b08        0x4 /home/trees/src/github.mcush/libFreeRTOS/tasks.o
 .bss.xDelayedTaskList1
                0x0000000020000b0c       0x14 /home/trees/src/github.mcush/libFreeRTOS/tasks.o
 .bss.uxDeletedTasksWaitingCleanUp
                0x0000000020000b20        0x4 /home/trees/src/github.mcush/libFreeRTOS/tasks.o
 .bss.xPendingReadyList
                0x0000000020000b24       0x14 /home/trees/src/github.mcush/libFreeRTOS/tasks.o
 .bss.uxCurrentNumberOfTasks
                0x0000000020000b38        0x4 /home/trees/src/github.mcush/libFreeRTOS/tasks.o
 .bss.uxTopReadyPriority
                0x0000000020000b3c        0x4 /home/trees/src/github.mcush/libFreeRTOS/tasks.o
 .bss.xYieldPending
                0x0000000020000b40        0x4 /home/trees/src/github.mcush/libFreeRTOS/tasks.o
 .bss.ucMaxSysCallPriority
                0x0000000020000b44        0x1 /home/trees/src/github.mcush/libFreeRTOS/portable/GCC/ARM_CM3/port.o
 *fill*         0x0000000020000b45        0x3 
 .bss.ulMaxPRIGROUPValue
                0x0000000020000b48        0x4 /home/trees/src/github.mcush/libFreeRTOS/portable/GCC/ARM_CM3/port.o
 .bss._errno    0x0000000020000b4c        0x4 task_blink.o
 .bss.__malloc_max_total_mem
                0x0000000020000b50        0x4 /usr/lib/gcc/arm-none-eabi/4.9.3/../../../arm-none-eabi/lib/armv7-m/libc.a(lib_a-mallocr.o)
                0x0000000020000b50                __malloc_max_total_mem
 .bss.__malloc_max_sbrked_mem
                0x0000000020000b54        0x4 /usr/lib/gcc/arm-none-eabi/4.9.3/../../../arm-none-eabi/lib/armv7-m/libc.a(lib_a-mallocr.o)
                0x0000000020000b54                __malloc_max_sbrked_mem
 .bss.__malloc_top_pad
                0x0000000020000b58        0x4 /usr/lib/gcc/arm-none-eabi/4.9.3/../../../arm-none-eabi/lib/armv7-m/libc.a(lib_a-mallocr.o)
                0x0000000020000b58                __malloc_top_pad
 .bss.__malloc_current_mallinfo
                0x0000000020000b5c       0x28 /usr/lib/gcc/arm-none-eabi/4.9.3/../../../arm-none-eabi/lib/armv7-m/libc.a(lib_a-mallocr.o)
                0x0000000020000b5c                __malloc_current_mallinfo
 *(COMMON)
 COMMON         0x0000000020000b84        0x8 /home/trees/src/github.mcush/halstm32f103c8_xtw/std/uart/hal_uart.o
                0x0000000020000b84                hal_uart_queue_tx
                0x0000000020000b88                hal_uart_queue_rx
 COMMON         0x0000000020000b8c        0x8 /home/trees/src/github.mcush/mcush/mcush_stub.o
                0x0000000020000b8c                halt_message
                0x0000000020000b90                heap_end
 COMMON         0x0000000020000b94        0x4 /home/trees/src/github.mcush/mcush/mcush_task.o
                0x0000000020000b94                task_mcush
 COMMON         0x0000000020000b98       0x8c /home/trees/src/github.mcush/mcush/mcush_vfs.o
                0x0000000020000b98                vfs_vol_tab
                0x0000000020000bb0                vfs_fd_tab
                0x0000000020000bec                vfs_stat
 COMMON         0x0000000020000c24       0x40 /home/trees/src/github.mcush/libFreeRTOS/queue.o
                0x0000000020000c24                xQueueRegistry
 COMMON         0x0000000020000c64        0x4 /usr/lib/gcc/arm-none-eabi/4.9.3/../../../arm-none-eabi/lib/armv7-m/libc.a(lib_a-reent.o)
                0x0000000020000c64                errno
                0x0000000020000c68                . = ALIGN (0x4)
                0x0000000020000c68                _ebss = .

.dma            0x0000000020000c68        0x0
                0x0000000020000c68                . = ALIGN (0x4)
 *(.dma)
                0x0000000020000c68                . = ALIGN (0x4)

.userheap       0x0000000020000c68     0x2800 load address 0x000000000800c454
                0x0000000020000c68                . = ALIGN (0x4)
                0x0000000020000c68                _sheap = .
                0x0000000020003468                . = (. + USER_HEAP_SIZE)
 *fill*         0x0000000020000c68     0x2800 
                0x0000000020003468                . = ALIGN (0x4)
                0x0000000020003468                _eheap = .

.userstack      0x0000000020004c00      0x400 load address 0x00000000080103ec
                0x0000000020004c00                . = ALIGN (0x4)
                0x0000000020004c00                _sstack = .
                0x0000000020005000                . = (. + USER_STACK_SIZE)
 *fill*         0x0000000020004c00      0x400 
                0x0000000020005000                . = ALIGN (0x4)
                0x0000000020005000                _estack = .

/DISCARD/
 libc.a(*)
 libm.a(*)
 libgcc.a(*)
 *(.ARM.exidx)
 *(.glue*)
 *(.init)
 *(.fini)
                0x0000000000000001                ASSERT (((_sidata + SIZEOF (.data)) <= (ORIGIN (FLASH) + LENGTH (FLASH))), flash full, fail to append data image)
                0x0000000000000001                ASSERT ((_eheap <= _sstack), heap size too large)
LOAD /home/trees/src/github.mcush/CMSIS/Device/ST/STM32F10x/Source/Templates/gcc_ride7/startup_stm32f10x_md.o
LOAD /home/trees/src/github.mcush/CMSIS/Device/ST/STM32F10x/Source/Templates/system_stm32f10x.o
LOAD /home/trees/src/github.mcush/ST/STM32F10x_StdPeriph_Driver/src/misc.o
LOAD /home/trees/src/github.mcush/ST/STM32F10x_StdPeriph_Driver/src/stm32f10x_adc.o
LOAD /home/trees/src/github.mcush/ST/STM32F10x_StdPeriph_Driver/src/stm32f10x_bkp.o
LOAD /home/trees/src/github.mcush/ST/STM32F10x_StdPeriph_Driver/src/stm32f10x_can.o
LOAD /home/trees/src/github.mcush/ST/STM32F10x_StdPeriph_Driver/src/stm32f10x_cec.o
LOAD /home/trees/src/github.mcush/ST/STM32F10x_StdPeriph_Driver/src/stm32f10x_crc.o
LOAD /home/trees/src/github.mcush/ST/STM32F10x_StdPeriph_Driver/src/stm32f10x_dac.o
LOAD /home/trees/src/github.mcush/ST/STM32F10x_StdPeriph_Driver/src/stm32f10x_dbgmcu.o
LOAD /home/trees/src/github.mcush/ST/STM32F10x_StdPeriph_Driver/src/stm32f10x_dma.o
LOAD /home/trees/src/github.mcush/ST/STM32F10x_StdPeriph_Driver/src/stm32f10x_exti.o
LOAD /home/trees/src/github.mcush/ST/STM32F10x_StdPeriph_Driver/src/stm32f10x_flash.o
LOAD /home/trees/src/github.mcush/ST/STM32F10x_StdPeriph_Driver/src/stm32f10x_fsmc.o
LOAD /home/trees/src/github.mcush/ST/STM32F10x_StdPeriph_Driver/src/stm32f10x_gpio.o
LOAD /home/trees/src/github.mcush/ST/STM32F10x_StdPeriph_Driver/src/stm32f10x_i2c.o
LOAD /home/trees/src/github.mcush/ST/STM32F10x_StdPeriph_Driver/src/stm32f10x_iwdg.o
LOAD /home/trees/src/github.mcush/ST/STM32F10x_StdPeriph_Driver/src/stm32f10x_pwr.o
LOAD /home/trees/src/github.mcush/ST/STM32F10x_StdPeriph_Driver/src/stm32f10x_rcc.o
LOAD /home/trees/src/github.mcush/ST/STM32F10x_StdPeriph_Driver/src/stm32f10x_rtc.o
LOAD /home/trees/src/github.mcush/ST/STM32F10x_StdPeriph_Driver/src/stm32f10x_sdio.o
LOAD /home/trees/src/github.mcush/ST/STM32F10x_StdPeriph_Driver/src/stm32f10x_spi.o
LOAD /home/trees/src/github.mcush/ST/STM32F10x_StdPeriph_Driver/src/stm32f10x_tim.o
LOAD /home/trees/src/github.mcush/ST/STM32F10x_StdPeriph_Driver/src/stm32f10x_usart.o
LOAD /home/trees/src/github.mcush/ST/STM32F10x_StdPeriph_Driver/src/stm32f10x_wwdg.o
LOAD /home/trees/src/github.mcush/halstm32f103c8_xtw/hal_platform.o
LOAD /home/trees/src/github.mcush/halstm32f103c8_xtw/common/hal.o
LOAD /home/trees/src/github.mcush/halstm32f103c8_xtw/common/hal_led.o
LOAD /home/trees/src/github.mcush/halstm32f103c8_xtw/common/hal_reboot.o
LOAD /home/trees/src/github.mcush/halstm32f103c8_xtw/common/hal_serial_number.o
LOAD /home/trees/src/github.mcush/halstm32f103c8_xtw/common/irq_cortex.o
LOAD /home/trees/src/github.mcush/halstm32f103c8_xtw/std/hal_adc.o
LOAD /home/trees/src/github.mcush/halstm32f103c8_xtw/std/hal_beep.o
LOAD /home/trees/src/github.mcush/halstm32f103c8_xtw/std/hal_clk.o
LOAD /home/trees/src/github.mcush/halstm32f103c8_xtw/std/hal_delay.o
LOAD /home/trees/src/github.mcush/halstm32f103c8_xtw/std/hal_gpio.o
LOAD /home/trees/src/github.mcush/halstm32f103c8_xtw/std/hal_pwm.o
LOAD /home/trees/src/github.mcush/halstm32f103c8_xtw/std/hal_sgpio.o
LOAD /home/trees/src/github.mcush/halstm32f103c8_xtw/std/hal_wdg.o
LOAD /home/trees/src/github.mcush/halstm32f103c8_xtw/std/uart/hal_uart.o
LOAD /home/trees/src/github.mcush/mcush/mcush_base64.o
LOAD /home/trees/src/github.mcush/mcush/mcush_freertos_api.o
LOAD /home/trees/src/github.mcush/mcush/mcush_hook.o
LOAD /home/trees/src/github.mcush/mcush/mcush_lib.o
LOAD /home/trees/src/github.mcush/mcush/mcush_lib_crc.o
LOAD /home/trees/src/github.mcush/mcush/mcush_lib_fs.o
LOAD /home/trees/src/github.mcush/mcush/mcush_opt.o
LOAD /home/trees/src/github.mcush/mcush/mcush_printf2.o
LOAD /home/trees/src/github.mcush/mcush/mcush_stub.o
LOAD /home/trees/src/github.mcush/mcush/mcush_task.o
LOAD /home/trees/src/github.mcush/mcush/mcush_vfs.o
LOAD /home/trees/src/github.mcush/mcush/mcush_vfs_fatfs.o
LOAD /home/trees/src/github.mcush/mcush/mcush_vfs_fcfs.o
LOAD /home/trees/src/github.mcush/mcush/mcush_vfs_romfs.o
LOAD /home/trees/src/github.mcush/mcush/mcush_vfs_spiffs.o
LOAD /home/trees/src/github.mcush/mcush/shell_commands.o
LOAD /home/trees/src/github.mcush/mcush/shell_commands_emu.o
LOAD /home/trees/src/github.mcush/mcush/shell_commands_fs.o
LOAD /home/trees/src/github.mcush/mcush/shell_commands_hal.o
LOAD /home/trees/src/github.mcush/mcush/shell_commands_mem.o
LOAD /home/trees/src/github.mcush/mcush/shell_commands_scpi.o
LOAD /home/trees/src/github.mcush/mcush/shell_commands_sys.o
LOAD /home/trees/src/github.mcush/mcush/shell_core.o
LOAD /home/trees/src/github.mcush/mcush/shell_str.o
LOAD /home/trees/src/github.mcush/libFreeRTOS/croutine.o
LOAD /home/trees/src/github.mcush/libFreeRTOS/event_groups.o
LOAD /home/trees/src/github.mcush/libFreeRTOS/list.o
LOAD /home/trees/src/github.mcush/libFreeRTOS/queue.o
LOAD /home/trees/src/github.mcush/libFreeRTOS/stream_buffer.o
LOAD /home/trees/src/github.mcush/libFreeRTOS/tasks.o
LOAD /home/trees/src/github.mcush/libFreeRTOS/timers.o
LOAD /home/trees/src/github.mcush/libFreeRTOS/portable/MemMang/heap_3.o
LOAD /home/trees/src/github.mcush/libFreeRTOS/portable/GCC/ARM_CM3/port.o
LOAD main.o
LOAD task_blink.o
LOAD /usr/lib/gcc/arm-none-eabi/4.9.3/../../../arm-none-eabi/lib/armv7-m/libm.a
START GROUP
LOAD /usr/lib/gcc/arm-none-eabi/4.9.3/armv7-m/libgcc.a
LOAD /usr/lib/gcc/arm-none-eabi/4.9.3/../../../arm-none-eabi/lib/armv7-m/libc.a
END GROUP
LOAD /usr/lib/gcc/arm-none-eabi/4.9.3/armv7-m/crtend.o
LOAD /usr/lib/gcc/arm-none-eabi/4.9.3/armv7-m/crtn.o
OUTPUT(BlinkErrorNumber.elf elf32-littlearm)

.ARM.attributes
                0x0000000000000000       0x29