Archive member included to satisfy reference by file (symbol)

/usr/lib/gcc/arm-none-eabi/4.9.3/../../../arm-none-eabi/lib/armv7-m/libc.a(lib_a-atexit.o)
                              /usr/lib/gcc/arm-none-eabi/4.9.3/../../../arm-none-eabi/lib/armv7-m/crt0.o (atexit)
/usr/lib/gcc/arm-none-eabi/4.9.3/../../../arm-none-eabi/lib/armv7-m/libc.a(lib_a-exit.o)
                              /usr/lib/gcc/arm-none-eabi/4.9.3/../../../arm-none-eabi/lib/armv7-m/crt0.o (exit)
/usr/lib/gcc/arm-none-eabi/4.9.3/../../../arm-none-eabi/lib/armv7-m/libc.a(lib_a-fini.o)
                              /usr/lib/gcc/arm-none-eabi/4.9.3/../../../arm-none-eabi/lib/armv7-m/crt0.o (__libc_fini_array)
/usr/lib/gcc/arm-none-eabi/4.9.3/../../../arm-none-eabi/lib/armv7-m/libc.a(lib_a-impure.o)
                              /usr/lib/gcc/arm-none-eabi/4.9.3/../../../arm-none-eabi/lib/armv7-m/libc.a(lib_a-exit.o) (_global_impure_ptr)
/usr/lib/gcc/arm-none-eabi/4.9.3/../../../arm-none-eabi/lib/armv7-m/libc.a(lib_a-init.o)
                              /usr/lib/gcc/arm-none-eabi/4.9.3/../../../arm-none-eabi/lib/armv7-m/crt0.o (__libc_init_array)
/usr/lib/gcc/arm-none-eabi/4.9.3/../../../arm-none-eabi/lib/armv7-m/libc.a(lib_a-memset.o)
                              /usr/lib/gcc/arm-none-eabi/4.9.3/../../../arm-none-eabi/lib/armv7-m/crt0.o (memset)
/usr/lib/gcc/arm-none-eabi/4.9.3/../../../arm-none-eabi/lib/armv7-m/libc.a(lib_a-__atexit.o)
                              /usr/lib/gcc/arm-none-eabi/4.9.3/../../../arm-none-eabi/lib/armv7-m/libc.a(lib_a-atexit.o) (__register_exitproc)
/usr/lib/gcc/arm-none-eabi/4.9.3/../../../arm-none-eabi/lib/armv7-m/libc.a(lib_a-__call_atexit.o)
                              /usr/lib/gcc/arm-none-eabi/4.9.3/../../../arm-none-eabi/lib/armv7-m/libc.a(lib_a-exit.o) (__call_exitprocs)
/usr/lib/gcc/arm-none-eabi/4.9.3/../../../arm-none-eabi/lib/armv7-m/libm.a(lib_a-s_signbit.o)
                              /home/trees/src/github.mcush/mcush/mcush_printf2.o (__signbitf)
/usr/lib/gcc/arm-none-eabi/4.9.3/../../../arm-none-eabi/lib/armv7-m/libm.a(lib_a-sf_fpclassify.o)
                              /home/trees/src/github.mcush/mcush/mcush_printf2.o (__fpclassifyf)
/usr/lib/gcc/arm-none-eabi/4.9.3/../../../arm-none-eabi/lib/armv7-m/libm.a(lib_a-w_sqrt.o)
                              /home/trees/src/github.mcush/halstm32f103rc_mcudev/std/hal_beep.o (sqrt)
/usr/lib/gcc/arm-none-eabi/4.9.3/../../../arm-none-eabi/lib/armv7-m/libm.a(lib_a-e_sqrt.o)
                              /usr/lib/gcc/arm-none-eabi/4.9.3/../../../arm-none-eabi/lib/armv7-m/libm.a(lib_a-w_sqrt.o) (__ieee754_sqrt)
/usr/lib/gcc/arm-none-eabi/4.9.3/../../../arm-none-eabi/lib/armv7-m/libm.a(lib_a-s_fpclassify.o)
                              /usr/lib/gcc/arm-none-eabi/4.9.3/../../../arm-none-eabi/lib/armv7-m/libm.a(lib_a-w_sqrt.o) (__fpclassifyd)
/usr/lib/gcc/arm-none-eabi/4.9.3/../../../arm-none-eabi/lib/armv7-m/libm.a(lib_a-s_lib_ver.o)
                              /usr/lib/gcc/arm-none-eabi/4.9.3/../../../arm-none-eabi/lib/armv7-m/libm.a(lib_a-w_sqrt.o) (__fdlib_version)
/usr/lib/gcc/arm-none-eabi/4.9.3/../../../arm-none-eabi/lib/armv7-m/libm.a(lib_a-s_matherr.o)
                              /usr/lib/gcc/arm-none-eabi/4.9.3/../../../arm-none-eabi/lib/armv7-m/libm.a(lib_a-w_sqrt.o) (matherr)
/usr/lib/gcc/arm-none-eabi/4.9.3/armv7-m/libgcc.a(_arm_addsubdf3.o)
                              /home/trees/src/github.mcush/mcush/mcush_printf2.o (__aeabi_dsub)
/usr/lib/gcc/arm-none-eabi/4.9.3/armv7-m/libgcc.a(_arm_muldivdf3.o)
                              /home/trees/src/github.mcush/halstm32f103rc_mcudev/std/hal_adc.o (__aeabi_dmul)
/usr/lib/gcc/arm-none-eabi/4.9.3/armv7-m/libgcc.a(_arm_cmpdf2.o)
                              /home/trees/src/github.mcush/mcush/mcush_printf2.o (__aeabi_dcmplt)
/usr/lib/gcc/arm-none-eabi/4.9.3/armv7-m/libgcc.a(_arm_fixdfsi.o)
                              /home/trees/src/github.mcush/halstm32f103rc_mcudev/std/hal_beep.o (__aeabi_d2iz)
/usr/lib/gcc/arm-none-eabi/4.9.3/armv7-m/libgcc.a(_arm_fixunsdfsi.o)
                              /home/trees/src/github.mcush/mcush/mcush_printf2.o (__aeabi_d2uiz)
/usr/lib/gcc/arm-none-eabi/4.9.3/armv7-m/libgcc.a(_arm_truncdfsf2.o)
                              /home/trees/src/github.mcush/halstm32f103rc_mcudev/std/hal_adc.o (__aeabi_d2f)
/usr/lib/gcc/arm-none-eabi/4.9.3/armv7-m/libgcc.a(_arm_addsubsf3.o)
                              /home/trees/src/github.mcush/mcush/mcush_printf2.o (__aeabi_fsub)
/usr/lib/gcc/arm-none-eabi/4.9.3/armv7-m/libgcc.a(_arm_muldivsf3.o)
                              /home/trees/src/github.mcush/mcush/mcush_printf2.o (__aeabi_fmul)
/usr/lib/gcc/arm-none-eabi/4.9.3/armv7-m/libgcc.a(_arm_cmpsf2.o)
                              /home/trees/src/github.mcush/mcush/mcush_lib.o (__aeabi_fcmpeq)
/usr/lib/gcc/arm-none-eabi/4.9.3/armv7-m/libgcc.a(_arm_fixsfsi.o)
                              /home/trees/src/github.mcush/mcush/mcush_printf2.o (__aeabi_f2iz)
[...]
Memory Configuration

Name             Origin             Length             Attributes
FLASH            0x0000000008000000 0x0000000000040000 xr
SRAM             0x0000000020000000 0x000000000000c000 rw
*default*        0x0000000000000000 0xffffffffffffffff

Linker script and memory map

LOAD /usr/lib/gcc/arm-none-eabi/4.9.3/armv7-m/crti.o
LOAD /usr/lib/gcc/arm-none-eabi/4.9.3/armv7-m/crtbegin.o
LOAD /usr/lib/gcc/arm-none-eabi/4.9.3/../../../arm-none-eabi/lib/armv7-m/crt0.o
                0x0000000000004000                USER_HEAP_SIZE = 0x4000
                0x0000000000000400                USER_STACK_SIZE = 0x400
                0x000000002000bc00                USER_STACK_ADDR = ((ORIGIN (SRAM) + LENGTH (SRAM)) - USER_STACK_SIZE)

.isr_vector     0x0000000008000000      0x10c
                0x0000000008000000                . = ALIGN (0x4)
                0x0000000008000000                _sisr_vector = .
 *(.isr_vector)
 .isr_vector    0x0000000008000000      0x10c /home/trees/src/github.mcush/CMSIS/Device/ST/STM32F10x/Source/Templates/gcc_ride7/startup_stm32f10x_md.o
                0x0000000008000000                g_pfnVectors
                0x000000000800010c                _eisr_vector = .

.signature      0x000000000800010c       0x18
 *(.mcush_signature)
 .mcush_signature
                0x000000000800010c        0x8 /home/trees/src/github.mcush/mcush/mcush_task.o
 *(.signature)
 .signature     0x0000000008000114       0x10 /home/trees/src/github.mcush/mcush/mcush_vfs_romfs.o
                0x0000000008000114                build_signature

.init_script    0x0000000008000124        0x2
                0x0000000008000124                _isdata = .
 *(.init_script)
 .init_script   0x0000000008000124        0x1 main.o
                0x0000000008000124                init_script
                0x0000000008000125        0x1 BYTE 0x0
                0x0000000008000126                __exidx_start = .

.ARM.exidx      0x0000000008000128        0x8
 *(.ARM.exidx* .gnu.linkonce.armexidx.*)
 .ARM.exidx     0x0000000008000128        0x8 /usr/lib/gcc/arm-none-eabi/4.9.3/armv7-m/libgcc.a(_divdi3.o)
 .ARM.exidx     0x0000000008000130        0x0 /usr/lib/gcc/arm-none-eabi/4.9.3/armv7-m/libgcc.a(_udivdi3.o)
                                          0x8 (size before relaxing)
                0x0000000008000130                __exidx_end = .

.text           0x0000000008000130    0x122b0
                0x0000000008000130                . = ALIGN (0x4)
                0x0000000008000130                _stext = .
 *(.text*)
 .text.memset   0x0000000008000130       0x9c /usr/lib/gcc/arm-none-eabi/4.9.3/../../../arm-none-eabi/lib/armv7-m/libc.a(lib_a-memset.o)
                0x0000000008000130                memset
 .text.Reset_Handler
                0x00000000080001cc       0x60 /home/trees/src/github.mcush/CMSIS/Device/ST/STM32F10x/Source/Templates/gcc_ride7/startup_stm32f10x_md.o
                0x00000000080001cc                Reset_Handler
 .text.Default_Handler
                0x000000000800022c        0x2 /home/trees/src/github.mcush/CMSIS/Device/ST/STM32F10x/Source/Templates/gcc_ride7/startup_stm32f10x_md.o
                0x000000000800022c                EXTI2_IRQHandler
                0x000000000800022c                TIM1_CC_IRQHandler
                0x000000000800022c                PVD_IRQHandler
                0x000000000800022c                EXTI3_IRQHandler
                0x000000000800022c                EXTI0_IRQHandler
                0x000000000800022c                I2C2_EV_IRQHandler
                0x000000000800022c                ADC1_2_IRQHandler
                0x000000000800022c                SPI1_IRQHandler
                0x000000000800022c                TAMPER_IRQHandler
                0x000000000800022c                DMA1_Channel4_IRQHandler
                0x000000000800022c                USART3_IRQHandler
                0x000000000800022c                RTC_IRQHandler
                0x000000000800022c                DMA1_Channel7_IRQHandler
                0x000000000800022c                CAN1_RX1_IRQHandler
                0x000000000800022c                TIM4_IRQHandler
                0x000000000800022c                I2C1_EV_IRQHandler
                0x000000000800022c                DMA1_Channel6_IRQHandler
                0x000000000800022c                TIM3_IRQHandler
                0x000000000800022c                RCC_IRQHandler
                0x000000000800022c                TIM1_TRG_COM_IRQHandler
                0x000000000800022c                DMA1_Channel1_IRQHandler
                0x000000000800022c                Default_Handler
                0x000000000800022c                EXTI15_10_IRQHandler
                0x000000000800022c                EXTI9_5_IRQHandler
                0x000000000800022c                SPI2_IRQHandler
                0x000000000800022c                DMA1_Channel5_IRQHandler
                0x000000000800022c                EXTI4_IRQHandler
                0x000000000800022c                DMA1_Channel3_IRQHandler
                0x000000000800022c                TIM1_UP_IRQHandler
                0x000000000800022c                WWDG_IRQHandler
                0x000000000800022c                TIM2_IRQHandler
                0x000000000800022c                TIM1_BRK_IRQHandler
                0x000000000800022c                EXTI1_IRQHandler
                0x000000000800022c                RTCAlarm_IRQHandler
                0x000000000800022c                USART2_IRQHandler
                0x000000000800022c                I2C2_ER_IRQHandler
                0x000000000800022c                DMA1_Channel2_IRQHandler
                0x000000000800022c                CAN1_SCE_IRQHandler
                0x000000000800022c                FLASH_IRQHandler
                0x000000000800022c                USART1_IRQHandler
                0x000000000800022c                I2C1_ER_IRQHandler
 *fill*         0x000000000800022e        0x2 
 .text.SystemInit
                0x0000000008000230      0x104 /home/trees/src/github.mcush/CMSIS/Device/ST/STM32F10x/Source/Templates/system_stm32f10x.o
                0x0000000008000230                SystemInit
 .text.NVIC_PriorityGroupConfig
                0x0000000008000334       0x14 /home/trees/src/github.mcush/ST/STM32F10x_StdPeriph_Driver/src/misc.o
                0x0000000008000334                NVIC_PriorityGroupConfig
 .text.NVIC_Init
                0x0000000008000348       0x70 /home/trees/src/github.mcush/ST/STM32F10x_StdPeriph_Driver/src/misc.o
                0x0000000008000348                NVIC_Init
 .text.ADC_DeInit
                0x00000000080003b8       0x6c /home/trees/src/github.mcush/ST/STM32F10x_StdPeriph_Driver/src/stm32f10x_adc.o
                0x00000000080003b8                ADC_DeInit
 .text.ADC_Init
                0x0000000008000424       0x48 /home/trees/src/github.mcush/ST/STM32F10x_StdPeriph_Driver/src/stm32f10x_adc.o
                0x0000000008000424                ADC_Init
 .text.ADC_Cmd  0x000000000800046c       0x14 /home/trees/src/github.mcush/ST/STM32F10x_StdPeriph_Driver/src/stm32f10x_adc.o
                0x000000000800046c                ADC_Cmd
 .text.ADC_DMACmd
                0x0000000008000480       0x14 /home/trees/src/github.mcush/ST/STM32F10x_StdPeriph_Driver/src/stm32f10x_adc.o
                0x0000000008000480                ADC_DMACmd
 .text.ADC_ResetCalibration
                0x0000000008000494        0xc /home/trees/src/github.mcush/ST/STM32F10x_StdPeriph_Driver/src/stm32f10x_adc.o
                0x0000000008000494                ADC_ResetCalibration
 .text.ADC_GetResetCalibrationStatus
                0x00000000080004a0        0x8 /home/trees/src/github.mcush/ST/STM32F10x_StdPeriph_Driver/src/stm32f10x_adc.o
                0x00000000080004a0                ADC_GetResetCalibrationStatus
 .text.ADC_StartCalibration
                0x00000000080004a8        0xc /home/trees/src/github.mcush/ST/STM32F10x_StdPeriph_Driver/src/stm32f10x_adc.o
                0x00000000080004a8                ADC_StartCalibration
 .text.ADC_GetCalibrationStatus
                0x00000000080004b4        0x8 /home/trees/src/github.mcush/ST/STM32F10x_StdPeriph_Driver/src/stm32f10x_adc.o
                0x00000000080004b4                ADC_GetCalibrationStatus
 .text.ADC_SoftwareStartConvCmd
                0x00000000080004bc       0x14 /home/trees/src/github.mcush/ST/STM32F10x_StdPeriph_Driver/src/stm32f10x_adc.o
                0x00000000080004bc                ADC_SoftwareStartConvCmd
 .text.ADC_RegularChannelConfig
                0x00000000080004d0       0x8c /home/trees/src/github.mcush/ST/STM32F10x_StdPeriph_Driver/src/stm32f10x_adc.o
                0x00000000080004d0                ADC_RegularChannelConfig
 .text.DMA_DeInit
                0x000000000800055c      0x128 /home/trees/src/github.mcush/ST/STM32F10x_StdPeriph_Driver/src/stm32f10x_dma.o
                0x000000000800055c                DMA_DeInit
 .text.DMA_Init
                0x0000000008000684       0x40 /home/trees/src/github.mcush/ST/STM32F10x_StdPeriph_Driver/src/stm32f10x_dma.o
                0x0000000008000684                DMA_Init
 .text.DMA_Cmd  0x00000000080006c4       0x18 /home/trees/src/github.mcush/ST/STM32F10x_StdPeriph_Driver/src/stm32f10x_dma.o
                0x00000000080006c4                DMA_Cmd
 .text.EXTI_ClearITPendingBit
                0x00000000080006dc        0xc /home/trees/src/github.mcush/ST/STM32F10x_StdPeriph_Driver/src/stm32f10x_exti.o
                0x00000000080006dc                EXTI_ClearITPendingBit
 .text.GPIO_Init
                0x00000000080006e8      0x320 /home/trees/src/github.mcush/ST/STM32F10x_StdPeriph_Driver/src/stm32f10x_gpio.o
                0x00000000080006e8                GPIO_Init
 .text.GPIO_StructInit
                0x0000000008000a08       0x10 /home/trees/src/github.mcush/ST/STM32F10x_StdPeriph_Driver/src/stm32f10x_gpio.o
                0x0000000008000a08                GPIO_StructInit
 .text.GPIO_ReadInputData
                0x0000000008000a18        0x8 /home/trees/src/github.mcush/ST/STM32F10x_StdPeriph_Driver/src/stm32f10x_gpio.o
                0x0000000008000a18                GPIO_ReadInputData
 .text.GPIO_SetBits
                0x0000000008000a20        0x4 /home/trees/src/github.mcush/ST/STM32F10x_StdPeriph_Driver/src/stm32f10x_gpio.o
                0x0000000008000a20                GPIO_SetBits
 .text.GPIO_ResetBits
                0x0000000008000a24        0x4 /home/trees/src/github.mcush/ST/STM32F10x_StdPeriph_Driver/src/stm32f10x_gpio.o
                0x0000000008000a24                GPIO_ResetBits
 .text.GPIO_Write
                0x0000000008000a28        0x4 /home/trees/src/github.mcush/ST/STM32F10x_StdPeriph_Driver/src/stm32f10x_gpio.o
                0x0000000008000a28                GPIO_Write
 .text.IWDG_WriteAccessCmd
                0x0000000008000a2c        0xc /home/trees/src/github.mcush/ST/STM32F10x_StdPeriph_Driver/src/stm32f10x_iwdg.o
                0x0000000008000a2c                IWDG_WriteAccessCmd
 .text.IWDG_SetPrescaler
                0x0000000008000a38        0xc /home/trees/src/github.mcush/ST/STM32F10x_StdPeriph_Driver/src/stm32f10x_iwdg.o
                0x0000000008000a38                IWDG_SetPrescaler
 .text.IWDG_SetReload
                0x0000000008000a44        0xc /home/trees/src/github.mcush/ST/STM32F10x_StdPeriph_Driver/src/stm32f10x_iwdg.o
                0x0000000008000a44                IWDG_SetReload
 .text.IWDG_ReloadCounter
                0x0000000008000a50       0x10 /home/trees/src/github.mcush/ST/STM32F10x_StdPeriph_Driver/src/stm32f10x_iwdg.o
                0x0000000008000a50                IWDG_ReloadCounter
 .text.RCC_USBCLKConfig
                0x0000000008000a60        0xc /home/trees/src/github.mcush/ST/STM32F10x_StdPeriph_Driver/src/stm32f10x_rcc.o
                0x0000000008000a60                RCC_USBCLKConfig
 .text.RCC_ADCCLKConfig
                0x0000000008000a6c       0x14 /home/trees/src/github.mcush/ST/STM32F10x_StdPeriph_Driver/src/stm32f10x_rcc.o
                0x0000000008000a6c                RCC_ADCCLKConfig
 .text.RCC_AHBPeriphClockCmd
                0x0000000008000a80       0x18 /home/trees/src/github.mcush/ST/STM32F10x_StdPeriph_Driver/src/stm32f10x_rcc.o
                0x0000000008000a80                RCC_AHBPeriphClockCmd
 .text.RCC_APB2PeriphClockCmd
                0x0000000008000a98       0x18 /home/trees/src/github.mcush/ST/STM32F10x_StdPeriph_Driver/src/stm32f10x_rcc.o
                0x0000000008000a98                RCC_APB2PeriphClockCmd
 .text.RCC_APB1PeriphClockCmd
                0x0000000008000ab0       0x18 /home/trees/src/github.mcush/ST/STM32F10x_StdPeriph_Driver/src/stm32f10x_rcc.o
                0x0000000008000ab0                RCC_APB1PeriphClockCmd
 .text.RCC_APB2PeriphResetCmd
                0x0000000008000ac8       0x18 /home/trees/src/github.mcush/ST/STM32F10x_StdPeriph_Driver/src/stm32f10x_rcc.o
                0x0000000008000ac8                RCC_APB2PeriphResetCmd
 .text.TIM_TimeBaseInit
                0x0000000008000ae0       0xac /home/trees/src/github.mcush/ST/STM32F10x_StdPeriph_Driver/src/stm32f10x_tim.o
                0x0000000008000ae0                TIM_TimeBaseInit
 .text.TIM_OC1Init
                0x0000000008000b8c       0x90 /home/trees/src/github.mcush/ST/STM32F10x_StdPeriph_Driver/src/stm32f10x_tim.o
                0x0000000008000b8c                TIM_OC1Init
 .text.TIM_OC2Init
                0x0000000008000c1c       0x90 /home/trees/src/github.mcush/ST/STM32F10x_StdPeriph_Driver/src/stm32f10x_tim.o
                0x0000000008000c1c                TIM_OC2Init
 .text.TIM_OC3Init
                0x0000000008000cac       0x88 /home/trees/src/github.mcush/ST/STM32F10x_StdPeriph_Driver/src/stm32f10x_tim.o
                0x0000000008000cac                TIM_OC3Init
 .text.TIM_OC4Init
                0x0000000008000d34       0x6c /home/trees/src/github.mcush/ST/STM32F10x_StdPeriph_Driver/src/stm32f10x_tim.o
                0x0000000008000d34                TIM_OC4Init
 .text.TIM_Cmd  0x0000000008000da0       0x1c /home/trees/src/github.mcush/ST/STM32F10x_StdPeriph_Driver/src/stm32f10x_tim.o
                0x0000000008000da0                TIM_Cmd
 .text.TIM_PrescalerConfig
                0x0000000008000dbc        0x8 /home/trees/src/github.mcush/ST/STM32F10x_StdPeriph_Driver/src/stm32f10x_tim.o
                0x0000000008000dbc                TIM_PrescalerConfig
 .text.TIM_SetCounter
                0x0000000008000dc4        0x4 /home/trees/src/github.mcush/ST/STM32F10x_StdPeriph_Driver/src/stm32f10x_tim.o
                0x0000000008000dc4                TIM_SetCounter
 .text.TIM_SetAutoreload
                0x0000000008000dc8        0x4 /home/trees/src/github.mcush/ST/STM32F10x_StdPeriph_Driver/src/stm32f10x_tim.o
                0x0000000008000dc8                TIM_SetAutoreload
 .text.TIM_SetCompare1
                0x0000000008000dcc        0x4 /home/trees/src/github.mcush/ST/STM32F10x_StdPeriph_Driver/src/stm32f10x_tim.o
                0x0000000008000dcc                TIM_SetCompare1
 .text.TIM_SetCompare2
                0x0000000008000dd0        0x4 /home/trees/src/github.mcush/ST/STM32F10x_StdPeriph_Driver/src/stm32f10x_tim.o
                0x0000000008000dd0                TIM_SetCompare2
 .text.TIM_SetCompare3
                0x0000000008000dd4        0x4 /home/trees/src/github.mcush/ST/STM32F10x_StdPeriph_Driver/src/stm32f10x_tim.o
                0x0000000008000dd4                TIM_SetCompare3
 .text.TIM_SetCompare4
                0x0000000008000dd8        0x8 /home/trees/src/github.mcush/ST/STM32F10x_StdPeriph_Driver/src/stm32f10x_tim.o
                0x0000000008000dd8                TIM_SetCompare4
 .text.Standard_GetConfiguration
                0x0000000008000de0       0x28 /home/trees/src/github.mcush/ST/STM32_USB-FS-Device_Driver/src/usb_core.o
                0x0000000008000de0                Standard_GetConfiguration
 .text.Standard_GetInterface
                0x0000000008000e08       0x28 /home/trees/src/github.mcush/ST/STM32_USB-FS-Device_Driver/src/usb_core.o
                0x0000000008000e08                Standard_GetInterface
 .text.Standard_GetStatus
                0x0000000008000e30       0x8c /home/trees/src/github.mcush/ST/STM32_USB-FS-Device_Driver/src/usb_core.o
                0x0000000008000e30                Standard_GetStatus
 .text.DataStageIn
                0x0000000008000ebc       0xb4 /home/trees/src/github.mcush/ST/STM32_USB-FS-Device_Driver/src/usb_core.o
 .text.Standard_ClearFeature
                0x0000000008000f70       0xd0 /home/trees/src/github.mcush/ST/STM32_USB-FS-Device_Driver/src/usb_core.o
                0x0000000008000f70                Standard_ClearFeature
 .text.Standard_SetEndPointFeature
                0x0000000008001040       0x90 /home/trees/src/github.mcush/ST/STM32_USB-FS-Device_Driver/src/usb_core.o
                0x0000000008001040                Standard_SetEndPointFeature
 .text.Standard_GetDescriptorData
                0x00000000080010d0       0x1c /home/trees/src/github.mcush/ST/STM32_USB-FS-Device_Driver/src/usb_core.o
                0x00000000080010d0                Standard_GetDescriptorData
 .text.Setup0_Process
                0x00000000080010ec      0x400 /home/trees/src/github.mcush/ST/STM32_USB-FS-Device_Driver/src/usb_core.o
                0x00000000080010ec                Setup0_Process
 .text.In0_Process
                0x00000000080014ec       0xc8 /home/trees/src/github.mcush/ST/STM32_USB-FS-Device_Driver/src/usb_core.o
                0x00000000080014ec                In0_Process
 .text.Out0_Process
                0x00000000080015b4      0x108 /home/trees/src/github.mcush/ST/STM32_USB-FS-Device_Driver/src/usb_core.o
                0x00000000080015b4                Out0_Process
 .text.SetDeviceAddress
                0x00000000080016bc       0x40 /home/trees/src/github.mcush/ST/STM32_USB-FS-Device_Driver/src/usb_core.o
                0x00000000080016bc                SetDeviceAddress
 .text.NOP_Process
                0x00000000080016fc        0x4 /home/trees/src/github.mcush/ST/STM32_USB-FS-Device_Driver/src/usb_core.o
                0x00000000080016fc                NOP_Process
 .text.USB_Init
                0x0000000008001700       0x38 /home/trees/src/github.mcush/ST/STM32_USB-FS-Device_Driver/src/usb_init.o
                0x0000000008001700                USB_Init
 .text.CTR_LP   0x0000000008001738      0x194 /home/trees/src/github.mcush/ST/STM32_USB-FS-Device_Driver/src/usb_int.o
                0x0000000008001738                CTR_LP
 .text.UserToPMABufferCopy
                0x00000000080018cc       0x34 /home/trees/src/github.mcush/ST/STM32_USB-FS-Device_Driver/src/usb_mem.o
                0x00000000080018cc                UserToPMABufferCopy
 .text.PMAToUserBufferCopy
                0x0000000008001900       0x20 /home/trees/src/github.mcush/ST/STM32_USB-FS-Device_Driver/src/usb_mem.o
                0x0000000008001900                PMAToUserBufferCopy
 .text.SetBTABLE
                0x0000000008001920       0x10 /home/trees/src/github.mcush/ST/STM32_USB-FS-Device_Driver/src/usb_regs.o
                0x0000000008001920                SetBTABLE
 .text.SetEPType
                0x0000000008001930       0x1c /home/trees/src/github.mcush/ST/STM32_USB-FS-Device_Driver/src/usb_regs.o
                0x0000000008001930                SetEPType
 .text.SetEPTxStatus
                0x000000000800194c       0x34 /home/trees/src/github.mcush/ST/STM32_USB-FS-Device_Driver/src/usb_regs.o
                0x000000000800194c                SetEPTxStatus
 .text.SetEPRxStatus
                0x0000000008001980       0x34 /home/trees/src/github.mcush/ST/STM32_USB-FS-Device_Driver/src/usb_regs.o
                0x0000000008001980                SetEPRxStatus
 .text.SetEPTxValid
                0x00000000080019b4       0x28 /home/trees/src/github.mcush/ST/STM32_USB-FS-Device_Driver/src/usb_regs.o
                0x00000000080019b4                SetEPTxValid
 .text.SetEPRxValid
                0x00000000080019dc       0x28 /home/trees/src/github.mcush/ST/STM32_USB-FS-Device_Driver/src/usb_regs.o
                0x00000000080019dc                SetEPRxValid
 .text.Clear_Status_Out
                0x0000000008001a04       0x20 /home/trees/src/github.mcush/ST/STM32_USB-FS-Device_Driver/src/usb_regs.o
                0x0000000008001a04                Clear_Status_Out
 .text.ClearDTOG_RX
                0x0000000008001a24       0x24 /home/trees/src/github.mcush/ST/STM32_USB-FS-Device_Driver/src/usb_regs.o
                0x0000000008001a24                ClearDTOG_RX
 .text.ClearDTOG_TX
                0x0000000008001a48       0x24 /home/trees/src/github.mcush/ST/STM32_USB-FS-Device_Driver/src/usb_regs.o
                0x0000000008001a48                ClearDTOG_TX
 .text.SetEPTxAddr
                0x0000000008001a6c       0x20 /home/trees/src/github.mcush/ST/STM32_USB-FS-Device_Driver/src/usb_regs.o
                0x0000000008001a6c                SetEPTxAddr
 .text.SetEPRxAddr
                0x0000000008001a8c       0x20 /home/trees/src/github.mcush/ST/STM32_USB-FS-Device_Driver/src/usb_regs.o
                0x0000000008001a8c                SetEPRxAddr
 .text.GetEPTxAddr
                0x0000000008001aac       0x20 /home/trees/src/github.mcush/ST/STM32_USB-FS-Device_Driver/src/usb_regs.o
                0x0000000008001aac                GetEPTxAddr
 .text.GetEPRxAddr
                0x0000000008001acc       0x20 /home/trees/src/github.mcush/ST/STM32_USB-FS-Device_Driver/src/usb_regs.o
                0x0000000008001acc                GetEPRxAddr
 .text.SetEPTxCount
                0x0000000008001aec       0x1c /home/trees/src/github.mcush/ST/STM32_USB-FS-Device_Driver/src/usb_regs.o
                0x0000000008001aec                SetEPTxCount
 .text.SetEPRxCount
                0x0000000008001b08       0x44 /home/trees/src/github.mcush/ST/STM32_USB-FS-Device_Driver/src/usb_regs.o
                0x0000000008001b08                SetEPRxCount
 .text.GetEPRxCount
                0x0000000008001b4c       0x20 /home/trees/src/github.mcush/ST/STM32_USB-FS-Device_Driver/src/usb_regs.o
                0x0000000008001b4c                GetEPRxCount
 .text.ByteSwap
                0x0000000008001b6c        0xc /home/trees/src/github.mcush/ST/STM32_USB-FS-Device_Driver/src/usb_regs.o
                0x0000000008001b6c                ByteSwap
 .text.USB_SIL_Init
                0x0000000008001b78       0x28 /home/trees/src/github.mcush/ST/STM32_USB-FS-Device_Driver/src/usb_sil.o
                0x0000000008001b78                USB_SIL_Init
 .text.USB_SIL_Read
                0x0000000008001ba0       0x24 /home/trees/src/github.mcush/ST/STM32_USB-FS-Device_Driver/src/usb_sil.o
                0x0000000008001ba0                USB_SIL_Read
 .text.hal_platform_reset
                0x0000000008001bc4        0x4 /home/trees/src/github.mcush/halstm32f103rc_mcudev/hal_platform.o
                0x0000000008001bc4                hal_platform_reset
 .text.hal_platform_init
                0x0000000008001bc8        0x4 /home/trees/src/github.mcush/halstm32f103rc_mcudev/hal_platform.o
                0x0000000008001bc8                hal_platform_init
 .text.hal_init
                0x0000000008001bcc       0x28 /home/trees/src/github.mcush/halstm32f103rc_mcudev/common/hal.o
                0x0000000008001bcc                hal_init
 .text.hal_led_init
                0x0000000008001bf4       0x1c /home/trees/src/github.mcush/halstm32f103rc_mcudev/common/hal_led.o
                0x0000000008001bf4                hal_led_init
 .text.hal_led_get_num
                0x0000000008001c10        0x4 /home/trees/src/github.mcush/halstm32f103rc_mcudev/common/hal_led.o
                0x0000000008001c10                hal_led_get_num
 .text.hal_led_set
                0x0000000008001c14        0xc /home/trees/src/github.mcush/halstm32f103rc_mcudev/common/hal_led.o
                0x0000000008001c14                hal_led_set
 .text.hal_led_clr
                0x0000000008001c20        0xc /home/trees/src/github.mcush/halstm32f103rc_mcudev/common/hal_led.o
                0x0000000008001c20                hal_led_clr
 .text.hal_led_toggle
                0x0000000008001c2c        0xc /home/trees/src/github.mcush/halstm32f103rc_mcudev/common/hal_led.o
                0x0000000008001c2c                hal_led_toggle
 .text.hal_led_get
                0x0000000008001c38       0x14 /home/trees/src/github.mcush/halstm32f103rc_mcudev/common/hal_led.o
                0x0000000008001c38                hal_led_get
 .text.hal_reboot
                0x0000000008001c4c       0x24 /home/trees/src/github.mcush/halstm32f103rc_mcudev/common/hal_reboot.o
                0x0000000008001c4c                hal_reboot
 .text.hal_get_serial_number
                0x0000000008001c70       0x18 /home/trees/src/github.mcush/halstm32f103rc_mcudev/common/hal_serial_number.o
                0x0000000008001c70                hal_get_serial_number
 .text.NMI_Handler
                0x0000000008001c88        0x4 /home/trees/src/github.mcush/halstm32f103rc_mcudev/common/irq_cortex.o
                0x0000000008001c88                NMI_Handler
 .text.HardFault_Handler
                0x0000000008001c8c        0x4 /home/trees/src/github.mcush/halstm32f103rc_mcudev/common/irq_cortex.o
                0x0000000008001c8c                HardFault_Handler
 .text.MemManage_Handler
                0x0000000008001c90        0x4 /home/trees/src/github.mcush/halstm32f103rc_mcudev/common/irq_cortex.o
                0x0000000008001c90                MemManage_Handler
 .text.BusFault_Handler
                0x0000000008001c94        0x4 /home/trees/src/github.mcush/halstm32f103rc_mcudev/common/irq_cortex.o
                0x0000000008001c94                BusFault_Handler
 .text.UsageFault_Handler
                0x0000000008001c98        0x4 /home/trees/src/github.mcush/halstm32f103rc_mcudev/common/irq_cortex.o
                0x0000000008001c98                UsageFault_Handler
 .text.DebugMon_Handler
                0x0000000008001c9c        0x4 /home/trees/src/github.mcush/halstm32f103rc_mcudev/common/irq_cortex.o
                0x0000000008001c9c                DebugMon_Handler
 .text.hal_adc_init
                0x0000000008001ca0      0x154 /home/trees/src/github.mcush/halstm32f103rc_mcudev/std/hal_adc.o
                0x0000000008001ca0                hal_adc_init
 .text.hal_adc_deinit
                0x0000000008001df4       0x48 /home/trees/src/github.mcush/halstm32f103rc_mcudev/std/hal_adc.o
                0x0000000008001df4                hal_adc_deinit
 *fill*         0x0000000008001e3c        0x4 
 .text.hal_adc_get
                0x0000000008001e40       0x38 /home/trees/src/github.mcush/halstm32f103rc_mcudev/std/hal_adc.o
                0x0000000008001e40                hal_adc_get
 .text.hal_adc_get_num
                0x0000000008001e78        0x4 /home/trees/src/github.mcush/halstm32f103rc_mcudev/std/hal_adc.o
                0x0000000008001e78                hal_adc_get_num
 .text.hal_clk_init
                0x0000000008001e7c        0x8 /home/trees/src/github.mcush/halstm32f103rc_mcudev/std/hal_clk.o
                0x0000000008001e7c                hal_clk_init
 .text.hal_delay_us
                0x0000000008001e84       0x94 /home/trees/src/github.mcush/halstm32f103rc_mcudev/std/hal_delay.o
                0x0000000008001e84                hal_delay_us
 .text.hal_delay_ms
                0x0000000008001f18       0x2c /home/trees/src/github.mcush/halstm32f103rc_mcudev/std/hal_delay.o
                0x0000000008001f18                hal_delay_ms
 .text.hal_gpio_get_port_num
                0x0000000008001f44        0x4 /home/trees/src/github.mcush/halstm32f103rc_mcudev/std/hal_gpio.o
                0x0000000008001f44                hal_gpio_get_port_num
 .text.hal_gpio_init
                0x0000000008001f48        0xc /home/trees/src/github.mcush/halstm32f103rc_mcudev/std/hal_gpio.o
                0x0000000008001f48                hal_gpio_init
 .text.hal_gpio_set_input
                0x0000000008001f54       0x50 /home/trees/src/github.mcush/halstm32f103rc_mcudev/std/hal_gpio.o
                0x0000000008001f54                hal_gpio_set_input
 .text.hal_gpio_set_input_pull
                0x0000000008001fa4       0x54 /home/trees/src/github.mcush/halstm32f103rc_mcudev/std/hal_gpio.o
                0x0000000008001fa4                hal_gpio_set_input_pull
 .text.hal_gpio_set_output
                0x0000000008001ff8       0x50 /home/trees/src/github.mcush/halstm32f103rc_mcudev/std/hal_gpio.o
                0x0000000008001ff8                hal_gpio_set_output
 .text.hal_gpio_set_output_open_drain
                0x0000000008002048       0x50 /home/trees/src/github.mcush/halstm32f103rc_mcudev/std/hal_gpio.o
                0x0000000008002048                hal_gpio_set_output_open_drain
 .text.hal_gpio_set
                0x0000000008002098       0x10 /home/trees/src/github.mcush/halstm32f103rc_mcudev/std/hal_gpio.o
                0x0000000008002098                hal_gpio_set
 .text.hal_gpio_clr
                0x00000000080020a8       0x10 /home/trees/src/github.mcush/halstm32f103rc_mcudev/std/hal_gpio.o
                0x00000000080020a8                hal_gpio_clr
 .text.hal_gpio_toggle
                0x00000000080020b8       0x24 /home/trees/src/github.mcush/halstm32f103rc_mcudev/std/hal_gpio.o
                0x00000000080020b8                hal_gpio_toggle
 .text.hal_gpio_get
                0x00000000080020dc       0x18 /home/trees/src/github.mcush/halstm32f103rc_mcudev/std/hal_gpio.o
                0x00000000080020dc                hal_gpio_get
 .text.hal_pwm_init
                0x00000000080020f4      0x138 /home/trees/src/github.mcush/halstm32f103rc_mcudev/std/hal_pwm.o
                0x00000000080020f4                hal_pwm_init
 .text.hal_pwm_deinit
                0x000000000800222c       0x28 /home/trees/src/github.mcush/halstm32f103rc_mcudev/std/hal_pwm.o
                0x000000000800222c                hal_pwm_deinit
 .text.hal_pwm_set
                0x0000000008002254       0x24 /home/trees/src/github.mcush/halstm32f103rc_mcudev/std/hal_pwm.o
                0x0000000008002254                hal_pwm_set
 .text.hal_pwm_get_num
                0x0000000008002278        0x4 /home/trees/src/github.mcush/halstm32f103rc_mcudev/std/hal_pwm.o
                0x0000000008002278                hal_pwm_get_num
 .text.hal_wdg_init
                0x000000000800227c       0x1c /home/trees/src/github.mcush/halstm32f103rc_mcudev/std/hal_wdg.o
                0x000000000800227c                hal_wdg_init
 .text.hal_wdg_clear
                0x0000000008002298        0x4 /home/trees/src/github.mcush/halstm32f103rc_mcudev/std/hal_wdg.o
                0x0000000008002298                hal_wdg_clear
 .text.hal_uart_init
                0x000000000800229c       0x44 /home/trees/src/github.mcush/halstm32f103rc_mcudev/std/vcp/hal_usb_uart.o
                0x000000000800229c                hal_uart_init
 .text.shell_driver_init
                0x00000000080022e0        0x4 /home/trees/src/github.mcush/halstm32f103rc_mcudev/std/vcp/hal_usb_uart.o
                0x00000000080022e0                shell_driver_init
 .text.shell_driver_reset
                0x00000000080022e4       0x24 /home/trees/src/github.mcush/halstm32f103rc_mcudev/std/vcp/hal_usb_uart.o
                0x00000000080022e4                shell_driver_reset
 .text.shell_driver_read_char
                0x0000000008002308       0x24 /home/trees/src/github.mcush/halstm32f103rc_mcudev/std/vcp/hal_usb_uart.o
                0x0000000008002308                shell_driver_read_char
 .text.shell_driver_read_char_blocked
                0x000000000800232c       0x20 /home/trees/src/github.mcush/halstm32f103rc_mcudev/std/vcp/hal_usb_uart.o
                0x000000000800232c                shell_driver_read_char_blocked
 .text.shell_driver_write
                0x000000000800234c       0x54 /home/trees/src/github.mcush/halstm32f103rc_mcudev/std/vcp/hal_usb_uart.o
                0x000000000800234c                shell_driver_write
 .text.shell_driver_write_char
                0x00000000080023a0       0x34 /home/trees/src/github.mcush/halstm32f103rc_mcudev/std/vcp/hal_usb_uart.o
                0x00000000080023a0                shell_driver_write_char
 .text.Set_System
                0x00000000080023d4       0x44 /home/trees/src/github.mcush/halstm32f103rc_mcudev/std/vcp/hw_config.o
                0x00000000080023d4                Set_System
 .text.Set_USBClock
                0x0000000008002418       0x18 /home/trees/src/github.mcush/halstm32f103rc_mcudev/std/vcp/hw_config.o
                0x0000000008002418                Set_USBClock
 .text.Leave_LowPowerMode
                0x0000000008002430       0x24 /home/trees/src/github.mcush/halstm32f103rc_mcudev/std/vcp/hw_config.o
                0x0000000008002430                Leave_LowPowerMode
 .text.USB_Interrupts_Config
                0x0000000008002454       0x2c /home/trees/src/github.mcush/halstm32f103rc_mcudev/std/vcp/hw_config.o
                0x0000000008002454                USB_Interrupts_Config
 .text.USB_Cable_Config
                0x0000000008002480        0x4 /home/trees/src/github.mcush/halstm32f103rc_mcudev/std/vcp/hw_config.o
                0x0000000008002480                USB_Cable_Config
 .text.USART_Config_Default
                0x0000000008002484        0x4 /home/trees/src/github.mcush/halstm32f103rc_mcudev/std/vcp/hw_config.o
                0x0000000008002484                USART_Config_Default
 .text.USART_Config
                0x0000000008002488        0x4 /home/trees/src/github.mcush/halstm32f103rc_mcudev/std/vcp/hw_config.o
                0x0000000008002488                USART_Config
 .text.USB_To_USART_Send_Data
                0x000000000800248c       0x30 /home/trees/src/github.mcush/halstm32f103rc_mcudev/std/vcp/hw_config.o
                0x000000000800248c                USB_To_USART_Send_Data
 .text.Handle_USBAsynchXfer
                0x00000000080024bc       0x98 /home/trees/src/github.mcush/halstm32f103rc_mcudev/std/vcp/hw_config.o
                0x00000000080024bc                Handle_USBAsynchXfer
 .text.USART_To_USB_Send_Data
                0x0000000008002554       0x54 /home/trees/src/github.mcush/halstm32f103rc_mcudev/std/vcp/hw_config.o
                0x0000000008002554                USART_To_USB_Send_Data
 .text.Get_SerialNum
                0x00000000080025a8       0x20 /home/trees/src/github.mcush/halstm32f103rc_mcudev/std/vcp/hw_config.o
                0x00000000080025a8                Get_SerialNum
 .text.USB_HP_CAN1_TX_IRQHandler
                0x00000000080025c8        0x4 /home/trees/src/github.mcush/halstm32f103rc_mcudev/std/vcp/irq_usb.o
                0x00000000080025c8                USB_HP_CAN1_TX_IRQHandler
 .text.USB_LP_CAN1_RX0_IRQHandler
                0x00000000080025cc       0x1c /home/trees/src/github.mcush/halstm32f103rc_mcudev/std/vcp/irq_usb.o
                0x00000000080025cc                USB_LP_CAN1_RX0_IRQHandler
 .text.USBWakeUp_IRQHandler
                0x00000000080025e8        0x8 /home/trees/src/github.mcush/halstm32f103rc_mcudev/std/vcp/irq_usb.o
                0x00000000080025e8                USBWakeUp_IRQHandler
 .text.EP1_IN_Callback
                0x00000000080025f0       0x68 /home/trees/src/github.mcush/halstm32f103rc_mcudev/std/vcp/usb_endp.o
                0x00000000080025f0                EP1_IN_Callback
 .text.EP3_OUT_Callback
                0x0000000008002658       0x24 /home/trees/src/github.mcush/halstm32f103rc_mcudev/std/vcp/usb_endp.o
                0x0000000008002658                EP3_OUT_Callback
 .text.SOF_Callback
                0x000000000800267c       0x34 /home/trees/src/github.mcush/halstm32f103rc_mcudev/std/vcp/usb_endp.o
                0x000000000800267c                SOF_Callback
 .text.USB_Istr
                0x00000000080026b0      0x1c0 /home/trees/src/github.mcush/halstm32f103rc_mcudev/std/vcp/usb_istr.o
                0x00000000080026b0                USB_Istr
 .text.Virtual_Com_Port_SetConfiguration
                0x0000000008002870       0x18 /home/trees/src/github.mcush/halstm32f103rc_mcudev/std/vcp/usb_prop.o
                0x0000000008002870                Virtual_Com_Port_SetConfiguration
 .text.Virtual_Com_Port_SetDeviceAddress
                0x0000000008002888        0xc /home/trees/src/github.mcush/halstm32f103rc_mcudev/std/vcp/usb_prop.o
                0x0000000008002888                Virtual_Com_Port_SetDeviceAddress
 .text.Virtual_Com_Port_Status_Out
                0x0000000008002894        0x4 /home/trees/src/github.mcush/halstm32f103rc_mcudev/std/vcp/usb_prop.o
                0x0000000008002894                Virtual_Com_Port_Status_Out
 .text.Virtual_Com_Port_Data_Setup
                0x0000000008002898       0x5c /home/trees/src/github.mcush/halstm32f103rc_mcudev/std/vcp/usb_prop.o
                0x0000000008002898                Virtual_Com_Port_Data_Setup
 .text.Virtual_Com_Port_NoData_Setup
                0x00000000080028f4       0x24 /home/trees/src/github.mcush/halstm32f103rc_mcudev/std/vcp/usb_prop.o
                0x00000000080028f4                Virtual_Com_Port_NoData_Setup
 .text.Virtual_Com_Port_Get_Interface_Setting
                0x0000000008002918       0x10 /home/trees/src/github.mcush/halstm32f103rc_mcudev/std/vcp/usb_prop.o
                0x0000000008002918                Virtual_Com_Port_Get_Interface_Setting
 .text.Virtual_Com_Port_GetLineCoding
                0x0000000008002928       0x18 /home/trees/src/github.mcush/halstm32f103rc_mcudev/std/vcp/usb_prop.o
                0x0000000008002928                Virtual_Com_Port_GetLineCoding
 .text.Virtual_Com_Port_SetLineCoding
                0x0000000008002940       0x18 /home/trees/src/github.mcush/halstm32f103rc_mcudev/std/vcp/usb_prop.o
                0x0000000008002940                Virtual_Com_Port_SetLineCoding
 .text.Virtual_Com_Port_init
                0x0000000008002958       0x28 /home/trees/src/github.mcush/halstm32f103rc_mcudev/std/vcp/usb_prop.o
                0x0000000008002958                Virtual_Com_Port_init
 .text.Virtual_Com_Port_Reset
                0x0000000008002980       0xe0 /home/trees/src/github.mcush/halstm32f103rc_mcudev/std/vcp/usb_prop.o
                0x0000000008002980                Virtual_Com_Port_Reset
 .text.Virtual_Com_Port_Status_In
                0x0000000008002a60       0x1c /home/trees/src/github.mcush/halstm32f103rc_mcudev/std/vcp/usb_prop.o
                0x0000000008002a60                Virtual_Com_Port_Status_In
 .text.Virtual_Com_Port_GetDeviceDescriptor
                0x0000000008002a7c        0xc /home/trees/src/github.mcush/halstm32f103rc_mcudev/std/vcp/usb_prop.o
                0x0000000008002a7c                Virtual_Com_Port_GetDeviceDescriptor
 .text.Virtual_Com_Port_GetConfigDescriptor
                0x0000000008002a88        0xc /home/trees/src/github.mcush/halstm32f103rc_mcudev/std/vcp/usb_prop.o
                0x0000000008002a88                Virtual_Com_Port_GetConfigDescriptor
 .text.Virtual_Com_Port_GetStringDescriptor
                0x0000000008002a94       0x20 /home/trees/src/github.mcush/halstm32f103rc_mcudev/std/vcp/usb_prop.o
                0x0000000008002a94                Virtual_Com_Port_GetStringDescriptor
 .text.PowerOn  0x0000000008002ab4       0x30 /home/trees/src/github.mcush/halstm32f103rc_mcudev/std/vcp/usb_pwr.o
                0x0000000008002ab4                PowerOn
 .text.Suspend  0x0000000008002ae4      0x124 /home/trees/src/github.mcush/halstm32f103rc_mcudev/std/vcp/usb_pwr.o
                0x0000000008002ae4                Suspend
 .text.Resume   0x0000000008002c08       0xd8 /home/trees/src/github.mcush/halstm32f103rc_mcudev/std/vcp/usb_pwr.o
                0x0000000008002c08                Resume
 .text.base64_init_encodestate
                0x0000000008002ce0        0xc /home/trees/src/github.mcush/mcush/mcush_base64.o
                0x0000000008002ce0                base64_init_encodestate
 .text.base64_encode_block
                0x0000000008002cec       0xc8 /home/trees/src/github.mcush/mcush/mcush_base64.o
                0x0000000008002cec                base64_encode_block
 .text.base64_encode_blockend
                0x0000000008002db4       0x5c /home/trees/src/github.mcush/mcush/mcush_base64.o
                0x0000000008002db4                base64_encode_blockend
 .text.base64_init_decodestate
                0x0000000008002e10        0x8 /home/trees/src/github.mcush/mcush/mcush_base64.o
                0x0000000008002e10                base64_init_decodestate
 .text.base64_decode_block
                0x0000000008002e18      0x114 /home/trees/src/github.mcush/mcush/mcush_base64.o
                0x0000000008002e18                base64_decode_block
 .text.vApplicationTickHook
                0x0000000008002f2c        0x4 /home/trees/src/github.mcush/mcush/mcush_hook.o
                0x0000000008002f2c                vApplicationTickHook
 .text.vApplicationIdleHook
                0x0000000008002f30        0x4 /home/trees/src/github.mcush/mcush/mcush_hook.o
                0x0000000008002f30                vApplicationIdleHook
 .text.vApplicationStackOverflowHook
                0x0000000008002f34        0x4 /home/trees/src/github.mcush/mcush/mcush_hook.o
                0x0000000008002f34                vApplicationStackOverflowHook
 .text.get_uptime_str
                0x0000000008002f38       0xac /home/trees/src/github.mcush/mcush/mcush_lib.o
                0x0000000008002f38                get_uptime_str
 .text.parse_int
                0x0000000008002fe4       0x44 /home/trees/src/github.mcush/mcush/mcush_lib.o
                0x0000000008002fe4                parse_int
 .text.parse_int_repeat
                0x0000000008003028       0x8c /home/trees/src/github.mcush/mcush/mcush_lib.o
                0x0000000008003028                parse_int_repeat
 .text.hexlify  0x00000000080030b4       0x54 /home/trees/src/github.mcush/mcush/mcush_lib.o
                0x00000000080030b4                hexlify
 .text.byte_to_unicode
                0x0000000008003108       0x24 /home/trees/src/github.mcush/mcush/mcush_lib.o
                0x0000000008003108                byte_to_unicode
 .text.mcush_opt_parser_init
                0x000000000800312c       0x1c /home/trees/src/github.mcush/mcush/mcush_opt.o
                0x000000000800312c                mcush_opt_parser_init
 .text.mcush_opt_parser_next
                0x0000000008003148      0x234 /home/trees/src/github.mcush/mcush/mcush_opt.o
                0x0000000008003148                mcush_opt_parser_next
 .text.mcush_opt_usage_print
                0x000000000800337c      0x1bc /home/trees/src/github.mcush/mcush/mcush_opt.o
                0x000000000800337c                mcush_opt_usage_print
 .text.mcush_opt_check_invalid_argument
                0x0000000008003538       0x54 /home/trees/src/github.mcush/mcush/mcush_opt.o
                0x0000000008003538                mcush_opt_check_invalid_argument
 .text.prints   0x000000000800358c      0x140 /home/trees/src/github.mcush/mcush/mcush_printf2.o
 .text.printi   0x00000000080036cc      0x108 /home/trees/src/github.mcush/mcush/mcush_printf2.o
 .text.print    0x00000000080037d4      0x814 /home/trees/src/github.mcush/mcush/mcush_printf2.o
 .text.sprintf  0x0000000008003fe8       0x28 /home/trees/src/github.mcush/mcush/mcush_printf2.o
                0x0000000008003fe8                sprintf
 .text.vsprintf
                0x0000000008004010       0x20 /home/trees/src/github.mcush/mcush/mcush_printf2.o
                0x0000000008004010                vsprintf
 .text._sbrk    0x0000000008004030       0x30 /home/trees/src/github.mcush/mcush/mcush_stub.o
                0x0000000008004030                _sbrk
 .text._halt    0x0000000008004060       0x3c /home/trees/src/github.mcush/mcush/mcush_stub.o
                0x0000000008004060                _halt
 .text.mcush_init
                0x000000000800409c       0x84 /home/trees/src/github.mcush/mcush/mcush_task.o
                0x000000000800409c                mcush_init
 .text.mcush_start
                0x0000000008004120       0x88 /home/trees/src/github.mcush/mcush/mcush_task.o
                0x0000000008004120                mcush_start
 .text.mcush_mount
                0x00000000080041a8       0x88 /home/trees/src/github.mcush/mcush/mcush_vfs.o
                0x00000000080041a8                mcush_mount
 .text.get_mount_point
                0x0000000008004230       0x58 /home/trees/src/github.mcush/mcush/mcush_vfs.o
                0x0000000008004230                get_mount_point
 .text.get_file_name
                0x0000000008004288       0x5c /home/trees/src/github.mcush/mcush/mcush_vfs.o
                0x0000000008004288                get_file_name
 .text.mcush_size
                0x00000000080042e4       0xf0 /home/trees/src/github.mcush/mcush/mcush_vfs.o
                0x00000000080042e4                mcush_size
 .text.mcush_open
                0x00000000080043d4      0x184 /home/trees/src/github.mcush/mcush/mcush_vfs.o
                0x00000000080043d4                mcush_open
 .text.mcush_read
                0x0000000008004558       0x84 /home/trees/src/github.mcush/mcush/mcush_vfs.o
                0x0000000008004558                mcush_read
 .text.mcush_write
                0x00000000080045dc       0x54 /home/trees/src/github.mcush/mcush/mcush_vfs.o
                0x00000000080045dc                mcush_write
 .text.mcush_close
                0x0000000008004630       0x50 /home/trees/src/github.mcush/mcush/mcush_vfs.o
                0x0000000008004630                mcush_close
 .text.mcush_list
                0x0000000008004680      0x134 /home/trees/src/github.mcush/mcush/mcush_vfs.o
                0x0000000008004680                mcush_list
 .text.mcush_romfs_umount
                0x00000000080047b4        0x4 /home/trees/src/github.mcush/mcush/mcush_vfs_romfs.o
                0x00000000080047b4                mcush_romfs_umount
 .text.mcush_romfs_info
                0x00000000080047b8        0xc /home/trees/src/github.mcush/mcush/mcush_vfs_romfs.o
                0x00000000080047b8                mcush_romfs_info
 .text.mcush_romfs_format
                0x00000000080047c4        0x4 /home/trees/src/github.mcush/mcush/mcush_vfs_romfs.o
                0x00000000080047c4                mcush_romfs_format
 .text.mcush_romfs_check
                0x00000000080047c8        0x4 /home/trees/src/github.mcush/mcush/mcush_vfs_romfs.o
                0x00000000080047c8                mcush_romfs_check
 .text.mcush_romfs_remove
                0x00000000080047cc        0x4 /home/trees/src/github.mcush/mcush/mcush_vfs_romfs.o
                0x00000000080047cc                mcush_romfs_remove
 .text.mcush_romfs_rename
                0x00000000080047d0        0x4 /home/trees/src/github.mcush/mcush/mcush_vfs_romfs.o
                0x00000000080047d0                mcush_romfs_rename
 .text.mcush_romfs_write
                0x00000000080047d4        0x8 /home/trees/src/github.mcush/mcush/mcush_vfs_romfs.o
                0x00000000080047d4                mcush_romfs_write
 .text.mcush_romfs_seek
                0x00000000080047dc       0x44 /home/trees/src/github.mcush/mcush/mcush_vfs_romfs.o
                0x00000000080047dc                mcush_romfs_seek
 .text.mcush_romfs_flush
                0x0000000008004820        0x4 /home/trees/src/github.mcush/mcush/mcush_vfs_romfs.o
                0x0000000008004820                mcush_romfs_flush
 .text.mcush_romfs_close
                0x0000000008004824       0x14 /home/trees/src/github.mcush/mcush/mcush_vfs_romfs.o
                0x0000000008004824                mcush_romfs_close
 .text.mcush_romfs_mount
                0x0000000008004838       0x24 /home/trees/src/github.mcush/mcush/mcush_vfs_romfs.o
                0x0000000008004838                mcush_romfs_mount
 .text.mcush_romfs_open
                0x000000000800485c       0x54 /home/trees/src/github.mcush/mcush/mcush_vfs_romfs.o
                0x000000000800485c                mcush_romfs_open
 .text.mcush_romfs_size
                0x00000000080048b0       0x30 /home/trees/src/github.mcush/mcush/mcush_vfs_romfs.o
                0x00000000080048b0                mcush_romfs_size
 .text.mcush_romfs_read
                0x00000000080048e0       0x48 /home/trees/src/github.mcush/mcush/mcush_vfs_romfs.o
                0x00000000080048e0                mcush_romfs_read
 .text.mcush_romfs_list
                0x0000000008004928       0x34 /home/trees/src/github.mcush/mcush/mcush_vfs_romfs.o
                0x0000000008004928                mcush_romfs_list
 .text.cmd_help
                0x000000000800495c       0x94 /home/trees/src/github.mcush/mcush/shell_commands.o
                0x000000000800495c                cmd_help
 .text.cmd_loop
                0x00000000080049f0      0x13c /home/trees/src/github.mcush/mcush/shell_commands.o
                0x00000000080049f0                cmd_loop
 .text.cmd_wait
                0x0000000008004b2c       0x78 /home/trees/src/github.mcush/mcush/shell_commands.o
                0x0000000008004b2c                cmd_wait
 .text.cmd_echo
                0x0000000008004ba4       0x38 /home/trees/src/github.mcush/mcush/shell_commands.o
                0x0000000008004ba4                cmd_echo
 .text.i2c_write_byte
                0x0000000008004bdc       0x8c /home/trees/src/github.mcush/mcush/shell_commands_emu.o
 .text.emu_i2c_init
                0x0000000008004c68       0xa4 /home/trees/src/github.mcush/mcush/shell_commands_emu.o
                0x0000000008004c68                emu_i2c_init
 .text.emu_i2c_write
                0x0000000008004d0c      0x250 /home/trees/src/github.mcush/mcush/shell_commands_emu.o
                0x0000000008004d0c                emu_i2c_write
 .text.cmd_i2c  0x0000000008004f5c      0x2f0 /home/trees/src/github.mcush/mcush/shell_commands_emu.o
                0x0000000008004f5c                cmd_i2c
 .text.emu_spi_init
                0x000000000800524c       0xb8 /home/trees/src/github.mcush/mcush/shell_commands_emu.o
                0x000000000800524c                emu_spi_init
 .text.emu_spi_write
                0x0000000008005304      0x178 /home/trees/src/github.mcush/mcush/shell_commands_emu.o
                0x0000000008005304                emu_spi_write
 .text.cmd_spi  0x000000000800547c      0x3b4 /home/trees/src/github.mcush/mcush/shell_commands_emu.o
                0x000000000800547c                cmd_spi
 .text.cmd_pulse
                0x0000000008005830      0x208 /home/trees/src/github.mcush/mcush/shell_commands_emu.o
                0x0000000008005830                cmd_pulse
 .text.cmd_ds1w
                0x0000000008005a38      0x38c /home/trees/src/github.mcush/mcush/shell_commands_emu.o
                0x0000000008005a38                cmd_ds1w
 .text.cb_print_file
                0x0000000008005dc4       0x2c /home/trees/src/github.mcush/mcush/shell_commands_fs.o
                0x0000000008005dc4                cb_print_file
 .text.cmd_cat  0x0000000008005df0      0x2a8 /home/trees/src/github.mcush/mcush/shell_commands_fs.o
                0x0000000008005df0                cmd_cat
 .text.cmd_list
                0x0000000008006098      0x140 /home/trees/src/github.mcush/mcush/shell_commands_fs.o
                0x0000000008006098                cmd_list
 .text.cmd_reboot
                0x00000000080061d8        0x8 /home/trees/src/github.mcush/mcush/shell_commands_hal.o
                0x00000000080061d8                cmd_reboot
 .text.cmd_gpio
                0x00000000080061e0      0x434 /home/trees/src/github.mcush/mcush/shell_commands_hal.o
                0x00000000080061e0                cmd_gpio
 .text.cmd_led  0x0000000008006614      0x1b8 /home/trees/src/github.mcush/mcush/shell_commands_hal.o
                0x0000000008006614                cmd_led
 .text.cmd_pwm  0x00000000080067cc      0x1c4 /home/trees/src/github.mcush/mcush/shell_commands_hal.o
                0x00000000080067cc                cmd_pwm
 .text.cmd_adc  0x0000000008006990      0x240 /home/trees/src/github.mcush/mcush/shell_commands_hal.o
                0x0000000008006990                cmd_adc
 .text.cmd_mapi
                0x0000000008006bd0      0x228 /home/trees/src/github.mcush/mcush/shell_commands_mem.o
                0x0000000008006bd0                cmd_mapi
 .text.cmd_mkbuf
                0x0000000008006df8       0x8c /home/trees/src/github.mcush/mcush/shell_commands_mem.o
                0x0000000008006df8                cmd_mkbuf
 .text.cmd_dump
                0x0000000008006e84      0x560 /home/trees/src/github.mcush/mcush/shell_commands_mem.o
                0x0000000008006e84                cmd_dump
 .text.cmd_write
                0x00000000080073e4      0x124 /home/trees/src/github.mcush/mcush/shell_commands_mem.o
                0x00000000080073e4                cmd_write
 .text.cmd_mfill
                0x0000000008007508      0x194 /home/trees/src/github.mcush/mcush/shell_commands_mem.o
                0x0000000008007508                cmd_mfill
 .text.cmd_scpi_idn
                0x000000000800769c       0x48 /home/trees/src/github.mcush/mcush/shell_commands_scpi.o
                0x000000000800769c                cmd_scpi_idn
 .text.cmd_scpi_rst
                0x00000000080076e4        0xc /home/trees/src/github.mcush/mcush/shell_commands_scpi.o
                0x00000000080076e4                cmd_scpi_rst
 .text.task_idle_counter_entry
                0x00000000080076f0        0x8 /home/trees/src/github.mcush/mcush/shell_commands_sys.o
                0x00000000080076f0                task_idle_counter_entry
 .text.cmd_uptime
                0x00000000080076f8       0x50 /home/trees/src/github.mcush/mcush/shell_commands_sys.o
                0x00000000080076f8                cmd_uptime
 .text.cmd_system
                0x0000000008007748      0x550 /home/trees/src/github.mcush/mcush/shell_commands_sys.o
                0x0000000008007748                cmd_system
 .text.shell_split_cmdline_into_argvs
                0x0000000008007c98      0x114 /home/trees/src/github.mcush/mcush/shell_core.o
 .text.shell_read
                0x0000000008007dac       0x60 /home/trees/src/github.mcush/mcush/shell_core.o
                0x0000000008007dac                shell_read
 .text.shell_write_char
                0x0000000008007e0c       0x2c /home/trees/src/github.mcush/mcush/shell_core.o
                0x0000000008007e0c                shell_write_char
 .text.shell_process_char
                0x0000000008007e38      0x610 /home/trees/src/github.mcush/mcush/shell_core.o
 .text.shell_write
                0x0000000008008448       0x20 /home/trees/src/github.mcush/mcush/shell_core.o
                0x0000000008008448                shell_write
 .text.shell_write_str
                0x0000000008008468       0x2c /home/trees/src/github.mcush/mcush/shell_core.o
                0x0000000008008468                shell_write_str
 .text.shell_write_line
                0x0000000008008494       0x44 /home/trees/src/github.mcush/mcush/shell_core.o
                0x0000000008008494                shell_write_line
 .text.shell_write_err
                0x00000000080084d8       0x5c /home/trees/src/github.mcush/mcush/shell_core.o
                0x00000000080084d8                shell_write_err
 .text.shell_printf
                0x0000000008008534       0x44 /home/trees/src/github.mcush/mcush/shell_core.o
                0x0000000008008534                shell_printf
 .text.shell_write_hex
                0x0000000008008578        0xc /home/trees/src/github.mcush/mcush/shell_core.o
                0x0000000008008578                shell_write_hex
 .text.shell_add_cmd_table
                0x0000000008008584       0x3c /home/trees/src/github.mcush/mcush/shell_core.o
                0x0000000008008584                shell_add_cmd_table
 .text.shell_get_prompt
                0x00000000080085c0       0x30 /home/trees/src/github.mcush/mcush/shell_core.o
                0x00000000080085c0                shell_get_prompt
 .text.shell_get_cmd_by_name
                0x00000000080085f0       0x80 /home/trees/src/github.mcush/mcush/shell_core.o
                0x00000000080085f0                shell_get_cmd_by_name
 .text.shell_print_help
                0x0000000008008670      0x1a4 /home/trees/src/github.mcush/mcush/shell_core.o
                0x0000000008008670                shell_print_help
 .text.shell_init
                0x0000000008008814       0x28 /home/trees/src/github.mcush/mcush/shell_core.o
                0x0000000008008814                shell_init
 .text.shell_read_multi_lines
                0x000000000800883c      0x21c /home/trees/src/github.mcush/mcush/shell_core.o
                0x000000000800883c                shell_read_multi_lines
 .text.shell_make_16bits_data_buffer
                0x0000000008008a58       0xa8 /home/trees/src/github.mcush/mcush/shell_core.o
                0x0000000008008a58                shell_make_16bits_data_buffer
 .text.shell_make_float_data_buffer
                0x0000000008008b00       0xfc /home/trees/src/github.mcush/mcush/shell_core.o
                0x0000000008008b00                shell_make_float_data_buffer
 .text.shell_run
                0x0000000008008bfc      0x278 /home/trees/src/github.mcush/mcush/shell_core.o
                0x0000000008008bfc                shell_run
 .text.vListInitialise
                0x0000000008008e74       0x18 /home/trees/src/github.mcush/libFreeRTOS/list.o
                0x0000000008008e74                vListInitialise
 .text.vListInitialiseItem
                0x0000000008008e8c        0x8 /home/trees/src/github.mcush/libFreeRTOS/list.o
                0x0000000008008e8c                vListInitialiseItem
 .text.vListInsertEnd
                0x0000000008008e94       0x18 /home/trees/src/github.mcush/libFreeRTOS/list.o
                0x0000000008008e94                vListInsertEnd
 .text.vListInsert
                0x0000000008008eac       0x34 /home/trees/src/github.mcush/libFreeRTOS/list.o
                0x0000000008008eac                vListInsert
 .text.uxListRemove
                0x0000000008008ee0       0x28 /home/trees/src/github.mcush/libFreeRTOS/list.o
                0x0000000008008ee0                uxListRemove
 .text.unlikely.prvCopyDataToQueue
                0x0000000008008f08       0x74 /home/trees/src/github.mcush/libFreeRTOS/queue.o
 .text.unlikely.prvCopyDataFromQueue
                0x0000000008008f7c       0x28 /home/trees/src/github.mcush/libFreeRTOS/queue.o
 .text.prvUnlockQueue
                0x0000000008008fa4       0x98 /home/trees/src/github.mcush/libFreeRTOS/queue.o
 .text.xQueueGenericReset
                0x000000000800903c       0x90 /home/trees/src/github.mcush/libFreeRTOS/queue.o
                0x000000000800903c                xQueueGenericReset
 .text.xQueueGenericCreate
                0x00000000080090cc       0x8c /home/trees/src/github.mcush/libFreeRTOS/queue.o
                0x00000000080090cc                xQueueGenericCreate
 .text.xQueueGenericSend
                0x0000000008009158      0x2b0 /home/trees/src/github.mcush/libFreeRTOS/queue.o
                0x0000000008009158                xQueueGenericSend
 .text.xQueueGenericSendFromISR
                0x0000000008009408       0xc8 /home/trees/src/github.mcush/libFreeRTOS/queue.o
                0x0000000008009408                xQueueGenericSendFromISR
 .text.xQueueReceive
                0x00000000080094d0      0x310 /home/trees/src/github.mcush/libFreeRTOS/queue.o
                0x00000000080094d0                xQueueReceive
 .text.xQueueReceiveFromISR
                0x00000000080097e0       0xa0 /home/trees/src/github.mcush/libFreeRTOS/queue.o
                0x00000000080097e0                xQueueReceiveFromISR
 .text.vQueueAddToRegistry
                0x0000000008009880       0x58 /home/trees/src/github.mcush/libFreeRTOS/queue.o
                0x0000000008009880                vQueueAddToRegistry
 .text.vQueueWaitForMessageRestricted
                0x00000000080098d8       0xd0 /home/trees/src/github.mcush/libFreeRTOS/queue.o
                0x00000000080098d8                vQueueWaitForMessageRestricted
 .text.mcushGetQueueRegistered
                0x00000000080099a8       0x34 /home/trees/src/github.mcush/libFreeRTOS/queue.o
                0x00000000080099a8                mcushGetQueueRegistered
 .text.mcushGetQueueInfo
                0x00000000080099dc       0x24 /home/trees/src/github.mcush/libFreeRTOS/queue.o
                0x00000000080099dc                mcushGetQueueInfo
 .text.prvIdleTask
                0x0000000008009a00       0x74 /home/trees/src/github.mcush/libFreeRTOS/tasks.o
 .text.prvAddCurrentTaskToDelayedList
                0x0000000008009a74       0x90 /home/trees/src/github.mcush/libFreeRTOS/tasks.o
 .text.xTaskCreate
                0x0000000008009b04      0x21c /home/trees/src/github.mcush/libFreeRTOS/tasks.o
                0x0000000008009b04                xTaskCreate
 .text.vTaskDelete
                0x0000000008009d20      0x108 /home/trees/src/github.mcush/libFreeRTOS/tasks.o
                0x0000000008009d20                vTaskDelete
 .text.vTaskPrioritySet
                0x0000000008009e28       0xdc /home/trees/src/github.mcush/libFreeRTOS/tasks.o
                0x0000000008009e28                vTaskPrioritySet
 .text.vTaskStartScheduler
                0x0000000008009f04      0x210 /home/trees/src/github.mcush/libFreeRTOS/tasks.o
                0x0000000008009f04                vTaskStartScheduler
 .text.vTaskSuspendAll
                0x000000000800a114       0x10 /home/trees/src/github.mcush/libFreeRTOS/tasks.o
                0x000000000800a114                vTaskSuspendAll
 .text.xTaskGetTickCount
                0x000000000800a124        0xc /home/trees/src/github.mcush/libFreeRTOS/tasks.o
                0x000000000800a124                xTaskGetTickCount
 .text.xTaskIncrementTick
                0x000000000800a130      0x164 /home/trees/src/github.mcush/libFreeRTOS/tasks.o
                0x000000000800a130                xTaskIncrementTick
 .text.xTaskResumeAll
                0x000000000800a294      0x11c /home/trees/src/github.mcush/libFreeRTOS/tasks.o
                0x000000000800a294                xTaskResumeAll
 .text.vTaskDelay
                0x000000000800a3b0       0x4c /home/trees/src/github.mcush/libFreeRTOS/tasks.o
                0x000000000800a3b0                vTaskDelay
 .text.uxTaskGetSystemState
                0x000000000800a3fc      0x460 /home/trees/src/github.mcush/libFreeRTOS/tasks.o
                0x000000000800a3fc                uxTaskGetSystemState
 .text.vTaskSwitchContext
                0x000000000800a85c       0xa4 /home/trees/src/github.mcush/libFreeRTOS/tasks.o
                0x000000000800a85c                vTaskSwitchContext
 .text.vTaskPlaceOnEventList
                0x000000000800a900       0xa4 /home/trees/src/github.mcush/libFreeRTOS/tasks.o
                0x000000000800a900                vTaskPlaceOnEventList
 .text.vTaskPlaceOnEventListRestricted
                0x000000000800a9a4       0xc0 /home/trees/src/github.mcush/libFreeRTOS/tasks.o
                0x000000000800a9a4                vTaskPlaceOnEventListRestricted
 .text.xTaskRemoveFromEventList
                0x000000000800aa64       0x88 /home/trees/src/github.mcush/libFreeRTOS/tasks.o
                0x000000000800aa64                xTaskRemoveFromEventList
 .text.vTaskInternalSetTimeOutState
                0x000000000800aaec       0x18 /home/trees/src/github.mcush/libFreeRTOS/tasks.o
                0x000000000800aaec                vTaskInternalSetTimeOutState
 .text.xTaskCheckForTimeOut
                0x000000000800ab04       0x98 /home/trees/src/github.mcush/libFreeRTOS/tasks.o
                0x000000000800ab04                xTaskCheckForTimeOut
 .text.vTaskMissedYield
                0x000000000800ab9c        0xc /home/trees/src/github.mcush/libFreeRTOS/tasks.o
                0x000000000800ab9c                vTaskMissedYield
 .text.xTaskGetSchedulerState
                0x000000000800aba8       0x20 /home/trees/src/github.mcush/libFreeRTOS/tasks.o
                0x000000000800aba8                xTaskGetSchedulerState
 .text.xTaskPriorityDisinherit
                0x000000000800abc8       0xb4 /home/trees/src/github.mcush/libFreeRTOS/tasks.o
                0x000000000800abc8                xTaskPriorityDisinherit
 .text.mcushGetTaskStackTop
                0x000000000800ac7c        0x4 /home/trees/src/github.mcush/libFreeRTOS/tasks.o
                0x000000000800ac7c                mcushGetTaskStackTop
 .text.mcushGetKernInfo
                0x000000000800ac80       0xd8 /home/trees/src/github.mcush/libFreeRTOS/tasks.o
                0x000000000800ac80                mcushGetKernInfo
 .text.mcushGetTaskNameFromTCB
                0x000000000800ad58        0x4 /home/trees/src/github.mcush/libFreeRTOS/tasks.o
                0x000000000800ad58                mcushGetTaskNameFromTCB
 .text.mcushGetTaskNamesFromTaskList
                0x000000000800ad5c       0x7c /home/trees/src/github.mcush/libFreeRTOS/tasks.o
                0x000000000800ad5c                mcushGetTaskNamesFromTaskList
 .text.prvSwitchTimerLists
                0x000000000800add8       0xa0 /home/trees/src/github.mcush/libFreeRTOS/timers.o
 .text.prvTimerTask
                0x000000000800ae78      0x2a4 /home/trees/src/github.mcush/libFreeRTOS/timers.o
 .text.xTimerCreateTimerTask
                0x000000000800b11c       0x9c /home/trees/src/github.mcush/libFreeRTOS/timers.o
                0x000000000800b11c                xTimerCreateTimerTask
 .text.pvPortMalloc
                0x000000000800b1b8       0x18 /home/trees/src/github.mcush/libFreeRTOS/portable/MemMang/heap_3.o
                0x000000000800b1b8                pvPortMalloc
 .text.vPortFree
                0x000000000800b1d0       0x1c /home/trees/src/github.mcush/libFreeRTOS/portable/MemMang/heap_3.o
                0x000000000800b1d0                vPortFree
 .text.pvPortRealloc
                0x000000000800b1ec       0x1c /home/trees/src/github.mcush/libFreeRTOS/portable/MemMang/heap_3.o
                0x000000000800b1ec                pvPortRealloc
 .text.prvTaskExitError
                0x000000000800b208       0x40 /home/trees/src/github.mcush/libFreeRTOS/portable/GCC/ARM_CM3/port.o
 .text.unlikely.prvPortStartFirstTask
                0x000000000800b248       0x20 /home/trees/src/github.mcush/libFreeRTOS/portable/GCC/ARM_CM3/port.o
 .text.pxPortInitialiseStack
                0x000000000800b268       0x24 /home/trees/src/github.mcush/libFreeRTOS/portable/GCC/ARM_CM3/port.o
                0x000000000800b268                pxPortInitialiseStack
 *fill*         0x000000000800b28c        0x4 
 .text.SVC_Handler
                0x000000000800b290       0x24 /home/trees/src/github.mcush/libFreeRTOS/portable/GCC/ARM_CM3/port.o
                0x000000000800b290                SVC_Handler
 .text.vPortEnterCritical
                0x000000000800b2b4       0x44 /home/trees/src/github.mcush/libFreeRTOS/portable/GCC/ARM_CM3/port.o
                0x000000000800b2b4                vPortEnterCritical
 .text.vPortExitCritical
                0x000000000800b2f8       0x28 /home/trees/src/github.mcush/libFreeRTOS/portable/GCC/ARM_CM3/port.o
                0x000000000800b2f8                vPortExitCritical
 .text.PendSV_Handler
                0x000000000800b320       0x44 /home/trees/src/github.mcush/libFreeRTOS/portable/GCC/ARM_CM3/port.o
                0x000000000800b320                PendSV_Handler
 .text.SysTick_Handler
                0x000000000800b364       0x2c /home/trees/src/github.mcush/libFreeRTOS/portable/GCC/ARM_CM3/port.o
                0x000000000800b364                SysTick_Handler
 .text.vPortSetupTimerInterrupt
                0x000000000800b390       0x34 /home/trees/src/github.mcush/libFreeRTOS/portable/GCC/ARM_CM3/port.o
                0x000000000800b390                vPortSetupTimerInterrupt
 .text.xPortStartScheduler
                0x000000000800b3c4       0xbc /home/trees/src/github.mcush/libFreeRTOS/portable/GCC/ARM_CM3/port.o
                0x000000000800b3c4                xPortStartScheduler
 .text.vPortValidateInterruptPriority
                0x000000000800b480       0x5c /home/trees/src/github.mcush/libFreeRTOS/portable/GCC/ARM_CM3/port.o
                0x000000000800b480                vPortValidateInterruptPriority
 .text.startup.main
                0x000000000800b4dc       0x10 main.o
                0x000000000800b4dc                main
 .text.cmd_error
                0x000000000800b4ec       0xd0 task_blink.o
                0x000000000800b4ec                cmd_error
 .text.task_blink_entry
                0x000000000800b5bc       0xe4 task_blink.o
                0x000000000800b5bc                task_blink_entry
 .text.task_blink_init
                0x000000000800b6a0       0x40 task_blink.o
                0x000000000800b6a0                task_blink_init
 .text.__signbitf
                0x000000000800b6e0        0x4 /usr/lib/gcc/arm-none-eabi/4.9.3/../../../arm-none-eabi/lib/armv7-m/libm.a(lib_a-s_signbit.o)
                0x000000000800b6e0                __signbitf
 .text.__fpclassifyf
                0x000000000800b6e4       0x34 /usr/lib/gcc/arm-none-eabi/4.9.3/../../../arm-none-eabi/lib/armv7-m/libm.a(lib_a-sf_fpclassify.o)
                0x000000000800b6e4                __fpclassifyf
 .text.__fpclassifyd
                0x000000000800b718       0x58 /usr/lib/gcc/arm-none-eabi/4.9.3/../../../arm-none-eabi/lib/armv7-m/libm.a(lib_a-s_fpclassify.o)
                0x000000000800b718                __fpclassifyd
 .text          0x000000000800b770      0x370 /usr/lib/gcc/arm-none-eabi/4.9.3/armv7-m/libgcc.a(_arm_addsubdf3.o)
                0x000000000800b770                __aeabi_drsub
                0x000000000800b778                __aeabi_dsub
                0x000000000800b778                __subdf3
                0x000000000800b77c                __adddf3
                0x000000000800b77c                __aeabi_dadd
                0x000000000800b9f4                __aeabi_ui2d
                0x000000000800b9f4                __floatunsidf
                0x000000000800ba14                __floatsidf
                0x000000000800ba14                __aeabi_i2d
                0x000000000800ba38                __extendsfdf2
                0x000000000800ba38                __aeabi_f2d
                0x000000000800ba74                __aeabi_ul2d
                0x000000000800ba74                __floatundidf
                0x000000000800ba84                __floatdidf
                0x000000000800ba84                __aeabi_l2d
 .text          0x000000000800bae0      0x424 /usr/lib/gcc/arm-none-eabi/4.9.3/armv7-m/libgcc.a(_arm_muldivdf3.o)
                0x000000000800bae0                __aeabi_dmul
                0x000000000800bae0                __muldf3
                0x000000000800bd34                __aeabi_ddiv
                0x000000000800bd34                __divdf3
 .text          0x000000000800bf04      0x110 /usr/lib/gcc/arm-none-eabi/4.9.3/armv7-m/libgcc.a(_arm_cmpdf2.o)
                0x000000000800bf04                __gtdf2
                0x000000000800bf04                __gedf2
                0x000000000800bf0c                __ltdf2
                0x000000000800bf0c                __ledf2
                0x000000000800bf14                __cmpdf2
                0x000000000800bf14                __eqdf2
                0x000000000800bf14                __nedf2
                0x000000000800bf90                __aeabi_cdrcmple
                0x000000000800bfa0                __aeabi_cdcmple
                0x000000000800bfa0                __aeabi_cdcmpeq
                0x000000000800bfb0                __aeabi_dcmpeq
                0x000000000800bfc4                __aeabi_dcmplt
                0x000000000800bfd8                __aeabi_dcmple
                0x000000000800bfec                __aeabi_dcmpge
                0x000000000800c000                __aeabi_dcmpgt
 .text          0x000000000800c014       0x50 /usr/lib/gcc/arm-none-eabi/4.9.3/armv7-m/libgcc.a(_arm_fixdfsi.o)
                0x000000000800c014                __fixdfsi
                0x000000000800c014                __aeabi_d2iz
 .text          0x000000000800c064       0x40 /usr/lib/gcc/arm-none-eabi/4.9.3/armv7-m/libgcc.a(_arm_fixunsdfsi.o)
                0x000000000800c064                __fixunsdfsi
                0x000000000800c064                __aeabi_d2uiz
 .text          0x000000000800c0a4       0xa0 /usr/lib/gcc/arm-none-eabi/4.9.3/armv7-m/libgcc.a(_arm_truncdfsf2.o)
                0x000000000800c0a4                __aeabi_d2f
                0x000000000800c0a4                __truncdfsf2
 .text          0x000000000800c144      0x21c /usr/lib/gcc/arm-none-eabi/4.9.3/armv7-m/libgcc.a(_arm_addsubsf3.o)
                0x000000000800c144                __aeabi_frsub
                0x000000000800c14c                __subsf3
                0x000000000800c14c                __aeabi_fsub
                0x000000000800c150                __aeabi_fadd
                0x000000000800c150                __addsf3
                0x000000000800c2b0                __aeabi_ui2f
                0x000000000800c2b0                __floatunsisf
                0x000000000800c2b8                __aeabi_i2f
                0x000000000800c2b8                __floatsisf
                0x000000000800c2d4                __floatundisf
                0x000000000800c2d4                __aeabi_ul2f
                0x000000000800c2e4                __floatdisf
                0x000000000800c2e4                __aeabi_l2f
 .text          0x000000000800c360      0x2a0 /usr/lib/gcc/arm-none-eabi/4.9.3/armv7-m/libgcc.a(_arm_muldivsf3.o)
                0x000000000800c360                __mulsf3
                0x000000000800c360                __aeabi_fmul
                0x000000000800c4c8                __divsf3
                0x000000000800c4c8                __aeabi_fdiv
 .text          0x000000000800c600       0xec /usr/lib/gcc/arm-none-eabi/4.9.3/armv7-m/libgcc.a(_arm_cmpsf2.o)
                0x000000000800c600                __gtsf2
                0x000000000800c600                __gesf2
                0x000000000800c608                __lesf2
                0x000000000800c608                __ltsf2
                0x000000000800c610                __nesf2
                0x000000000800c610                __eqsf2
                0x000000000800c610                __cmpsf2
                0x000000000800c670                __aeabi_cfrcmple
                0x000000000800c678                __aeabi_cfcmple
                0x000000000800c678                __aeabi_cfcmpeq
                0x000000000800c688                __aeabi_fcmpeq
                0x000000000800c69c                __aeabi_fcmplt
                0x000000000800c6b0                __aeabi_fcmple
                0x000000000800c6c4                __aeabi_fcmpge
                0x000000000800c6d8                __aeabi_fcmpgt
 .text          0x000000000800c6ec       0x4c /usr/lib/gcc/arm-none-eabi/4.9.3/armv7-m/libgcc.a(_arm_fixsfsi.o)
                0x000000000800c6ec                __fixsfsi
                0x000000000800c6ec                __aeabi_f2iz
 .text._calloc_r
                0x000000000800c738       0x60 /usr/lib/gcc/arm-none-eabi/4.9.3/../../../arm-none-eabi/lib/armv7-m/libc.a(lib_a-callocr.o)
                0x000000000800c738                _calloc_r
 .text.malloc   0x000000000800c798       0x10 /usr/lib/gcc/arm-none-eabi/4.9.3/../../../arm-none-eabi/lib/armv7-m/libc.a(lib_a-malloc.o)
                0x000000000800c798                malloc
 .text.free     0x000000000800c7a8       0x10 /usr/lib/gcc/arm-none-eabi/4.9.3/../../../arm-none-eabi/lib/armv7-m/libc.a(lib_a-malloc.o)
                0x000000000800c7a8                free
 .text._malloc_r
                0x000000000800c7b8      0x50c /usr/lib/gcc/arm-none-eabi/4.9.3/../../../arm-none-eabi/lib/armv7-m/libc.a(lib_a-mallocr.o)
                0x000000000800c7b8                _malloc_r
 .text          0x000000000800ccc4       0xec /usr/lib/gcc/arm-none-eabi/4.9.3/../../../arm-none-eabi/lib/armv7-m/libc.a(lib_a-memcpy.o)
                0x000000000800ccc4                memcpy
 .text.memmove  0x000000000800cdb0       0xc8 /usr/lib/gcc/arm-none-eabi/4.9.3/../../../arm-none-eabi/lib/armv7-m/libc.a(lib_a-memmove.o)
                0x000000000800cdb0                memmove
 .text.__malloc_lock
                0x000000000800ce78        0x4 /usr/lib/gcc/arm-none-eabi/4.9.3/../../../arm-none-eabi/lib/armv7-m/libc.a(lib_a-mlock.o)
                0x000000000800ce78                __malloc_lock
 .text.__malloc_unlock
                0x000000000800ce7c        0x4 /usr/lib/gcc/arm-none-eabi/4.9.3/../../../arm-none-eabi/lib/armv7-m/libc.a(lib_a-mlock.o)
                0x000000000800ce7c                __malloc_unlock
 .text.mallinfo
                0x000000000800ce80       0x14 /usr/lib/gcc/arm-none-eabi/4.9.3/../../../arm-none-eabi/lib/armv7-m/libc.a(lib_a-mstats.o)
                0x000000000800ce80                mallinfo
 .text.realloc  0x000000000800ce94       0x10 /usr/lib/gcc/arm-none-eabi/4.9.3/../../../arm-none-eabi/lib/armv7-m/libc.a(lib_a-realloc.o)
                0x000000000800ce94                realloc
 .text._realloc_r
                0x000000000800cea4      0x3e0 /usr/lib/gcc/arm-none-eabi/4.9.3/../../../arm-none-eabi/lib/armv7-m/libc.a(lib_a-reallocr.o)
                0x000000000800cea4                _realloc_r
 .text._sbrk_r  0x000000000800d284       0x24 /usr/lib/gcc/arm-none-eabi/4.9.3/../../../arm-none-eabi/lib/armv7-m/libc.a(lib_a-sbrkr.o)
                0x000000000800d284                _sbrk_r
 .text.stpcpy   0x000000000800d2a8       0x4c /usr/lib/gcc/arm-none-eabi/4.9.3/../../../arm-none-eabi/lib/armv7-m/libc.a(lib_a-stpcpy.o)
                0x000000000800d2a8                stpcpy
 .text.strcat   0x000000000800d2f4       0x40 /usr/lib/gcc/arm-none-eabi/4.9.3/../../../arm-none-eabi/lib/armv7-m/libc.a(lib_a-strcat.o)
                0x000000000800d2f4                strcat
 .text          0x000000000800d334      0x1bc /usr/lib/gcc/arm-none-eabi/4.9.3/../../../arm-none-eabi/lib/armv7-m/libc.a(lib_a-strcmp.o)
                0x000000000800d334                strcmp
 .text.strcpy   0x000000000800d4f0       0xbc /usr/lib/gcc/arm-none-eabi/4.9.3/../../../arm-none-eabi/lib/armv7-m/libc.a(lib_a-strcpy.o)
                0x000000000800d4f0                strcpy
 .text.strlen   0x000000000800d5ac       0x5c /usr/lib/gcc/arm-none-eabi/4.9.3/../../../arm-none-eabi/lib/armv7-m/libc.a(lib_a-strlen.o)
                0x000000000800d5ac                strlen
 .text.strncmp  0x000000000800d608       0x94 /usr/lib/gcc/arm-none-eabi/4.9.3/../../../arm-none-eabi/lib/armv7-m/libc.a(lib_a-strncmp.o)
                0x000000000800d608                strncmp
 .text.strrchr  0x000000000800d69c       0x24 /usr/lib/gcc/arm-none-eabi/4.9.3/../../../arm-none-eabi/lib/armv7-m/libc.a(lib_a-strrchr.o)
                0x000000000800d69c                strrchr
 .text.sulp     0x000000000800d6c0       0x44 /usr/lib/gcc/arm-none-eabi/4.9.3/../../../arm-none-eabi/lib/armv7-m/libc.a(lib_a-strtod.o)
 *fill*         0x000000000800d704        0x4 
 .text._strtod_r
                0x000000000800d708      0xf30 /usr/lib/gcc/arm-none-eabi/4.9.3/../../../arm-none-eabi/lib/armv7-m/libc.a(lib_a-strtod.o)
                0x000000000800d708                _strtod_r
 .text.strtof   0x000000000800e638       0x30 /usr/lib/gcc/arm-none-eabi/4.9.3/../../../arm-none-eabi/lib/armv7-m/libc.a(lib_a-strtod.o)
                0x000000000800e638                strtof
 .text._strtol_r
                0x000000000800e668      0x11c /usr/lib/gcc/arm-none-eabi/4.9.3/../../../arm-none-eabi/lib/armv7-m/libc.a(lib_a-strtol.o)
                0x000000000800e668                _strtol_r
 .text.strtol   0x000000000800e784       0x18 /usr/lib/gcc/arm-none-eabi/4.9.3/../../../arm-none-eabi/lib/armv7-m/libc.a(lib_a-strtol.o)
                0x000000000800e784                strtol
 .text.strtoll  0x000000000800e79c       0x18 /usr/lib/gcc/arm-none-eabi/4.9.3/../../../arm-none-eabi/lib/armv7-m/libc.a(lib_a-strtoll.o)
                0x000000000800e79c                strtoll
 .text._strtoll_r
                0x000000000800e7b4      0x1cc /usr/lib/gcc/arm-none-eabi/4.9.3/../../../arm-none-eabi/lib/armv7-m/libc.a(lib_a-strtoll_r.o)
                0x000000000800e7b4                _strtoll_r
 .text._malloc_trim_r
                0x000000000800e980       0x9c /usr/lib/gcc/arm-none-eabi/4.9.3/../../../arm-none-eabi/lib/armv7-m/libc.a(lib_a-freer.o)
                0x000000000800e980                _malloc_trim_r
 .text._free_r  0x000000000800ea1c      0x1b0 /usr/lib/gcc/arm-none-eabi/4.9.3/../../../arm-none-eabi/lib/armv7-m/libc.a(lib_a-freer.o)
                0x000000000800ea1c                _free_r
 .text.rshift   0x000000000800ebcc       0xa0 /usr/lib/gcc/arm-none-eabi/4.9.3/../../../arm-none-eabi/lib/armv7-m/libc.a(lib_a-gdtoa-gethex.o)
 .text.__gethex
                0x000000000800ec6c      0x514 /usr/lib/gcc/arm-none-eabi/4.9.3/../../../arm-none-eabi/lib/armv7-m/libc.a(lib_a-gdtoa-gethex.o)
                0x000000000800ec6c                __gethex
 .text.__hexnan
                0x000000000800f180      0x184 /usr/lib/gcc/arm-none-eabi/4.9.3/../../../arm-none-eabi/lib/armv7-m/libc.a(lib_a-gdtoa-hexnan.o)
                0x000000000800f180                __hexnan
 .text._localeconv_r
                0x000000000800f304        0x8 /usr/lib/gcc/arm-none-eabi/4.9.3/../../../arm-none-eabi/lib/armv7-m/libc.a(lib_a-locale.o)
                0x000000000800f304                _localeconv_r
 .text.__malloc_update_mallinfo
                0x000000000800f30c       0x58 /usr/lib/gcc/arm-none-eabi/4.9.3/../../../arm-none-eabi/lib/armv7-m/libc.a(lib_a-mallinfor.o)
                0x000000000800f30c                __malloc_update_mallinfo
 .text._mallinfo_r
                0x000000000800f364       0x34 /usr/lib/gcc/arm-none-eabi/4.9.3/../../../arm-none-eabi/lib/armv7-m/libc.a(lib_a-mallinfor.o)
                0x000000000800f364                _mallinfo_r
 .text._Balloc  0x000000000800f398       0x50 /usr/lib/gcc/arm-none-eabi/4.9.3/../../../arm-none-eabi/lib/armv7-m/libc.a(lib_a-mprec.o)
                0x000000000800f398                _Balloc
 .text._Bfree   0x000000000800f3e8       0x14 /usr/lib/gcc/arm-none-eabi/4.9.3/../../../arm-none-eabi/lib/armv7-m/libc.a(lib_a-mprec.o)
                0x000000000800f3e8                _Bfree
 .text.__multadd
                0x000000000800f3fc       0x84 /usr/lib/gcc/arm-none-eabi/4.9.3/../../../arm-none-eabi/lib/armv7-m/libc.a(lib_a-mprec.o)
                0x000000000800f3fc                __multadd
 .text.__s2b    0x000000000800f480       0x98 /usr/lib/gcc/arm-none-eabi/4.9.3/../../../arm-none-eabi/lib/armv7-m/libc.a(lib_a-mprec.o)
                0x000000000800f480                __s2b
 .text.__hi0bits
                0x000000000800f518       0x40 /usr/lib/gcc/arm-none-eabi/4.9.3/../../../arm-none-eabi/lib/armv7-m/libc.a(lib_a-mprec.o)
                0x000000000800f518                __hi0bits
 .text.__lo0bits
                0x000000000800f558       0x5c /usr/lib/gcc/arm-none-eabi/4.9.3/../../../arm-none-eabi/lib/armv7-m/libc.a(lib_a-mprec.o)
                0x000000000800f558                __lo0bits
 .text.__i2b    0x000000000800f5b4       0x14 /usr/lib/gcc/arm-none-eabi/4.9.3/../../../arm-none-eabi/lib/armv7-m/libc.a(lib_a-mprec.o)
                0x000000000800f5b4                __i2b
 .text.__multiply
                0x000000000800f5c8      0x140 /usr/lib/gcc/arm-none-eabi/4.9.3/../../../arm-none-eabi/lib/armv7-m/libc.a(lib_a-mprec.o)
                0x000000000800f5c8                __multiply
 .text.__pow5mult
                0x000000000800f708       0xa0 /usr/lib/gcc/arm-none-eabi/4.9.3/../../../arm-none-eabi/lib/armv7-m/libc.a(lib_a-mprec.o)
                0x000000000800f708                __pow5mult
 .text.__lshift
                0x000000000800f7a8       0xb0 /usr/lib/gcc/arm-none-eabi/4.9.3/../../../arm-none-eabi/lib/armv7-m/libc.a(lib_a-mprec.o)
                0x000000000800f7a8                __lshift
 .text.__mcmp   0x000000000800f858       0x48 /usr/lib/gcc/arm-none-eabi/4.9.3/../../../arm-none-eabi/lib/armv7-m/libc.a(lib_a-mprec.o)
                0x000000000800f858                __mcmp
 .text.__mdiff  0x000000000800f8a0       0xe4 /usr/lib/gcc/arm-none-eabi/4.9.3/../../../arm-none-eabi/lib/armv7-m/libc.a(lib_a-mprec.o)
                0x000000000800f8a0                __mdiff
 .text.__ulp    0x000000000800f984       0x44 /usr/lib/gcc/arm-none-eabi/4.9.3/../../../arm-none-eabi/lib/armv7-m/libc.a(lib_a-mprec.o)
                0x000000000800f984                __ulp
 .text.__b2d    0x000000000800f9c8       0xd0 /usr/lib/gcc/arm-none-eabi/4.9.3/../../../arm-none-eabi/lib/armv7-m/libc.a(lib_a-mprec.o)
                0x000000000800f9c8                __b2d
 .text.__d2b    0x000000000800fa98       0xa8 /usr/lib/gcc/arm-none-eabi/4.9.3/../../../arm-none-eabi/lib/armv7-m/libc.a(lib_a-mprec.o)
                0x000000000800fa98                __d2b
 .text.__ratio  0x000000000800fb40       0x58 /usr/lib/gcc/arm-none-eabi/4.9.3/../../../arm-none-eabi/lib/armv7-m/libc.a(lib_a-mprec.o)
                0x000000000800fb40                __ratio
 .text.__copybits
                0x000000000800fb98       0x48 /usr/lib/gcc/arm-none-eabi/4.9.3/../../../arm-none-eabi/lib/armv7-m/libc.a(lib_a-mprec.o)
                0x000000000800fb98                __copybits
 .text.__any_on
                0x000000000800fbe0       0x5c /usr/lib/gcc/arm-none-eabi/4.9.3/../../../arm-none-eabi/lib/armv7-m/libc.a(lib_a-mprec.o)
                0x000000000800fbe0                __any_on
 .text.nanf     0x000000000800fc3c        0x8 /usr/lib/gcc/arm-none-eabi/4.9.3/../../../arm-none-eabi/lib/armv7-m/libc.a(lib_a-sf_nan.o)
                0x000000000800fc3c                nanf
 .text.strchr   0x000000000800fc44       0xcc /usr/lib/gcc/arm-none-eabi/4.9.3/../../../arm-none-eabi/lib/armv7-m/libc.a(lib_a-strchr.o)
                0x000000000800fc44                strchr
 .text          0x000000000800fd10       0x30 /usr/lib/gcc/arm-none-eabi/4.9.3/armv7-m/libgcc.a(_aeabi_uldivmod.o)
                0x000000000800fd10                __aeabi_uldivmod
 .text          0x000000000800fd40       0x60 /usr/lib/gcc/arm-none-eabi/4.9.3/armv7-m/libgcc.a(bpabi.o)
                0x000000000800fd40                __gnu_ldivmod_helper
                0x000000000800fd70                __gnu_uldivmod_helper
 .text          0x000000000800fda0        0x4 /usr/lib/gcc/arm-none-eabi/4.9.3/armv7-m/libgcc.a(_dvmd_tls.o)
                0x000000000800fda0                __aeabi_ldiv0
                0x000000000800fda0                __aeabi_idiv0
 .text          0x000000000800fda4      0x2ac /usr/lib/gcc/arm-none-eabi/4.9.3/armv7-m/libgcc.a(_divdi3.o)
                0x000000000800fda4                __divdi3
 .text          0x0000000008010050      0x270 /usr/lib/gcc/arm-none-eabi/4.9.3/armv7-m/libgcc.a(_udivdi3.o)
                0x0000000008010050                __udivdi3
 *(.rodata*)
 .rodata.str1.4
                0x00000000080102c0        0x2 /usr/lib/gcc/arm-none-eabi/4.9.3/../../../arm-none-eabi/lib/armv7-m/libc.a(lib_a-impure.o)
                                          0x4 (size before relaxing)
 *fill*         0x00000000080102c2        0x2 
 .rodata._adc_pins
                0x00000000080102c4        0x4 /home/trees/src/github.mcush/halstm32f103rc_mcudev/std/hal_adc.o
 .rodata._adc_ports
                0x00000000080102c8        0x4 /home/trees/src/github.mcush/halstm32f103rc_mcudev/std/hal_adc.o
 .rodata.ports  0x00000000080102cc       0x1c /home/trees/src/github.mcush/halstm32f103rc_mcudev/std/hal_gpio.o
                0x00000000080102cc                ports
 .rodata._pwm_pins
                0x00000000080102e8        0x4 /home/trees/src/github.mcush/halstm32f103rc_mcudev/std/hal_pwm.o
 .rodata._pwm_oc_setcmp
                0x00000000080102ec       0x10 /home/trees/src/github.mcush/halstm32f103rc_mcudev/std/hal_pwm.o
 .rodata._pwm_oc_init
                0x00000000080102fc       0x10 /home/trees/src/github.mcush/halstm32f103rc_mcudev/std/hal_pwm.o
 .rodata._pwm_ports
                0x000000000801030c        0x4 /home/trees/src/github.mcush/halstm32f103rc_mcudev/std/hal_pwm.o
 .rodata.Virtual_Com_Port_StringVendor
                0x0000000008010310       0x3a /home/trees/src/github.mcush/halstm32f103rc_mcudev/std/vcp/usb_desc.o
                0x0000000008010310                Virtual_Com_Port_StringVendor
 *fill*         0x000000000801034a        0x2 
 .rodata.Virtual_Com_Port_DeviceDescriptor
                0x000000000801034c       0x12 /home/trees/src/github.mcush/halstm32f103rc_mcudev/std/vcp/usb_desc.o
                0x000000000801034c                Virtual_Com_Port_DeviceDescriptor
 *fill*         0x000000000801035e        0x2 
 .rodata.Virtual_Com_Port_StringLangID
                0x0000000008010360        0x4 /home/trees/src/github.mcush/halstm32f103rc_mcudev/std/vcp/usb_desc.o
                0x0000000008010360                Virtual_Com_Port_StringLangID
 .rodata.Virtual_Com_Port_StringProduct
                0x0000000008010364       0x14 /home/trees/src/github.mcush/halstm32f103rc_mcudev/std/vcp/usb_desc.o
                0x0000000008010364                Virtual_Com_Port_StringProduct
 .rodata.Virtual_Com_Port_ConfigDescriptor
                0x0000000008010378       0x43 /home/trees/src/github.mcush/halstm32f103rc_mcudev/std/vcp/usb_desc.o
                0x0000000008010378                Virtual_Com_Port_ConfigDescriptor
 *fill*         0x00000000080103bb        0x1 
 .rodata.encoding.4123
                0x00000000080103bc       0x41 /home/trees/src/github.mcush/mcush/mcush_base64.o
 *fill*         0x00000000080103fd        0x3 
 .rodata.decoding.4151
                0x0000000008010400       0x50 /home/trees/src/github.mcush/mcush/mcush_base64.o
 .rodata.str1.4
                0x0000000008010450       0x28 /home/trees/src/github.mcush/mcush/mcush_lib.o
 .rodata.str1.4
                0x0000000008010478       0xb8 /home/trees/src/github.mcush/mcush/mcush_opt.o
                                         0xc0 (size before relaxing)
 .rodata.str1.4
                0x0000000008010530        0x7 /home/trees/src/github.mcush/mcush/mcush_printf2.o
 *fill*         0x0000000008010537        0x1 
 .rodata.round_nums
                0x0000000008010538       0x78 /home/trees/src/github.mcush/mcush/mcush_printf2.o
 .rodata.str1.4
                0x00000000080105b0        0x7 /home/trees/src/github.mcush/mcush/mcush_task.o
                                          0xb (size before relaxing)
 *fill*         0x00000000080105b7        0x1 
 .rodata.mcush_romfs_driver
                0x00000000080105b8       0x40 /home/trees/src/github.mcush/mcush/mcush_vfs_romfs.o
                0x00000000080105b8                mcush_romfs_driver
 .rodata.str1.4
                0x00000000080105f8       0x12 /home/trees/src/github.mcush/mcush/mcush_vfs_romfs.o
 *fill*         0x000000000801060a        0x2 
 .rodata.file_readme
                0x000000000801060c       0x58 /home/trees/src/github.mcush/mcush/mcush_vfs_romfs.o
                0x000000000801060c                file_readme
 .rodata.romfs_tab
                0x0000000008010664       0x24 /home/trees/src/github.mcush/mcush/mcush_vfs_romfs.o
                0x0000000008010664                romfs_tab
 .rodata.opt_spec.9896
                0x0000000008010688       0x20 /home/trees/src/github.mcush/mcush/shell_commands.o
 .rodata.str1.4
                0x00000000080106a8      0x458 /home/trees/src/github.mcush/mcush/shell_commands.o
                                        0x470 (size before relaxing)
 .rodata.opt_spec.9859
                0x0000000008010b00       0x30 /home/trees/src/github.mcush/mcush/shell_commands.o
 .rodata.CMD_TAB
                0x0000000008010b30      0x1f4 /home/trees/src/github.mcush/mcush/shell_commands.o
                0x0000000008010b30                CMD_TAB
 .rodata.opt_spec.9872
                0x0000000008010d24       0x40 /home/trees/src/github.mcush/mcush/shell_commands.o
 .rodata.opt_spec.9989
                0x0000000008010d64       0xa0 /home/trees/src/github.mcush/mcush/shell_commands_emu.o
 .rodata.str1.4
                0x0000000008010e04      0x1ab /home/trees/src/github.mcush/mcush/shell_commands_emu.o
                                        0x1af (size before relaxing)
 *fill*         0x0000000008010faf        0x1 
 .rodata.opt_spec.9811
                0x0000000008010fb0       0xb0 /home/trees/src/github.mcush/mcush/shell_commands_emu.o
 .rodata.opt_spec.9875
                0x0000000008011060       0xe0 /home/trees/src/github.mcush/mcush/shell_commands_emu.o
 .rodata.opt_spec.9928
                0x0000000008011140       0x70 /home/trees/src/github.mcush/mcush/shell_commands_emu.o
 .rodata.opt_spec.9799
                0x00000000080111b0       0x20 /home/trees/src/github.mcush/mcush/shell_commands_fs.o
 .rodata.str1.4
                0x00000000080111d0       0x8f /home/trees/src/github.mcush/mcush/shell_commands_fs.o
                                         0x97 (size before relaxing)
 *fill*         0x000000000801125f        0x1 
 .rodata.opt_spec.9755
                0x0000000008011260       0x60 /home/trees/src/github.mcush/mcush/shell_commands_fs.o
 .rodata.opt_spec.9827
                0x00000000080112c0       0x80 /home/trees/src/github.mcush/mcush/shell_commands_hal.o
 .rodata.opt_spec.9795
                0x0000000008011340       0x70 /home/trees/src/github.mcush/mcush/shell_commands_hal.o
 .rodata.str1.4
                0x00000000080113b0      0x193 /home/trees/src/github.mcush/mcush/shell_commands_hal.o
                                        0x1bf (size before relaxing)
 *fill*         0x0000000008011543        0x1 
 .rodata.opt_spec.9752