Archive member included to satisfy reference by file (symbol)

/usr/lib/gcc/arm-none-eabi/4.9.3/../../../arm-none-eabi/lib/armv7-m/libc.a(lib_a-atexit.o)
                              /usr/lib/gcc/arm-none-eabi/4.9.3/../../../arm-none-eabi/lib/armv7-m/crt0.o (atexit)
/usr/lib/gcc/arm-none-eabi/4.9.3/../../../arm-none-eabi/lib/armv7-m/libc.a(lib_a-exit.o)
                              /usr/lib/gcc/arm-none-eabi/4.9.3/../../../arm-none-eabi/lib/armv7-m/crt0.o (exit)
/usr/lib/gcc/arm-none-eabi/4.9.3/../../../arm-none-eabi/lib/armv7-m/libc.a(lib_a-fini.o)
                              /usr/lib/gcc/arm-none-eabi/4.9.3/../../../arm-none-eabi/lib/armv7-m/crt0.o (__libc_fini_array)
/usr/lib/gcc/arm-none-eabi/4.9.3/../../../arm-none-eabi/lib/armv7-m/libc.a(lib_a-impure.o)
                              /usr/lib/gcc/arm-none-eabi/4.9.3/../../../arm-none-eabi/lib/armv7-m/libc.a(lib_a-exit.o) (_global_impure_ptr)
/usr/lib/gcc/arm-none-eabi/4.9.3/../../../arm-none-eabi/lib/armv7-m/libc.a(lib_a-init.o)
                              /usr/lib/gcc/arm-none-eabi/4.9.3/../../../arm-none-eabi/lib/armv7-m/crt0.o (__libc_init_array)
/usr/lib/gcc/arm-none-eabi/4.9.3/../../../arm-none-eabi/lib/armv7-m/libc.a(lib_a-memset.o)
                              /usr/lib/gcc/arm-none-eabi/4.9.3/../../../arm-none-eabi/lib/armv7-m/crt0.o (memset)
/usr/lib/gcc/arm-none-eabi/4.9.3/../../../arm-none-eabi/lib/armv7-m/libc.a(lib_a-__atexit.o)
                              /usr/lib/gcc/arm-none-eabi/4.9.3/../../../arm-none-eabi/lib/armv7-m/libc.a(lib_a-atexit.o) (__register_exitproc)
/usr/lib/gcc/arm-none-eabi/4.9.3/../../../arm-none-eabi/lib/armv7-m/libc.a(lib_a-__call_atexit.o)
                              /usr/lib/gcc/arm-none-eabi/4.9.3/../../../arm-none-eabi/lib/armv7-m/libc.a(lib_a-exit.o) (__call_exitprocs)
/usr/lib/gcc/arm-none-eabi/4.9.3/../../../arm-none-eabi/lib/armv7-m/libm.a(lib_a-s_signbit.o)
                              /home/trees/src/github.mcush/mcush/mcush_printf2.o (__signbitf)
/usr/lib/gcc/arm-none-eabi/4.9.3/../../../arm-none-eabi/lib/armv7-m/libm.a(lib_a-sf_fpclassify.o)
                              /home/trees/src/github.mcush/mcush/mcush_printf2.o (__fpclassifyf)
/usr/lib/gcc/arm-none-eabi/4.9.3/../../../arm-none-eabi/lib/armv7-m/libm.a(lib_a-w_sqrt.o)
                              /home/trees/src/github.mcush/halstm32f103c8_xtw/std/hal_beep.o (sqrt)
/usr/lib/gcc/arm-none-eabi/4.9.3/../../../arm-none-eabi/lib/armv7-m/libm.a(lib_a-e_sqrt.o)
                              /usr/lib/gcc/arm-none-eabi/4.9.3/../../../arm-none-eabi/lib/armv7-m/libm.a(lib_a-w_sqrt.o) (__ieee754_sqrt)
/usr/lib/gcc/arm-none-eabi/4.9.3/../../../arm-none-eabi/lib/armv7-m/libm.a(lib_a-s_fpclassify.o)
                              /usr/lib/gcc/arm-none-eabi/4.9.3/../../../arm-none-eabi/lib/armv7-m/libm.a(lib_a-w_sqrt.o) (__fpclassifyd)
/usr/lib/gcc/arm-none-eabi/4.9.3/../../../arm-none-eabi/lib/armv7-m/libm.a(lib_a-s_lib_ver.o)
                              /usr/lib/gcc/arm-none-eabi/4.9.3/../../../arm-none-eabi/lib/armv7-m/libm.a(lib_a-w_sqrt.o) (__fdlib_version)
/usr/lib/gcc/arm-none-eabi/4.9.3/../../../arm-none-eabi/lib/armv7-m/libm.a(lib_a-s_matherr.o)
                              /usr/lib/gcc/arm-none-eabi/4.9.3/../../../arm-none-eabi/lib/armv7-m/libm.a(lib_a-w_sqrt.o) (matherr)
/usr/lib/gcc/arm-none-eabi/4.9.3/armv7-m/libgcc.a(_arm_addsubdf3.o)
                              /home/trees/src/github.mcush/mcush/mcush_printf2.o (__aeabi_dsub)
/usr/lib/gcc/arm-none-eabi/4.9.3/armv7-m/libgcc.a(_arm_muldivdf3.o)
                              /home/trees/src/github.mcush/halstm32f103c8_xtw/std/hal_adc.o (__aeabi_dmul)
/usr/lib/gcc/arm-none-eabi/4.9.3/armv7-m/libgcc.a(_arm_cmpdf2.o)
                              /home/trees/src/github.mcush/mcush/mcush_printf2.o (__aeabi_dcmplt)
/usr/lib/gcc/arm-none-eabi/4.9.3/armv7-m/libgcc.a(_arm_fixdfsi.o)
                              /home/trees/src/github.mcush/halstm32f103c8_xtw/std/hal_beep.o (__aeabi_d2iz)
/usr/lib/gcc/arm-none-eabi/4.9.3/armv7-m/libgcc.a(_arm_fixunsdfsi.o)
                              /home/trees/src/github.mcush/mcush/mcush_printf2.o (__aeabi_d2uiz)
/usr/lib/gcc/arm-none-eabi/4.9.3/armv7-m/libgcc.a(_arm_truncdfsf2.o)
                              /home/trees/src/github.mcush/halstm32f103c8_xtw/std/hal_adc.o (__aeabi_d2f)
/usr/lib/gcc/arm-none-eabi/4.9.3/armv7-m/libgcc.a(_arm_addsubsf3.o)
                              /home/trees/src/github.mcush/mcush/mcush_printf2.o (__aeabi_fsub)
/usr/lib/gcc/arm-none-eabi/4.9.3/armv7-m/libgcc.a(_arm_muldivsf3.o)
                              /home/trees/src/github.mcush/mcush/mcush_printf2.o (__aeabi_fmul)
/usr/lib/gcc/arm-none-eabi/4.9.3/armv7-m/libgcc.a(_arm_cmpsf2.o)
                              /home/trees/src/github.mcush/mcush/mcush_lib.o (__aeabi_fcmpeq)
/usr/lib/gcc/arm-none-eabi/4.9.3/armv7-m/libgcc.a(_arm_fixsfsi.o)
                              /home/trees/src/github.mcush/mcush/mcush_printf2.o (__aeabi_f2iz)
[...]
Memory Configuration

Name             Origin             Length             Attributes
FLASH            0x0000000008000000 0x0000000000010000 xr
SRAM             0x0000000020000000 0x0000000000005000 rw
*default*        0x0000000000000000 0xffffffffffffffff

Linker script and memory map

LOAD /usr/lib/gcc/arm-none-eabi/4.9.3/armv7-m/crti.o
LOAD /usr/lib/gcc/arm-none-eabi/4.9.3/armv7-m/crtbegin.o
LOAD /usr/lib/gcc/arm-none-eabi/4.9.3/../../../arm-none-eabi/lib/armv7-m/crt0.o
                0x0000000000002800                USER_HEAP_SIZE = 0x2800
                0x0000000000000400                USER_STACK_SIZE = 0x400
                0x0000000020004c00                USER_STACK_ADDR = ((ORIGIN (SRAM) + LENGTH (SRAM)) - USER_STACK_SIZE)

.isr_vector     0x0000000008000000      0x10c
                0x0000000008000000                . = ALIGN (0x4)
                0x0000000008000000                _sisr_vector = .
 *(.isr_vector)
 .isr_vector    0x0000000008000000      0x10c /home/trees/src/github.mcush/CMSIS/Device/ST/STM32F10x/Source/Templates/gcc_ride7/startup_stm32f10x_md.o
                0x0000000008000000                g_pfnVectors
                0x000000000800010c                _eisr_vector = .

.signature      0x000000000800010c       0x18
 *(.mcush_signature)
 .mcush_signature
                0x000000000800010c        0x8 /home/trees/src/github.mcush/mcush/mcush_task.o
 *(.signature)
 .signature     0x0000000008000114       0x10 /home/trees/src/github.mcush/mcush/mcush_vfs_romfs.o
                0x0000000008000114                build_signature

.init_script    0x0000000008000124        0x2
                0x0000000008000124                _isdata = .
 *(.init_script)
 .init_script   0x0000000008000124        0x1 main.o
                0x0000000008000124                init_script
                0x0000000008000125        0x1 BYTE 0x0
                0x0000000008000126                __exidx_start = .

.ARM.exidx      0x0000000008000128        0x8
 *(.ARM.exidx* .gnu.linkonce.armexidx.*)
 .ARM.exidx     0x0000000008000128        0x8 /usr/lib/gcc/arm-none-eabi/4.9.3/armv7-m/libgcc.a(_divdi3.o)
 .ARM.exidx     0x0000000008000130        0x0 /usr/lib/gcc/arm-none-eabi/4.9.3/armv7-m/libgcc.a(_udivdi3.o)
                                          0x8 (size before relaxing)
                0x0000000008000130                __exidx_end = .

.text           0x0000000008000130     0xd24c
                0x0000000008000130                . = ALIGN (0x4)
                0x0000000008000130                _stext = .
 *(.text*)
 .text.memset   0x0000000008000130       0x9c /usr/lib/gcc/arm-none-eabi/4.9.3/../../../arm-none-eabi/lib/armv7-m/libc.a(lib_a-memset.o)
                0x0000000008000130                memset
 .text.Reset_Handler
                0x00000000080001cc       0x60 /home/trees/src/github.mcush/CMSIS/Device/ST/STM32F10x/Source/Templates/gcc_ride7/startup_stm32f10x_md.o
                0x00000000080001cc                Reset_Handler
 .text.Default_Handler
                0x000000000800022c        0x2 /home/trees/src/github.mcush/CMSIS/Device/ST/STM32F10x/Source/Templates/gcc_ride7/startup_stm32f10x_md.o
                0x000000000800022c                EXTI2_IRQHandler
                0x000000000800022c                TIM1_CC_IRQHandler
                0x000000000800022c                PVD_IRQHandler
                0x000000000800022c                EXTI3_IRQHandler
                0x000000000800022c                EXTI0_IRQHandler
                0x000000000800022c                I2C2_EV_IRQHandler
                0x000000000800022c                ADC1_2_IRQHandler
                0x000000000800022c                SPI1_IRQHandler
                0x000000000800022c                TAMPER_IRQHandler
                0x000000000800022c                DMA1_Channel4_IRQHandler
                0x000000000800022c                USART3_IRQHandler
                0x000000000800022c                RTC_IRQHandler
                0x000000000800022c                DMA1_Channel7_IRQHandler
                0x000000000800022c                CAN1_RX1_IRQHandler
                0x000000000800022c                TIM4_IRQHandler
                0x000000000800022c                I2C1_EV_IRQHandler
                0x000000000800022c                DMA1_Channel6_IRQHandler
                0x000000000800022c                TIM3_IRQHandler
                0x000000000800022c                RCC_IRQHandler
                0x000000000800022c                TIM1_TRG_COM_IRQHandler
                0x000000000800022c                DMA1_Channel1_IRQHandler
                0x000000000800022c                Default_Handler
                0x000000000800022c                EXTI15_10_IRQHandler
                0x000000000800022c                EXTI9_5_IRQHandler
                0x000000000800022c                SPI2_IRQHandler
                0x000000000800022c                DMA1_Channel5_IRQHandler
                0x000000000800022c                EXTI4_IRQHandler
                0x000000000800022c                DMA1_Channel3_IRQHandler
                0x000000000800022c                TIM1_UP_IRQHandler
                0x000000000800022c                WWDG_IRQHandler
                0x000000000800022c                TIM2_IRQHandler
                0x000000000800022c                TIM1_BRK_IRQHandler
                0x000000000800022c                EXTI1_IRQHandler
                0x000000000800022c                RTCAlarm_IRQHandler
                0x000000000800022c                USART2_IRQHandler
                0x000000000800022c                I2C2_ER_IRQHandler
                0x000000000800022c                DMA1_Channel2_IRQHandler
                0x000000000800022c                CAN1_SCE_IRQHandler
                0x000000000800022c                FLASH_IRQHandler
                0x000000000800022c                USART1_IRQHandler
                0x000000000800022c                I2C1_ER_IRQHandler
 *fill*         0x000000000800022e        0x2 
 .text.SystemInit
                0x0000000008000230      0x104 /home/trees/src/github.mcush/CMSIS/Device/ST/STM32F10x/Source/Templates/system_stm32f10x.o
                0x0000000008000230                SystemInit
 .text.NVIC_PriorityGroupConfig
                0x0000000008000334       0x14 /home/trees/src/github.mcush/ST/STM32F10x_StdPeriph_Driver/src/misc.o
                0x0000000008000334                NVIC_PriorityGroupConfig
 .text.NVIC_Init
                0x0000000008000348       0x70 /home/trees/src/github.mcush/ST/STM32F10x_StdPeriph_Driver/src/misc.o
                0x0000000008000348                NVIC_Init
 .text.ADC_DeInit
                0x00000000080003b8       0x6c /home/trees/src/github.mcush/ST/STM32F10x_StdPeriph_Driver/src/stm32f10x_adc.o
                0x00000000080003b8                ADC_DeInit
 .text.ADC_Init
                0x0000000008000424       0x48 /home/trees/src/github.mcush/ST/STM32F10x_StdPeriph_Driver/src/stm32f10x_adc.o
                0x0000000008000424                ADC_Init
 .text.ADC_Cmd  0x000000000800046c       0x14 /home/trees/src/github.mcush/ST/STM32F10x_StdPeriph_Driver/src/stm32f10x_adc.o
                0x000000000800046c                ADC_Cmd
 .text.ADC_DMACmd
                0x0000000008000480       0x14 /home/trees/src/github.mcush/ST/STM32F10x_StdPeriph_Driver/src/stm32f10x_adc.o
                0x0000000008000480                ADC_DMACmd
 .text.ADC_ResetCalibration
                0x0000000008000494        0xc /home/trees/src/github.mcush/ST/STM32F10x_StdPeriph_Driver/src/stm32f10x_adc.o
                0x0000000008000494                ADC_ResetCalibration
 .text.ADC_GetResetCalibrationStatus
                0x00000000080004a0        0x8 /home/trees/src/github.mcush/ST/STM32F10x_StdPeriph_Driver/src/stm32f10x_adc.o
                0x00000000080004a0                ADC_GetResetCalibrationStatus
 .text.ADC_StartCalibration
                0x00000000080004a8        0xc /home/trees/src/github.mcush/ST/STM32F10x_StdPeriph_Driver/src/stm32f10x_adc.o
                0x00000000080004a8                ADC_StartCalibration
 .text.ADC_GetCalibrationStatus
                0x00000000080004b4        0x8 /home/trees/src/github.mcush/ST/STM32F10x_StdPeriph_Driver/src/stm32f10x_adc.o
                0x00000000080004b4                ADC_GetCalibrationStatus
 .text.ADC_SoftwareStartConvCmd
                0x00000000080004bc       0x14 /home/trees/src/github.mcush/ST/STM32F10x_StdPeriph_Driver/src/stm32f10x_adc.o
                0x00000000080004bc                ADC_SoftwareStartConvCmd
 .text.ADC_RegularChannelConfig
                0x00000000080004d0       0x8c /home/trees/src/github.mcush/ST/STM32F10x_StdPeriph_Driver/src/stm32f10x_adc.o
                0x00000000080004d0                ADC_RegularChannelConfig
 .text.DMA_DeInit
                0x000000000800055c      0x128 /home/trees/src/github.mcush/ST/STM32F10x_StdPeriph_Driver/src/stm32f10x_dma.o
                0x000000000800055c                DMA_DeInit
 .text.DMA_Init
                0x0000000008000684       0x40 /home/trees/src/github.mcush/ST/STM32F10x_StdPeriph_Driver/src/stm32f10x_dma.o
                0x0000000008000684                DMA_Init
 .text.DMA_Cmd  0x00000000080006c4       0x18 /home/trees/src/github.mcush/ST/STM32F10x_StdPeriph_Driver/src/stm32f10x_dma.o
                0x00000000080006c4                DMA_Cmd
 .text.EXTI_ClearITPendingBit
                0x00000000080006dc        0xc /home/trees/src/github.mcush/ST/STM32F10x_StdPeriph_Driver/src/stm32f10x_exti.o
                0x00000000080006dc                EXTI_ClearITPendingBit
 .text.GPIO_Init
                0x00000000080006e8      0x320 /home/trees/src/github.mcush/ST/STM32F10x_StdPeriph_Driver/src/stm32f10x_gpio.o
                0x00000000080006e8                GPIO_Init
 .text.GPIO_StructInit
                0x0000000008000a08       0x10 /home/trees/src/github.mcush/ST/STM32F10x_StdPeriph_Driver/src/stm32f10x_gpio.o
                0x0000000008000a08                GPIO_StructInit
 .text.GPIO_ReadInputData
                0x0000000008000a18        0x8 /home/trees/src/github.mcush/ST/STM32F10x_StdPeriph_Driver/src/stm32f10x_gpio.o
                0x0000000008000a18                GPIO_ReadInputData
 .text.GPIO_SetBits
                0x0000000008000a20        0x4 /home/trees/src/github.mcush/ST/STM32F10x_StdPeriph_Driver/src/stm32f10x_gpio.o
                0x0000000008000a20                GPIO_SetBits
 .text.GPIO_ResetBits
                0x0000000008000a24        0x4 /home/trees/src/github.mcush/ST/STM32F10x_StdPeriph_Driver/src/stm32f10x_gpio.o
                0x0000000008000a24                GPIO_ResetBits
 .text.GPIO_Write
                0x0000000008000a28        0x4 /home/trees/src/github.mcush/ST/STM32F10x_StdPeriph_Driver/src/stm32f10x_gpio.o
                0x0000000008000a28                GPIO_Write
 .text.IWDG_WriteAccessCmd
                0x0000000008000a2c        0xc /home/trees/src/github.mcush/ST/STM32F10x_StdPeriph_Driver/src/stm32f10x_iwdg.o
                0x0000000008000a2c                IWDG_WriteAccessCmd
 .text.IWDG_SetPrescaler
                0x0000000008000a38        0xc /home/trees/src/github.mcush/ST/STM32F10x_StdPeriph_Driver/src/stm32f10x_iwdg.o
                0x0000000008000a38                IWDG_SetPrescaler
 .text.IWDG_SetReload
                0x0000000008000a44        0xc /home/trees/src/github.mcush/ST/STM32F10x_StdPeriph_Driver/src/stm32f10x_iwdg.o
                0x0000000008000a44                IWDG_SetReload
 .text.IWDG_ReloadCounter
                0x0000000008000a50       0x10 /home/trees/src/github.mcush/ST/STM32F10x_StdPeriph_Driver/src/stm32f10x_iwdg.o
                0x0000000008000a50                IWDG_ReloadCounter
 .text.RCC_USBCLKConfig
                0x0000000008000a60        0xc /home/trees/src/github.mcush/ST/STM32F10x_StdPeriph_Driver/src/stm32f10x_rcc.o
                0x0000000008000a60                RCC_USBCLKConfig
 .text.RCC_ADCCLKConfig
                0x0000000008000a6c       0x14 /home/trees/src/github.mcush/ST/STM32F10x_StdPeriph_Driver/src/stm32f10x_rcc.o
                0x0000000008000a6c                RCC_ADCCLKConfig
 .text.RCC_AHBPeriphClockCmd
                0x0000000008000a80       0x18 /home/trees/src/github.mcush/ST/STM32F10x_StdPeriph_Driver/src/stm32f10x_rcc.o
                0x0000000008000a80                RCC_AHBPeriphClockCmd
 .text.RCC_APB2PeriphClockCmd
                0x0000000008000a98       0x18 /home/trees/src/github.mcush/ST/STM32F10x_StdPeriph_Driver/src/stm32f10x_rcc.o
                0x0000000008000a98                RCC_APB2PeriphClockCmd
 .text.RCC_APB1PeriphClockCmd
                0x0000000008000ab0       0x18 /home/trees/src/github.mcush/ST/STM32F10x_StdPeriph_Driver/src/stm32f10x_rcc.o
                0x0000000008000ab0                RCC_APB1PeriphClockCmd
 .text.RCC_APB2PeriphResetCmd
                0x0000000008000ac8       0x18 /home/trees/src/github.mcush/ST/STM32F10x_StdPeriph_Driver/src/stm32f10x_rcc.o
                0x0000000008000ac8                RCC_APB2PeriphResetCmd
 .text.TIM_TimeBaseInit
                0x0000000008000ae0       0xac /home/trees/src/github.mcush/ST/STM32F10x_StdPeriph_Driver/src/stm32f10x_tim.o
                0x0000000008000ae0                TIM_TimeBaseInit
 .text.TIM_OC1Init
                0x0000000008000b8c       0x90 /home/trees/src/github.mcush/ST/STM32F10x_StdPeriph_Driver/src/stm32f10x_tim.o
                0x0000000008000b8c                TIM_OC1Init
 .text.TIM_OC2Init
                0x0000000008000c1c       0x90 /home/trees/src/github.mcush/ST/STM32F10x_StdPeriph_Driver/src/stm32f10x_tim.o
                0x0000000008000c1c                TIM_OC2Init
 .text.TIM_OC3Init
                0x0000000008000cac       0x88 /home/trees/src/github.mcush/ST/STM32F10x_StdPeriph_Driver/src/stm32f10x_tim.o
                0x0000000008000cac                TIM_OC3Init
 .text.TIM_OC4Init
                0x0000000008000d34       0x6c /home/trees/src/github.mcush/ST/STM32F10x_StdPeriph_Driver/src/stm32f10x_tim.o
                0x0000000008000d34                TIM_OC4Init
 .text.TIM_Cmd  0x0000000008000da0       0x1c /home/trees/src/github.mcush/ST/STM32F10x_StdPeriph_Driver/src/stm32f10x_tim.o
                0x0000000008000da0                TIM_Cmd
 .text.TIM_PrescalerConfig
                0x0000000008000dbc        0x8 /home/trees/src/github.mcush/ST/STM32F10x_StdPeriph_Driver/src/stm32f10x_tim.o
                0x0000000008000dbc                TIM_PrescalerConfig
 .text.TIM_SetCounter
                0x0000000008000dc4        0x4 /home/trees/src/github.mcush/ST/STM32F10x_StdPeriph_Driver/src/stm32f10x_tim.o
                0x0000000008000dc4                TIM_SetCounter
 .text.TIM_SetAutoreload
                0x0000000008000dc8        0x4 /home/trees/src/github.mcush/ST/STM32F10x_StdPeriph_Driver/src/stm32f10x_tim.o
                0x0000000008000dc8                TIM_SetAutoreload
 .text.TIM_SetCompare1
                0x0000000008000dcc        0x4 /home/trees/src/github.mcush/ST/STM32F10x_StdPeriph_Driver/src/stm32f10x_tim.o
                0x0000000008000dcc                TIM_SetCompare1
 .text.TIM_SetCompare2
                0x0000000008000dd0        0x4 /home/trees/src/github.mcush/ST/STM32F10x_StdPeriph_Driver/src/stm32f10x_tim.o
                0x0000000008000dd0                TIM_SetCompare2
 .text.TIM_SetCompare3
                0x0000000008000dd4        0x4 /home/trees/src/github.mcush/ST/STM32F10x_StdPeriph_Driver/src/stm32f10x_tim.o
                0x0000000008000dd4                TIM_SetCompare3
 .text.TIM_SetCompare4
                0x0000000008000dd8        0x8 /home/trees/src/github.mcush/ST/STM32F10x_StdPeriph_Driver/src/stm32f10x_tim.o
                0x0000000008000dd8                TIM_SetCompare4
 .text.Standard_GetConfiguration
                0x0000000008000de0       0x28 /home/trees/src/github.mcush/ST/STM32_USB-FS-Device_Driver/src/usb_core.o
                0x0000000008000de0                Standard_GetConfiguration
 .text.Standard_GetInterface
                0x0000000008000e08       0x28 /home/trees/src/github.mcush/ST/STM32_USB-FS-Device_Driver/src/usb_core.o
                0x0000000008000e08                Standard_GetInterface
 .text.Standard_GetStatus
                0x0000000008000e30       0x8c /home/trees/src/github.mcush/ST/STM32_USB-FS-Device_Driver/src/usb_core.o
                0x0000000008000e30                Standard_GetStatus
 .text.DataStageIn
                0x0000000008000ebc       0xb4 /home/trees/src/github.mcush/ST/STM32_USB-FS-Device_Driver/src/usb_core.o
 .text.Standard_ClearFeature
                0x0000000008000f70       0xd0 /home/trees/src/github.mcush/ST/STM32_USB-FS-Device_Driver/src/usb_core.o
                0x0000000008000f70                Standard_ClearFeature
 .text.Standard_SetEndPointFeature
                0x0000000008001040       0x90 /home/trees/src/github.mcush/ST/STM32_USB-FS-Device_Driver/src/usb_core.o
                0x0000000008001040                Standard_SetEndPointFeature
 .text.Standard_GetDescriptorData
                0x00000000080010d0       0x1c /home/trees/src/github.mcush/ST/STM32_USB-FS-Device_Driver/src/usb_core.o
                0x00000000080010d0                Standard_GetDescriptorData
 .text.Setup0_Process
                0x00000000080010ec      0x400 /home/trees/src/github.mcush/ST/STM32_USB-FS-Device_Driver/src/usb_core.o
                0x00000000080010ec                Setup0_Process
 .text.In0_Process
                0x00000000080014ec       0xc8 /home/trees/src/github.mcush/ST/STM32_USB-FS-Device_Driver/src/usb_core.o
                0x00000000080014ec                In0_Process
 .text.Out0_Process
                0x00000000080015b4      0x108 /home/trees/src/github.mcush/ST/STM32_USB-FS-Device_Driver/src/usb_core.o
                0x00000000080015b4                Out0_Process
 .text.SetDeviceAddress
                0x00000000080016bc       0x40 /home/trees/src/github.mcush/ST/STM32_USB-FS-Device_Driver/src/usb_core.o
                0x00000000080016bc                SetDeviceAddress
 .text.NOP_Process
                0x00000000080016fc        0x4 /home/trees/src/github.mcush/ST/STM32_USB-FS-Device_Driver/src/usb_core.o
                0x00000000080016fc                NOP_Process
 .text.USB_Init
                0x0000000008001700       0x38 /home/trees/src/github.mcush/ST/STM32_USB-FS-Device_Driver/src/usb_init.o
                0x0000000008001700                USB_Init
 .text.CTR_LP   0x0000000008001738      0x194 /home/trees/src/github.mcush/ST/STM32_USB-FS-Device_Driver/src/usb_int.o
                0x0000000008001738                CTR_LP
 .text.UserToPMABufferCopy
                0x00000000080018cc       0x34 /home/trees/src/github.mcush/ST/STM32_USB-FS-Device_Driver/src/usb_mem.o
                0x00000000080018cc                UserToPMABufferCopy
 .text.PMAToUserBufferCopy
                0x0000000008001900       0x20 /home/trees/src/github.mcush/ST/STM32_USB-FS-Device_Driver/src/usb_mem.o
                0x0000000008001900                PMAToUserBufferCopy
 .text.SetBTABLE
                0x0000000008001920       0x10 /home/trees/src/github.mcush/ST/STM32_USB-FS-Device_Driver/src/usb_regs.o
                0x0000000008001920                SetBTABLE
 .text.SetEPType
                0x0000000008001930       0x1c /home/trees/src/github.mcush/ST/STM32_USB-FS-Device_Driver/src/usb_regs.o
                0x0000000008001930                SetEPType
 .text.SetEPTxStatus
                0x000000000800194c       0x34 /home/trees/src/github.mcush/ST/STM32_USB-FS-Device_Driver/src/usb_regs.o
                0x000000000800194c                SetEPTxStatus
 .text.SetEPRxStatus
                0x0000000008001980       0x34 /home/trees/src/github.mcush/ST/STM32_USB-FS-Device_Driver/src/usb_regs.o
                0x0000000008001980                SetEPRxStatus
 .text.SetEPTxValid
                0x00000000080019b4       0x28 /home/trees/src/github.mcush/ST/STM32_USB-FS-Device_Driver/src/usb_regs.o
                0x00000000080019b4                SetEPTxValid
 .text.SetEPRxValid
                0x00000000080019dc       0x28 /home/trees/src/github.mcush/ST/STM32_USB-FS-Device_Driver/src/usb_regs.o
                0x00000000080019dc                SetEPRxValid
 .text.Clear_Status_Out
                0x0000000008001a04       0x20 /home/trees/src/github.mcush/ST/STM32_USB-FS-Device_Driver/src/usb_regs.o
                0x0000000008001a04                Clear_Status_Out
 .text.ClearDTOG_RX
                0x0000000008001a24       0x24 /home/trees/src/github.mcush/ST/STM32_USB-FS-Device_Driver/src/usb_regs.o
                0x0000000008001a24                ClearDTOG_RX
 .text.ClearDTOG_TX
                0x0000000008001a48       0x24 /home/trees/src/github.mcush/ST/STM32_USB-FS-Device_Driver/src/usb_regs.o
                0x0000000008001a48                ClearDTOG_TX
 .text.SetEPTxAddr
                0x0000000008001a6c       0x20 /home/trees/src/github.mcush/ST/STM32_USB-FS-Device_Driver/src/usb_regs.o
                0x0000000008001a6c                SetEPTxAddr
 .text.SetEPRxAddr
                0x0000000008001a8c       0x20 /home/trees/src/github.mcush/ST/STM32_USB-FS-Device_Driver/src/usb_regs.o
                0x0000000008001a8c                SetEPRxAddr
 .text.GetEPTxAddr
                0x0000000008001aac       0x20 /home/trees/src/github.mcush/ST/STM32_USB-FS-Device_Driver/src/usb_regs.o
                0x0000000008001aac                GetEPTxAddr
 .text.GetEPRxAddr
                0x0000000008001acc       0x20 /home/trees/src/github.mcush/ST/STM32_USB-FS-Device_Driver/src/usb_regs.o
                0x0000000008001acc                GetEPRxAddr
 .text.SetEPTxCount
                0x0000000008001aec       0x1c /home/trees/src/github.mcush/ST/STM32_USB-FS-Device_Driver/src/usb_regs.o
                0x0000000008001aec                SetEPTxCount
 .text.SetEPRxCount
                0x0000000008001b08       0x44 /home/trees/src/github.mcush/ST/STM32_USB-FS-Device_Driver/src/usb_regs.o
                0x0000000008001b08                SetEPRxCount
 .text.GetEPRxCount
                0x0000000008001b4c       0x20 /home/trees/src/github.mcush/ST/STM32_USB-FS-Device_Driver/src/usb_regs.o
                0x0000000008001b4c                GetEPRxCount
 .text.ByteSwap
                0x0000000008001b6c        0xc /home/trees/src/github.mcush/ST/STM32_USB-FS-Device_Driver/src/usb_regs.o
                0x0000000008001b6c                ByteSwap
 .text.USB_SIL_Init
                0x0000000008001b78       0x28 /home/trees/src/github.mcush/ST/STM32_USB-FS-Device_Driver/src/usb_sil.o
                0x0000000008001b78                USB_SIL_Init
 .text.USB_SIL_Read
                0x0000000008001ba0       0x24 /home/trees/src/github.mcush/ST/STM32_USB-FS-Device_Driver/src/usb_sil.o
                0x0000000008001ba0                USB_SIL_Read
 .text.hal_platform_reset
                0x0000000008001bc4       0x28 /home/trees/src/github.mcush/halstm32f103c8_xtw/hal_platform.o
                0x0000000008001bc4                hal_platform_reset
 .text.hal_platform_init
                0x0000000008001bec        0x4 /home/trees/src/github.mcush/halstm32f103c8_xtw/hal_platform.o
                0x0000000008001bec                hal_platform_init
 .text.hal_init
                0x0000000008001bf0       0x28 /home/trees/src/github.mcush/halstm32f103c8_xtw/common/hal.o
                0x0000000008001bf0                hal_init
 .text.hal_led_init
                0x0000000008001c18       0x1c /home/trees/src/github.mcush/halstm32f103c8_xtw/common/hal_led.o
                0x0000000008001c18                hal_led_init
 .text.hal_led_get_num
                0x0000000008001c34        0x4 /home/trees/src/github.mcush/halstm32f103c8_xtw/common/hal_led.o
                0x0000000008001c34                hal_led_get_num
 .text.hal_led_set
                0x0000000008001c38        0xc /home/trees/src/github.mcush/halstm32f103c8_xtw/common/hal_led.o
                0x0000000008001c38                hal_led_set
 .text.hal_led_clr
                0x0000000008001c44        0xc /home/trees/src/github.mcush/halstm32f103c8_xtw/common/hal_led.o
                0x0000000008001c44                hal_led_clr
 .text.hal_led_toggle
                0x0000000008001c50        0xc /home/trees/src/github.mcush/halstm32f103c8_xtw/common/hal_led.o
                0x0000000008001c50                hal_led_toggle
 .text.hal_led_get
                0x0000000008001c5c       0x14 /home/trees/src/github.mcush/halstm32f103c8_xtw/common/hal_led.o
                0x0000000008001c5c                hal_led_get
 .text.hal_get_serial_number
                0x0000000008001c70       0x18 /home/trees/src/github.mcush/halstm32f103c8_xtw/common/hal_serial_number.o
                0x0000000008001c70                hal_get_serial_number
 .text.NMI_Handler
                0x0000000008001c88        0x4 /home/trees/src/github.mcush/halstm32f103c8_xtw/common/irq_cortex.o
                0x0000000008001c88                NMI_Handler
 .text.HardFault_Handler
                0x0000000008001c8c        0x4 /home/trees/src/github.mcush/halstm32f103c8_xtw/common/irq_cortex.o
                0x0000000008001c8c                HardFault_Handler
 .text.MemManage_Handler
                0x0000000008001c90        0x4 /home/trees/src/github.mcush/halstm32f103c8_xtw/common/irq_cortex.o
                0x0000000008001c90                MemManage_Handler
 .text.BusFault_Handler
                0x0000000008001c94        0x4 /home/trees/src/github.mcush/halstm32f103c8_xtw/common/irq_cortex.o
                0x0000000008001c94                BusFault_Handler
 .text.UsageFault_Handler
                0x0000000008001c98        0x4 /home/trees/src/github.mcush/halstm32f103c8_xtw/common/irq_cortex.o
                0x0000000008001c98                UsageFault_Handler
 .text.DebugMon_Handler
                0x0000000008001c9c        0x4 /home/trees/src/github.mcush/halstm32f103c8_xtw/common/irq_cortex.o
                0x0000000008001c9c                DebugMon_Handler
 .text.hal_adc_init
                0x0000000008001ca0      0x154 /home/trees/src/github.mcush/halstm32f103c8_xtw/std/hal_adc.o
                0x0000000008001ca0                hal_adc_init
 .text.hal_adc_deinit
                0x0000000008001df4       0x48 /home/trees/src/github.mcush/halstm32f103c8_xtw/std/hal_adc.o
                0x0000000008001df4                hal_adc_deinit
 *fill*         0x0000000008001e3c        0x4 
 .text.hal_adc_get
                0x0000000008001e40       0x38 /home/trees/src/github.mcush/halstm32f103c8_xtw/std/hal_adc.o
                0x0000000008001e40                hal_adc_get
 .text.hal_adc_get_num
                0x0000000008001e78        0x4 /home/trees/src/github.mcush/halstm32f103c8_xtw/std/hal_adc.o
                0x0000000008001e78                hal_adc_get_num
 .text.hal_clk_init
                0x0000000008001e7c        0x8 /home/trees/src/github.mcush/halstm32f103c8_xtw/std/hal_clk.o
                0x0000000008001e7c                hal_clk_init
 .text.hal_delay_us
                0x0000000008001e84       0x94 /home/trees/src/github.mcush/halstm32f103c8_xtw/std/hal_delay.o
                0x0000000008001e84                hal_delay_us
 .text.hal_delay_ms
                0x0000000008001f18       0x2c /home/trees/src/github.mcush/halstm32f103c8_xtw/std/hal_delay.o
                0x0000000008001f18                hal_delay_ms
 .text.hal_gpio_get_port_num
                0x0000000008001f44        0x4 /home/trees/src/github.mcush/halstm32f103c8_xtw/std/hal_gpio.o
                0x0000000008001f44                hal_gpio_get_port_num
 .text.hal_gpio_init
                0x0000000008001f48        0xc /home/trees/src/github.mcush/halstm32f103c8_xtw/std/hal_gpio.o
                0x0000000008001f48                hal_gpio_init
 .text.hal_gpio_set_input
                0x0000000008001f54       0x50 /home/trees/src/github.mcush/halstm32f103c8_xtw/std/hal_gpio.o
                0x0000000008001f54                hal_gpio_set_input
 .text.hal_gpio_set_input_pull
                0x0000000008001fa4       0x54 /home/trees/src/github.mcush/halstm32f103c8_xtw/std/hal_gpio.o
                0x0000000008001fa4                hal_gpio_set_input_pull
 .text.hal_gpio_set_output
                0x0000000008001ff8       0x50 /home/trees/src/github.mcush/halstm32f103c8_xtw/std/hal_gpio.o
                0x0000000008001ff8                hal_gpio_set_output
 .text.hal_gpio_set_output_open_drain
                0x0000000008002048       0x50 /home/trees/src/github.mcush/halstm32f103c8_xtw/std/hal_gpio.o
                0x0000000008002048                hal_gpio_set_output_open_drain
 .text.hal_gpio_set
                0x0000000008002098       0x10 /home/trees/src/github.mcush/halstm32f103c8_xtw/std/hal_gpio.o
                0x0000000008002098                hal_gpio_set
 .text.hal_gpio_clr
                0x00000000080020a8       0x10 /home/trees/src/github.mcush/halstm32f103c8_xtw/std/hal_gpio.o
                0x00000000080020a8                hal_gpio_clr
 .text.hal_gpio_toggle
                0x00000000080020b8       0x24 /home/trees/src/github.mcush/halstm32f103c8_xtw/std/hal_gpio.o
                0x00000000080020b8                hal_gpio_toggle
 .text.hal_gpio_get
                0x00000000080020dc       0x18 /home/trees/src/github.mcush/halstm32f103c8_xtw/std/hal_gpio.o
                0x00000000080020dc                hal_gpio_get
 .text.hal_pwm_init
                0x00000000080020f4      0x138 /home/trees/src/github.mcush/halstm32f103c8_xtw/std/hal_pwm.o
                0x00000000080020f4                hal_pwm_init
 .text.hal_pwm_deinit
                0x000000000800222c       0x28 /home/trees/src/github.mcush/halstm32f103c8_xtw/std/hal_pwm.o
                0x000000000800222c                hal_pwm_deinit
 .text.hal_pwm_set
                0x0000000008002254       0x24 /home/trees/src/github.mcush/halstm32f103c8_xtw/std/hal_pwm.o
                0x0000000008002254                hal_pwm_set
 .text.hal_pwm_get_num
                0x0000000008002278        0x4 /home/trees/src/github.mcush/halstm32f103c8_xtw/std/hal_pwm.o
                0x0000000008002278                hal_pwm_get_num
 .text.hal_wdg_init
                0x000000000800227c       0x1c /home/trees/src/github.mcush/halstm32f103c8_xtw/std/hal_wdg.o
                0x000000000800227c                hal_wdg_init
 .text.hal_wdg_clear
                0x0000000008002298        0x4 /home/trees/src/github.mcush/halstm32f103c8_xtw/std/hal_wdg.o
                0x0000000008002298                hal_wdg_clear
 .text.hal_uart_init
                0x000000000800229c       0x44 /home/trees/src/github.mcush/halstm32f103c8_xtw/std/vcp/hal_usb_uart.o
                0x000000000800229c                hal_uart_init
 .text.shell_driver_init
                0x00000000080022e0        0x4 /home/trees/src/github.mcush/halstm32f103c8_xtw/std/vcp/hal_usb_uart.o
                0x00000000080022e0                shell_driver_init
 .text.shell_driver_reset
                0x00000000080022e4       0x24 /home/trees/src/github.mcush/halstm32f103c8_xtw/std/vcp/hal_usb_uart.o
                0x00000000080022e4                shell_driver_reset
 .text.shell_driver_read_char
                0x0000000008002308       0x24 /home/trees/src/github.mcush/halstm32f103c8_xtw/std/vcp/hal_usb_uart.o
                0x0000000008002308                shell_driver_read_char
 .text.shell_driver_read_char_blocked
                0x000000000800232c       0x20 /home/trees/src/github.mcush/halstm32f103c8_xtw/std/vcp/hal_usb_uart.o
                0x000000000800232c                shell_driver_read_char_blocked
 .text.shell_driver_write
                0x000000000800234c       0x54 /home/trees/src/github.mcush/halstm32f103c8_xtw/std/vcp/hal_usb_uart.o
                0x000000000800234c                shell_driver_write
 .text.shell_driver_write_char
                0x00000000080023a0       0x34 /home/trees/src/github.mcush/halstm32f103c8_xtw/std/vcp/hal_usb_uart.o
                0x00000000080023a0                shell_driver_write_char
 .text.Set_System
                0x00000000080023d4       0x28 /home/trees/src/github.mcush/halstm32f103c8_xtw/std/vcp/hw_config.o
                0x00000000080023d4                Set_System
 .text.Set_USBClock
                0x00000000080023fc       0x18 /home/trees/src/github.mcush/halstm32f103c8_xtw/std/vcp/hw_config.o
                0x00000000080023fc                Set_USBClock
 .text.Leave_LowPowerMode
                0x0000000008002414       0x24 /home/trees/src/github.mcush/halstm32f103c8_xtw/std/vcp/hw_config.o
                0x0000000008002414                Leave_LowPowerMode
 .text.USB_Interrupts_Config
                0x0000000008002438       0x2c /home/trees/src/github.mcush/halstm32f103c8_xtw/std/vcp/hw_config.o
                0x0000000008002438                USB_Interrupts_Config
 .text.USB_Cable_Config
                0x0000000008002464        0x4 /home/trees/src/github.mcush/halstm32f103c8_xtw/std/vcp/hw_config.o
                0x0000000008002464                USB_Cable_Config
 .text.USART_Config_Default
                0x0000000008002468        0x4 /home/trees/src/github.mcush/halstm32f103c8_xtw/std/vcp/hw_config.o
                0x0000000008002468                USART_Config_Default
 .text.USART_Config
                0x000000000800246c        0x4 /home/trees/src/github.mcush/halstm32f103c8_xtw/std/vcp/hw_config.o
                0x000000000800246c                USART_Config
 .text.USB_To_USART_Send_Data
                0x0000000008002470       0x30 /home/trees/src/github.mcush/halstm32f103c8_xtw/std/vcp/hw_config.o
                0x0000000008002470                USB_To_USART_Send_Data
 .text.Handle_USBAsynchXfer
                0x00000000080024a0       0x98 /home/trees/src/github.mcush/halstm32f103c8_xtw/std/vcp/hw_config.o
                0x00000000080024a0                Handle_USBAsynchXfer
 .text.USART_To_USB_Send_Data
                0x0000000008002538       0x54 /home/trees/src/github.mcush/halstm32f103c8_xtw/std/vcp/hw_config.o
                0x0000000008002538                USART_To_USB_Send_Data
 .text.Get_SerialNum
                0x000000000800258c       0x20 /home/trees/src/github.mcush/halstm32f103c8_xtw/std/vcp/hw_config.o
                0x000000000800258c                Get_SerialNum
 .text.USB_HP_CAN1_TX_IRQHandler
                0x00000000080025ac        0x4 /home/trees/src/github.mcush/halstm32f103c8_xtw/std/vcp/irq_usb.o
                0x00000000080025ac                USB_HP_CAN1_TX_IRQHandler
 .text.USB_LP_CAN1_RX0_IRQHandler
                0x00000000080025b0       0x1c /home/trees/src/github.mcush/halstm32f103c8_xtw/std/vcp/irq_usb.o
                0x00000000080025b0                USB_LP_CAN1_RX0_IRQHandler
 .text.USBWakeUp_IRQHandler
                0x00000000080025cc        0x8 /home/trees/src/github.mcush/halstm32f103c8_xtw/std/vcp/irq_usb.o
                0x00000000080025cc                USBWakeUp_IRQHandler
 .text.EP1_IN_Callback
                0x00000000080025d4       0x68 /home/trees/src/github.mcush/halstm32f103c8_xtw/std/vcp/usb_endp.o
                0x00000000080025d4                EP1_IN_Callback
 .text.EP3_OUT_Callback
                0x000000000800263c       0x24 /home/trees/src/github.mcush/halstm32f103c8_xtw/std/vcp/usb_endp.o
                0x000000000800263c                EP3_OUT_Callback
 .text.SOF_Callback
                0x0000000008002660       0x34 /home/trees/src/github.mcush/halstm32f103c8_xtw/std/vcp/usb_endp.o
                0x0000000008002660                SOF_Callback
 .text.USB_Istr
                0x0000000008002694      0x1c0 /home/trees/src/github.mcush/halstm32f103c8_xtw/std/vcp/usb_istr.o
                0x0000000008002694                USB_Istr
 .text.Virtual_Com_Port_SetConfiguration
                0x0000000008002854       0x18 /home/trees/src/github.mcush/halstm32f103c8_xtw/std/vcp/usb_prop.o
                0x0000000008002854                Virtual_Com_Port_SetConfiguration
 .text.Virtual_Com_Port_SetDeviceAddress
                0x000000000800286c        0xc /home/trees/src/github.mcush/halstm32f103c8_xtw/std/vcp/usb_prop.o
                0x000000000800286c                Virtual_Com_Port_SetDeviceAddress
 .text.Virtual_Com_Port_Status_Out
                0x0000000008002878        0x4 /home/trees/src/github.mcush/halstm32f103c8_xtw/std/vcp/usb_prop.o
                0x0000000008002878                Virtual_Com_Port_Status_Out
 .text.Virtual_Com_Port_Data_Setup
                0x000000000800287c       0x5c /home/trees/src/github.mcush/halstm32f103c8_xtw/std/vcp/usb_prop.o
                0x000000000800287c                Virtual_Com_Port_Data_Setup
 .text.Virtual_Com_Port_NoData_Setup
                0x00000000080028d8       0x24 /home/trees/src/github.mcush/halstm32f103c8_xtw/std/vcp/usb_prop.o
                0x00000000080028d8                Virtual_Com_Port_NoData_Setup
 .text.Virtual_Com_Port_Get_Interface_Setting
                0x00000000080028fc       0x10 /home/trees/src/github.mcush/halstm32f103c8_xtw/std/vcp/usb_prop.o
                0x00000000080028fc                Virtual_Com_Port_Get_Interface_Setting
 .text.Virtual_Com_Port_GetLineCoding
                0x000000000800290c       0x18 /home/trees/src/github.mcush/halstm32f103c8_xtw/std/vcp/usb_prop.o
                0x000000000800290c                Virtual_Com_Port_GetLineCoding
 .text.Virtual_Com_Port_SetLineCoding
                0x0000000008002924       0x18 /home/trees/src/github.mcush/halstm32f103c8_xtw/std/vcp/usb_prop.o
                0x0000000008002924                Virtual_Com_Port_SetLineCoding
 .text.Virtual_Com_Port_init
                0x000000000800293c       0x28 /home/trees/src/github.mcush/halstm32f103c8_xtw/std/vcp/usb_prop.o
                0x000000000800293c                Virtual_Com_Port_init
 .text.Virtual_Com_Port_Reset
                0x0000000008002964       0xe0 /home/trees/src/github.mcush/halstm32f103c8_xtw/std/vcp/usb_prop.o
                0x0000000008002964                Virtual_Com_Port_Reset
 .text.Virtual_Com_Port_Status_In
                0x0000000008002a44       0x1c /home/trees/src/github.mcush/halstm32f103c8_xtw/std/vcp/usb_prop.o
                0x0000000008002a44                Virtual_Com_Port_Status_In
 .text.Virtual_Com_Port_GetDeviceDescriptor
                0x0000000008002a60        0xc /home/trees/src/github.mcush/halstm32f103c8_xtw/std/vcp/usb_prop.o
                0x0000000008002a60                Virtual_Com_Port_GetDeviceDescriptor
 .text.Virtual_Com_Port_GetConfigDescriptor
                0x0000000008002a6c        0xc /home/trees/src/github.mcush/halstm32f103c8_xtw/std/vcp/usb_prop.o
                0x0000000008002a6c                Virtual_Com_Port_GetConfigDescriptor
 .text.Virtual_Com_Port_GetStringDescriptor
                0x0000000008002a78       0x20 /home/trees/src/github.mcush/halstm32f103c8_xtw/std/vcp/usb_prop.o
                0x0000000008002a78                Virtual_Com_Port_GetStringDescriptor
 .text.PowerOn  0x0000000008002a98       0x30 /home/trees/src/github.mcush/halstm32f103c8_xtw/std/vcp/usb_pwr.o
                0x0000000008002a98                PowerOn
 .text.Suspend  0x0000000008002ac8      0x124 /home/trees/src/github.mcush/halstm32f103c8_xtw/std/vcp/usb_pwr.o
                0x0000000008002ac8                Suspend
 .text.Resume   0x0000000008002bec       0xd8 /home/trees/src/github.mcush/halstm32f103c8_xtw/std/vcp/usb_pwr.o
                0x0000000008002bec                Resume
 .text.base64_init_encodestate
                0x0000000008002cc4        0xc /home/trees/src/github.mcush/mcush/mcush_base64.o
                0x0000000008002cc4                base64_init_encodestate
 .text.base64_encode_block
                0x0000000008002cd0       0xc8 /home/trees/src/github.mcush/mcush/mcush_base64.o
                0x0000000008002cd0                base64_encode_block
 .text.base64_encode_blockend
                0x0000000008002d98       0x5c /home/trees/src/github.mcush/mcush/mcush_base64.o
                0x0000000008002d98                base64_encode_blockend
 .text.base64_init_decodestate
                0x0000000008002df4        0x8 /home/trees/src/github.mcush/mcush/mcush_base64.o
                0x0000000008002df4                base64_init_decodestate
 .text.base64_decode_block
                0x0000000008002dfc      0x114 /home/trees/src/github.mcush/mcush/mcush_base64.o
                0x0000000008002dfc                base64_decode_block
 .text.vApplicationTickHook
                0x0000000008002f10        0x4 /home/trees/src/github.mcush/mcush/mcush_hook.o
                0x0000000008002f10                vApplicationTickHook
 .text.vApplicationIdleHook
                0x0000000008002f14        0x4 /home/trees/src/github.mcush/mcush/mcush_hook.o
                0x0000000008002f14                vApplicationIdleHook
 .text.parse_int
                0x0000000008002f18       0x44 /home/trees/src/github.mcush/mcush/mcush_lib.o
                0x0000000008002f18                parse_int
 .text.parse_int_repeat
                0x0000000008002f5c       0x8c /home/trees/src/github.mcush/mcush/mcush_lib.o
                0x0000000008002f5c                parse_int_repeat
 .text.hexlify  0x0000000008002fe8       0x54 /home/trees/src/github.mcush/mcush/mcush_lib.o
                0x0000000008002fe8                hexlify
 .text.byte_to_unicode
                0x000000000800303c       0x24 /home/trees/src/github.mcush/mcush/mcush_lib.o
                0x000000000800303c                byte_to_unicode
 .text.mcush_opt_parser_init
                0x0000000008003060       0x1c /home/trees/src/github.mcush/mcush/mcush_opt.o
                0x0000000008003060                mcush_opt_parser_init
 .text.mcush_opt_parser_next
                0x000000000800307c      0x234 /home/trees/src/github.mcush/mcush/mcush_opt.o
                0x000000000800307c                mcush_opt_parser_next
 .text.mcush_opt_usage_print
                0x00000000080032b0      0x1bc /home/trees/src/github.mcush/mcush/mcush_opt.o
                0x00000000080032b0                mcush_opt_usage_print
 .text.mcush_opt_check_invalid_argument
                0x000000000800346c       0x54 /home/trees/src/github.mcush/mcush/mcush_opt.o
                0x000000000800346c                mcush_opt_check_invalid_argument
 .text.prints   0x00000000080034c0      0x140 /home/trees/src/github.mcush/mcush/mcush_printf2.o
 .text.printi   0x0000000008003600      0x108 /home/trees/src/github.mcush/mcush/mcush_printf2.o
 .text.print    0x0000000008003708      0x814 /home/trees/src/github.mcush/mcush/mcush_printf2.o
 .text.vsprintf
                0x0000000008003f1c       0x20 /home/trees/src/github.mcush/mcush/mcush_printf2.o
                0x0000000008003f1c                vsprintf
 .text._sbrk    0x0000000008003f3c       0x30 /home/trees/src/github.mcush/mcush/mcush_stub.o
                0x0000000008003f3c                _sbrk
 .text._halt    0x0000000008003f6c       0x3c /home/trees/src/github.mcush/mcush/mcush_stub.o
                0x0000000008003f6c                _halt
 .text.mcush_init
                0x0000000008003fa8       0x84 /home/trees/src/github.mcush/mcush/mcush_task.o
                0x0000000008003fa8                mcush_init
 .text.mcush_start
                0x000000000800402c       0x88 /home/trees/src/github.mcush/mcush/mcush_task.o
                0x000000000800402c                mcush_start
 .text.mcush_mount
                0x00000000080040b4       0x88 /home/trees/src/github.mcush/mcush/mcush_vfs.o
                0x00000000080040b4                mcush_mount
 .text.get_mount_point
                0x000000000800413c       0x58 /home/trees/src/github.mcush/mcush/mcush_vfs.o
                0x000000000800413c                get_mount_point
 .text.get_file_name
                0x0000000008004194       0x5c /home/trees/src/github.mcush/mcush/mcush_vfs.o
                0x0000000008004194                get_file_name
 .text.mcush_size
                0x00000000080041f0       0xf0 /home/trees/src/github.mcush/mcush/mcush_vfs.o
                0x00000000080041f0                mcush_size
 .text.mcush_open
                0x00000000080042e0      0x184 /home/trees/src/github.mcush/mcush/mcush_vfs.o
                0x00000000080042e0                mcush_open
 .text.mcush_read
                0x0000000008004464       0x84 /home/trees/src/github.mcush/mcush/mcush_vfs.o
                0x0000000008004464                mcush_read
 .text.mcush_write
                0x00000000080044e8       0x54 /home/trees/src/github.mcush/mcush/mcush_vfs.o
                0x00000000080044e8                mcush_write
 .text.mcush_close
                0x000000000800453c       0x50 /home/trees/src/github.mcush/mcush/mcush_vfs.o
                0x000000000800453c                mcush_close
 .text.mcush_list
                0x000000000800458c      0x134 /home/trees/src/github.mcush/mcush/mcush_vfs.o
                0x000000000800458c                mcush_list
 .text.mcush_romfs_umount
                0x00000000080046c0        0x4 /home/trees/src/github.mcush/mcush/mcush_vfs_romfs.o
                0x00000000080046c0                mcush_romfs_umount
 .text.mcush_romfs_info
                0x00000000080046c4        0xc /home/trees/src/github.mcush/mcush/mcush_vfs_romfs.o
                0x00000000080046c4                mcush_romfs_info
 .text.mcush_romfs_format
                0x00000000080046d0        0x4 /home/trees/src/github.mcush/mcush/mcush_vfs_romfs.o
                0x00000000080046d0                mcush_romfs_format
 .text.mcush_romfs_check
                0x00000000080046d4        0x4 /home/trees/src/github.mcush/mcush/mcush_vfs_romfs.o
                0x00000000080046d4                mcush_romfs_check
 .text.mcush_romfs_remove
                0x00000000080046d8        0x4 /home/trees/src/github.mcush/mcush/mcush_vfs_romfs.o
                0x00000000080046d8                mcush_romfs_remove
 .text.mcush_romfs_rename
                0x00000000080046dc        0x4 /home/trees/src/github.mcush/mcush/mcush_vfs_romfs.o
                0x00000000080046dc                mcush_romfs_rename
 .text.mcush_romfs_write
                0x00000000080046e0        0x8 /home/trees/src/github.mcush/mcush/mcush_vfs_romfs.o
                0x00000000080046e0                mcush_romfs_write
 .text.mcush_romfs_seek
                0x00000000080046e8       0x44 /home/trees/src/github.mcush/mcush/mcush_vfs_romfs.o
                0x00000000080046e8                mcush_romfs_seek
 .text.mcush_romfs_flush
                0x000000000800472c        0x4 /home/trees/src/github.mcush/mcush/mcush_vfs_romfs.o
                0x000000000800472c                mcush_romfs_flush
 .text.mcush_romfs_close
                0x0000000008004730       0x14 /home/trees/src/github.mcush/mcush/mcush_vfs_romfs.o
                0x0000000008004730                mcush_romfs_close
 .text.mcush_romfs_mount
                0x0000000008004744       0x24 /home/trees/src/github.mcush/mcush/mcush_vfs_romfs.o
                0x0000000008004744                mcush_romfs_mount
 .text.mcush_romfs_open
                0x0000000008004768       0x54 /home/trees/src/github.mcush/mcush/mcush_vfs_romfs.o
                0x0000000008004768                mcush_romfs_open
 .text.mcush_romfs_size
                0x00000000080047bc       0x30 /home/trees/src/github.mcush/mcush/mcush_vfs_romfs.o
                0x00000000080047bc                mcush_romfs_size
 .text.mcush_romfs_read
                0x00000000080047ec       0x48 /home/trees/src/github.mcush/mcush/mcush_vfs_romfs.o
                0x00000000080047ec                mcush_romfs_read
 .text.mcush_romfs_list
                0x0000000008004834       0x34 /home/trees/src/github.mcush/mcush/mcush_vfs_romfs.o
                0x0000000008004834                mcush_romfs_list
 .text.cmd_help
                0x0000000008004868       0x94 /home/trees/src/github.mcush/mcush/shell_commands.o
                0x0000000008004868                cmd_help
 .text.cmd_loop
                0x00000000080048fc      0x13c /home/trees/src/github.mcush/mcush/shell_commands.o
                0x00000000080048fc                cmd_loop
 .text.i2c_write_byte
                0x0000000008004a38       0x8c /home/trees/src/github.mcush/mcush/shell_commands_emu.o
 .text.emu_i2c_init
                0x0000000008004ac4       0xa4 /home/trees/src/github.mcush/mcush/shell_commands_emu.o
                0x0000000008004ac4                emu_i2c_init
 .text.emu_i2c_write
                0x0000000008004b68      0x250 /home/trees/src/github.mcush/mcush/shell_commands_emu.o
                0x0000000008004b68                emu_i2c_write
 .text.cmd_i2c  0x0000000008004db8      0x2f0 /home/trees/src/github.mcush/mcush/shell_commands_emu.o
                0x0000000008004db8                cmd_i2c
 .text.emu_spi_init
                0x00000000080050a8       0xb8 /home/trees/src/github.mcush/mcush/shell_commands_emu.o
                0x00000000080050a8                emu_spi_init
 .text.emu_spi_write
                0x0000000008005160      0x19c /home/trees/src/github.mcush/mcush/shell_commands_emu.o
                0x0000000008005160                emu_spi_write
 .text.cmd_spi  0x00000000080052fc      0x3b4 /home/trees/src/github.mcush/mcush/shell_commands_emu.o
                0x00000000080052fc                cmd_spi
 .text.cmd_pulse
                0x00000000080056b0      0x208 /home/trees/src/github.mcush/mcush/shell_commands_emu.o
                0x00000000080056b0                cmd_pulse
 .text.cmd_ds1w
                0x00000000080058b8      0x38c /home/trees/src/github.mcush/mcush/shell_commands_emu.o
                0x00000000080058b8                cmd_ds1w
 .text.cb_print_file
                0x0000000008005c44       0x2c /home/trees/src/github.mcush/mcush/shell_commands_fs.o
                0x0000000008005c44                cb_print_file
 .text.cmd_cat  0x0000000008005c70      0x2a8 /home/trees/src/github.mcush/mcush/shell_commands_fs.o
                0x0000000008005c70                cmd_cat
 .text.cmd_list
                0x0000000008005f18      0x140 /home/trees/src/github.mcush/mcush/shell_commands_fs.o
                0x0000000008005f18                cmd_list
 .text.cmd_gpio
                0x0000000008006058      0x434 /home/trees/src/github.mcush/mcush/shell_commands_hal.o
                0x0000000008006058                cmd_gpio
 .text.cmd_led  0x000000000800648c      0x1b8 /home/trees/src/github.mcush/mcush/shell_commands_hal.o
                0x000000000800648c                cmd_led
 .text.cmd_pwm  0x0000000008006644      0x1c4 /home/trees/src/github.mcush/mcush/shell_commands_hal.o
                0x0000000008006644                cmd_pwm
 .text.cmd_adc  0x0000000008006808      0x240 /home/trees/src/github.mcush/mcush/shell_commands_hal.o
                0x0000000008006808                cmd_adc
 .text.cmd_scpi_idn
                0x0000000008006a48       0x48 /home/trees/src/github.mcush/mcush/shell_commands_scpi.o
                0x0000000008006a48                cmd_scpi_idn
 .text.cmd_scpi_rst
                0x0000000008006a90        0xc /home/trees/src/github.mcush/mcush/shell_commands_scpi.o
                0x0000000008006a90                cmd_scpi_rst
 .text.shell_split_cmdline_into_argvs
                0x0000000008006a9c      0x114 /home/trees/src/github.mcush/mcush/shell_core.o
 .text.shell_read
                0x0000000008006bb0       0x60 /home/trees/src/github.mcush/mcush/shell_core.o
                0x0000000008006bb0                shell_read
 .text.shell_write_char
                0x0000000008006c10       0x2c /home/trees/src/github.mcush/mcush/shell_core.o
                0x0000000008006c10                shell_write_char
 .text.shell_process_char
                0x0000000008006c3c      0x610 /home/trees/src/github.mcush/mcush/shell_core.o
 .text.shell_write
                0x000000000800724c       0x20 /home/trees/src/github.mcush/mcush/shell_core.o
                0x000000000800724c                shell_write
 .text.shell_write_str
                0x000000000800726c       0x2c /home/trees/src/github.mcush/mcush/shell_core.o
                0x000000000800726c                shell_write_str
 .text.shell_write_line
                0x0000000008007298       0x44 /home/trees/src/github.mcush/mcush/shell_core.o
                0x0000000008007298                shell_write_line
 .text.shell_write_err
                0x00000000080072dc       0x5c /home/trees/src/github.mcush/mcush/shell_core.o
                0x00000000080072dc                shell_write_err
 .text.shell_printf
                0x0000000008007338       0x44 /home/trees/src/github.mcush/mcush/shell_core.o
                0x0000000008007338                shell_printf
 .text.shell_write_hex
                0x000000000800737c        0xc /home/trees/src/github.mcush/mcush/shell_core.o
                0x000000000800737c                shell_write_hex
 .text.shell_add_cmd_table
                0x0000000008007388       0x3c /home/trees/src/github.mcush/mcush/shell_core.o
                0x0000000008007388                shell_add_cmd_table
 .text.shell_get_prompt
                0x00000000080073c4       0x30 /home/trees/src/github.mcush/mcush/shell_core.o
                0x00000000080073c4                shell_get_prompt
 .text.shell_get_cmd_by_name
                0x00000000080073f4       0x80 /home/trees/src/github.mcush/mcush/shell_core.o
                0x00000000080073f4                shell_get_cmd_by_name
 .text.shell_print_help
                0x0000000008007474      0x1a4 /home/trees/src/github.mcush/mcush/shell_core.o
                0x0000000008007474                shell_print_help
 .text.shell_init
                0x0000000008007618       0x28 /home/trees/src/github.mcush/mcush/shell_core.o
                0x0000000008007618                shell_init
 .text.shell_read_multi_lines
                0x0000000008007640      0x21c /home/trees/src/github.mcush/mcush/shell_core.o
                0x0000000008007640                shell_read_multi_lines
 .text.shell_run
                0x000000000800785c      0x278 /home/trees/src/github.mcush/mcush/shell_core.o
                0x000000000800785c                shell_run
 .text.vListInitialise
                0x0000000008007ad4       0x18 /home/trees/src/github.mcush/libFreeRTOS/list.o
                0x0000000008007ad4                vListInitialise
 .text.vListInitialiseItem
                0x0000000008007aec        0x8 /home/trees/src/github.mcush/libFreeRTOS/list.o
                0x0000000008007aec                vListInitialiseItem
 .text.vListInsertEnd
                0x0000000008007af4       0x18 /home/trees/src/github.mcush/libFreeRTOS/list.o
                0x0000000008007af4                vListInsertEnd
 .text.vListInsert
                0x0000000008007b0c       0x34 /home/trees/src/github.mcush/libFreeRTOS/list.o
                0x0000000008007b0c                vListInsert
 .text.uxListRemove
                0x0000000008007b40       0x28 /home/trees/src/github.mcush/libFreeRTOS/list.o
                0x0000000008007b40                uxListRemove
 .text.unlikely.prvCopyDataToQueue
                0x0000000008007b68       0x74 /home/trees/src/github.mcush/libFreeRTOS/queue.o
 .text.unlikely.prvCopyDataFromQueue
                0x0000000008007bdc       0x28 /home/trees/src/github.mcush/libFreeRTOS/queue.o
 .text.prvUnlockQueue
                0x0000000008007c04       0x98 /home/trees/src/github.mcush/libFreeRTOS/queue.o
 .text.xQueueGenericReset
                0x0000000008007c9c       0x90 /home/trees/src/github.mcush/libFreeRTOS/queue.o
                0x0000000008007c9c                xQueueGenericReset
 .text.xQueueGenericCreate
                0x0000000008007d2c       0x84 /home/trees/src/github.mcush/libFreeRTOS/queue.o
                0x0000000008007d2c                xQueueGenericCreate
 .text.xQueueGenericSend
                0x0000000008007db0      0x2b0 /home/trees/src/github.mcush/libFreeRTOS/queue.o
                0x0000000008007db0                xQueueGenericSend
 .text.xQueueGenericSendFromISR
                0x0000000008008060       0xc8 /home/trees/src/github.mcush/libFreeRTOS/queue.o
                0x0000000008008060                xQueueGenericSendFromISR
 .text.xQueueReceive
                0x0000000008008128      0x310 /home/trees/src/github.mcush/libFreeRTOS/queue.o
                0x0000000008008128                xQueueReceive
 .text.xQueueReceiveFromISR
                0x0000000008008438       0xa0 /home/trees/src/github.mcush/libFreeRTOS/queue.o
                0x0000000008008438                xQueueReceiveFromISR
 .text.prvIdleTask
                0x00000000080084d8       0x74 /home/trees/src/github.mcush/libFreeRTOS/tasks.o
 .text.prvAddCurrentTaskToDelayedList
                0x000000000800854c       0x90 /home/trees/src/github.mcush/libFreeRTOS/tasks.o
 .text.xTaskCreate
                0x00000000080085dc      0x208 /home/trees/src/github.mcush/libFreeRTOS/tasks.o
                0x00000000080085dc                xTaskCreate
 .text.vTaskStartScheduler
                0x00000000080087e4      0x200 /home/trees/src/github.mcush/libFreeRTOS/tasks.o
                0x00000000080087e4                vTaskStartScheduler
 .text.vTaskSuspendAll
                0x00000000080089e4       0x10 /home/trees/src/github.mcush/libFreeRTOS/tasks.o
                0x00000000080089e4                vTaskSuspendAll
 .text.xTaskGetTickCount
                0x00000000080089f4        0xc /home/trees/src/github.mcush/libFreeRTOS/tasks.o
                0x00000000080089f4                xTaskGetTickCount
 .text.xTaskIncrementTick
                0x0000000008008a00      0x164 /home/trees/src/github.mcush/libFreeRTOS/tasks.o
                0x0000000008008a00                xTaskIncrementTick
 .text.xTaskResumeAll
                0x0000000008008b64      0x11c /home/trees/src/github.mcush/libFreeRTOS/tasks.o
                0x0000000008008b64                xTaskResumeAll
 .text.vTaskDelay
                0x0000000008008c80       0x4c /home/trees/src/github.mcush/libFreeRTOS/tasks.o
                0x0000000008008c80                vTaskDelay
 .text.vTaskSwitchContext
                0x0000000008008ccc       0x70 /home/trees/src/github.mcush/libFreeRTOS/tasks.o
                0x0000000008008ccc                vTaskSwitchContext
 .text.vTaskPlaceOnEventList
                0x0000000008008d3c       0xa4 /home/trees/src/github.mcush/libFreeRTOS/tasks.o
                0x0000000008008d3c                vTaskPlaceOnEventList
 .text.xTaskRemoveFromEventList
                0x0000000008008de0       0x88 /home/trees/src/github.mcush/libFreeRTOS/tasks.o
                0x0000000008008de0                xTaskRemoveFromEventList
 .text.vTaskInternalSetTimeOutState
                0x0000000008008e68       0x18 /home/trees/src/github.mcush/libFreeRTOS/tasks.o
                0x0000000008008e68                vTaskInternalSetTimeOutState
 .text.xTaskCheckForTimeOut
                0x0000000008008e80       0x98 /home/trees/src/github.mcush/libFreeRTOS/tasks.o
                0x0000000008008e80                xTaskCheckForTimeOut
 .text.vTaskMissedYield
                0x0000000008008f18        0xc /home/trees/src/github.mcush/libFreeRTOS/tasks.o
                0x0000000008008f18                vTaskMissedYield
 .text.xTaskGetSchedulerState
                0x0000000008008f24       0x20 /home/trees/src/github.mcush/libFreeRTOS/tasks.o
                0x0000000008008f24                xTaskGetSchedulerState
 .text.xTaskPriorityDisinherit
                0x0000000008008f44       0xb4 /home/trees/src/github.mcush/libFreeRTOS/tasks.o
                0x0000000008008f44                xTaskPriorityDisinherit
 .text.pvPortMalloc
                0x0000000008008ff8       0x18 /home/trees/src/github.mcush/libFreeRTOS/portable/MemMang/heap_3.o
                0x0000000008008ff8                pvPortMalloc
 .text.vPortFree
                0x0000000008009010       0x1c /home/trees/src/github.mcush/libFreeRTOS/portable/MemMang/heap_3.o
                0x0000000008009010                vPortFree
 .text.prvTaskExitError
                0x000000000800902c       0x40 /home/trees/src/github.mcush/libFreeRTOS/portable/GCC/ARM_CM3/port.o
 .text.unlikely.prvPortStartFirstTask
                0x000000000800906c       0x20 /home/trees/src/github.mcush/libFreeRTOS/portable/GCC/ARM_CM3/port.o
 .text.pxPortInitialiseStack
                0x000000000800908c       0x24 /home/trees/src/github.mcush/libFreeRTOS/portable/GCC/ARM_CM3/port.o
                0x000000000800908c                pxPortInitialiseStack
 .text.SVC_Handler
                0x00000000080090b0       0x24 /home/trees/src/github.mcush/libFreeRTOS/portable/GCC/ARM_CM3/port.o
                0x00000000080090b0                SVC_Handler
 .text.vPortEnterCritical
                0x00000000080090d4       0x44 /home/trees/src/github.mcush/libFreeRTOS/portable/GCC/ARM_CM3/port.o
                0x00000000080090d4                vPortEnterCritical
 .text.vPortExitCritical
                0x0000000008009118       0x28 /home/trees/src/github.mcush/libFreeRTOS/portable/GCC/ARM_CM3/port.o
                0x0000000008009118                vPortExitCritical
 .text.PendSV_Handler
                0x0000000008009140       0x44 /home/trees/src/github.mcush/libFreeRTOS/portable/GCC/ARM_CM3/port.o
                0x0000000008009140                PendSV_Handler
 .text.SysTick_Handler
                0x0000000008009184       0x2c /home/trees/src/github.mcush/libFreeRTOS/portable/GCC/ARM_CM3/port.o
                0x0000000008009184                SysTick_Handler
 .text.vPortSetupTimerInterrupt
                0x00000000080091b0       0x34 /home/trees/src/github.mcush/libFreeRTOS/portable/GCC/ARM_CM3/port.o
                0x00000000080091b0                vPortSetupTimerInterrupt
 .text.xPortStartScheduler
                0x00000000080091e4       0xbc /home/trees/src/github.mcush/libFreeRTOS/portable/GCC/ARM_CM3/port.o
                0x00000000080091e4                xPortStartScheduler
 .text.vPortValidateInterruptPriority
                0x00000000080092a0       0x5c /home/trees/src/github.mcush/libFreeRTOS/portable/GCC/ARM_CM3/port.o
                0x00000000080092a0                vPortValidateInterruptPriority
 .text.startup.main
                0x00000000080092fc       0x10 main.o
                0x00000000080092fc                main
 .text.cmd_error
                0x000000000800930c       0xd0 task_blink.o
                0x000000000800930c                cmd_error
 .text.task_blink_entry
                0x00000000080093dc       0xe4 task_blink.o
                0x00000000080093dc                task_blink_entry
 .text.set_errno
                0x00000000080094c0       0x10 task_blink.o
                0x00000000080094c0                set_errno
 .text.task_blink_init
                0x00000000080094d0       0x40 task_blink.o
                0x00000000080094d0                task_blink_init
 .text.__signbitf
                0x0000000008009510        0x4 /usr/lib/gcc/arm-none-eabi/4.9.3/../../../arm-none-eabi/lib/armv7-m/libm.a(lib_a-s_signbit.o)
                0x0000000008009510                __signbitf
 .text.__fpclassifyf
                0x0000000008009514       0x34 /usr/lib/gcc/arm-none-eabi/4.9.3/../../../arm-none-eabi/lib/armv7-m/libm.a(lib_a-sf_fpclassify.o)
                0x0000000008009514                __fpclassifyf
 .text          0x0000000008009548      0x370 /usr/lib/gcc/arm-none-eabi/4.9.3/armv7-m/libgcc.a(_arm_addsubdf3.o)
                0x0000000008009548                __aeabi_drsub
                0x0000000008009550                __aeabi_dsub
                0x0000000008009550                __subdf3
                0x0000000008009554                __adddf3
                0x0000000008009554                __aeabi_dadd
                0x00000000080097cc                __aeabi_ui2d
                0x00000000080097cc                __floatunsidf
                0x00000000080097ec                __floatsidf
                0x00000000080097ec                __aeabi_i2d
                0x0000000008009810                __extendsfdf2
                0x0000000008009810                __aeabi_f2d
                0x000000000800984c                __aeabi_ul2d
                0x000000000800984c                __floatundidf
                0x000000000800985c                __floatdidf
                0x000000000800985c                __aeabi_l2d
 .text          0x00000000080098b8      0x424 /usr/lib/gcc/arm-none-eabi/4.9.3/armv7-m/libgcc.a(_arm_muldivdf3.o)
                0x00000000080098b8                __aeabi_dmul
                0x00000000080098b8                __muldf3
                0x0000000008009b0c                __aeabi_ddiv
                0x0000000008009b0c                __divdf3
 .text          0x0000000008009cdc      0x110 /usr/lib/gcc/arm-none-eabi/4.9.3/armv7-m/libgcc.a(_arm_cmpdf2.o)
                0x0000000008009cdc                __gtdf2
                0x0000000008009cdc                __gedf2
                0x0000000008009ce4                __ltdf2
                0x0000000008009ce4                __ledf2
                0x0000000008009cec                __cmpdf2
                0x0000000008009cec                __eqdf2
                0x0000000008009cec                __nedf2
                0x0000000008009d68                __aeabi_cdrcmple
                0x0000000008009d78                __aeabi_cdcmple
                0x0000000008009d78                __aeabi_cdcmpeq
                0x0000000008009d88                __aeabi_dcmpeq
                0x0000000008009d9c                __aeabi_dcmplt
                0x0000000008009db0                __aeabi_dcmple
                0x0000000008009dc4                __aeabi_dcmpge
                0x0000000008009dd8                __aeabi_dcmpgt
 .text          0x0000000008009dec       0x40 /usr/lib/gcc/arm-none-eabi/4.9.3/armv7-m/libgcc.a(_arm_fixunsdfsi.o)
                0x0000000008009dec                __fixunsdfsi
                0x0000000008009dec                __aeabi_d2uiz
 .text          0x0000000008009e2c       0xa0 /usr/lib/gcc/arm-none-eabi/4.9.3/armv7-m/libgcc.a(_arm_truncdfsf2.o)
                0x0000000008009e2c                __aeabi_d2f
                0x0000000008009e2c                __truncdfsf2
 .text          0x0000000008009ecc      0x21c /usr/lib/gcc/arm-none-eabi/4.9.3/armv7-m/libgcc.a(_arm_addsubsf3.o)
                0x0000000008009ecc                __aeabi_frsub
                0x0000000008009ed4                __subsf3
                0x0000000008009ed4                __aeabi_fsub
                0x0000000008009ed8                __aeabi_fadd
                0x0000000008009ed8                __addsf3
                0x000000000800a038                __aeabi_ui2f
                0x000000000800a038                __floatunsisf
                0x000000000800a040                __aeabi_i2f
                0x000000000800a040                __floatsisf
                0x000000000800a05c                __floatundisf
                0x000000000800a05c                __aeabi_ul2f
                0x000000000800a06c                __floatdisf
                0x000000000800a06c                __aeabi_l2f
 .text          0x000000000800a0e8      0x2a0 /usr/lib/gcc/arm-none-eabi/4.9.3/armv7-m/libgcc.a(_arm_muldivsf3.o)
                0x000000000800a0e8                __mulsf3
                0x000000000800a0e8                __aeabi_fmul
                0x000000000800a250                __divsf3
                0x000000000800a250                __aeabi_fdiv
 .text          0x000000000800a388       0xec /usr/lib/gcc/arm-none-eabi/4.9.3/armv7-m/libgcc.a(_arm_cmpsf2.o)
                0x000000000800a388                __gtsf2
                0x000000000800a388                __gesf2
                0x000000000800a390                __lesf2
                0x000000000800a390                __ltsf2
                0x000000000800a398                __nesf2
                0x000000000800a398                __eqsf2
                0x000000000800a398                __cmpsf2
                0x000000000800a3f8                __aeabi_cfrcmple
                0x000000000800a400                __aeabi_cfcmple
                0x000000000800a400                __aeabi_cfcmpeq
                0x000000000800a410                __aeabi_fcmpeq
                0x000000000800a424                __aeabi_fcmplt
                0x000000000800a438                __aeabi_fcmple
                0x000000000800a44c                __aeabi_fcmpge
                0x000000000800a460                __aeabi_fcmpgt
 .text          0x000000000800a474       0x4c /usr/lib/gcc/arm-none-eabi/4.9.3/armv7-m/libgcc.a(_arm_fixsfsi.o)
                0x000000000800a474                __fixsfsi
                0x000000000800a474                __aeabi_f2iz
 .text.malloc   0x000000000800a4c0       0x10 /usr/lib/gcc/arm-none-eabi/4.9.3/../../../arm-none-eabi/lib/armv7-m/libc.a(lib_a-malloc.o)
                0x000000000800a4c0                malloc
 .text.free     0x000000000800a4d0       0x10 /usr/lib/gcc/arm-none-eabi/4.9.3/../../../arm-none-eabi/lib/armv7-m/libc.a(lib_a-malloc.o)
                0x000000000800a4d0                free
 .text._malloc_r
                0x000000000800a4e0      0x50c /usr/lib/gcc/arm-none-eabi/4.9.3/../../../arm-none-eabi/lib/armv7-m/libc.a(lib_a-mallocr.o)
                0x000000000800a4e0                _malloc_r
 .text          0x000000000800a9ec       0xec /usr/lib/gcc/arm-none-eabi/4.9.3/../../../arm-none-eabi/lib/armv7-m/libc.a(lib_a-memcpy.o)
                0x000000000800a9ec                memcpy
 .text.memmove  0x000000000800aad8       0xc8 /usr/lib/gcc/arm-none-eabi/4.9.3/../../../arm-none-eabi/lib/armv7-m/libc.a(lib_a-memmove.o)
                0x000000000800aad8                memmove
 .text.__malloc_lock
                0x000000000800aba0        0x4 /usr/lib/gcc/arm-none-eabi/4.9.3/../../../arm-none-eabi/lib/armv7-m/libc.a(lib_a-mlock.o)
                0x000000000800aba0                __malloc_lock
 .text.__malloc_unlock
                0x000000000800aba4        0x4 /usr/lib/gcc/arm-none-eabi/4.9.3/../../../arm-none-eabi/lib/armv7-m/libc.a(lib_a-mlock.o)
                0x000000000800aba4                __malloc_unlock
 .text.realloc  0x000000000800aba8       0x10 /usr/lib/gcc/arm-none-eabi/4.9.3/../../../arm-none-eabi/lib/armv7-m/libc.a(lib_a-realloc.o)
                0x000000000800aba8                realloc
 .text._realloc_r
                0x000000000800abb8      0x3e0 /usr/lib/gcc/arm-none-eabi/4.9.3/../../../arm-none-eabi/lib/armv7-m/libc.a(lib_a-reallocr.o)
                0x000000000800abb8                _realloc_r
 .text._sbrk_r  0x000000000800af98       0x24 /usr/lib/gcc/arm-none-eabi/4.9.3/../../../arm-none-eabi/lib/armv7-m/libc.a(lib_a-sbrkr.o)
                0x000000000800af98                _sbrk_r
 .text.stpcpy   0x000000000800afbc       0x4c /usr/lib/gcc/arm-none-eabi/4.9.3/../../../arm-none-eabi/lib/armv7-m/libc.a(lib_a-stpcpy.o)
                0x000000000800afbc                stpcpy
 .text          0x000000000800b008      0x1bc /usr/lib/gcc/arm-none-eabi/4.9.3/../../../arm-none-eabi/lib/armv7-m/libc.a(lib_a-strcmp.o)
                0x000000000800b008                strcmp
 .text.strcpy   0x000000000800b1c4       0xbc /usr/lib/gcc/arm-none-eabi/4.9.3/../../../arm-none-eabi/lib/armv7-m/libc.a(lib_a-strcpy.o)
                0x000000000800b1c4                strcpy
 .text.strlen   0x000000000800b280       0x5c /usr/lib/gcc/arm-none-eabi/4.9.3/../../../arm-none-eabi/lib/armv7-m/libc.a(lib_a-strlen.o)
                0x000000000800b280                strlen
 .text.strncmp  0x000000000800b2dc       0x94 /usr/lib/gcc/arm-none-eabi/4.9.3/../../../arm-none-eabi/lib/armv7-m/libc.a(lib_a-strncmp.o)
                0x000000000800b2dc                strncmp
 .text.strrchr  0x000000000800b370       0x24 /usr/lib/gcc/arm-none-eabi/4.9.3/../../../arm-none-eabi/lib/armv7-m/libc.a(lib_a-strrchr.o)
                0x000000000800b370                strrchr
 .text._strtol_r
                0x000000000800b394      0x11c /usr/lib/gcc/arm-none-eabi/4.9.3/../../../arm-none-eabi/lib/armv7-m/libc.a(lib_a-strtol.o)
                0x000000000800b394                _strtol_r
 .text.strtol   0x000000000800b4b0       0x18 /usr/lib/gcc/arm-none-eabi/4.9.3/../../../arm-none-eabi/lib/armv7-m/libc.a(lib_a-strtol.o)
                0x000000000800b4b0                strtol
 .text.strtoll  0x000000000800b4c8       0x18 /usr/lib/gcc/arm-none-eabi/4.9.3/../../../arm-none-eabi/lib/armv7-m/libc.a(lib_a-strtoll.o)
                0x000000000800b4c8                strtoll
 .text._strtoll_r
                0x000000000800b4e0      0x1cc /usr/lib/gcc/arm-none-eabi/4.9.3/../../../arm-none-eabi/lib/armv7-m/libc.a(lib_a-strtoll_r.o)
                0x000000000800b4e0                _strtoll_r
 .text._malloc_trim_r
                0x000000000800b6ac       0x9c /usr/lib/gcc/arm-none-eabi/4.9.3/../../../arm-none-eabi/lib/armv7-m/libc.a(lib_a-freer.o)
                0x000000000800b6ac                _malloc_trim_r
 .text._free_r  0x000000000800b748      0x1b0 /usr/lib/gcc/arm-none-eabi/4.9.3/../../../arm-none-eabi/lib/armv7-m/libc.a(lib_a-freer.o)
                0x000000000800b748                _free_r
 .text.strchr   0x000000000800b8f8       0xcc /usr/lib/gcc/arm-none-eabi/4.9.3/../../../arm-none-eabi/lib/armv7-m/libc.a(lib_a-strchr.o)
                0x000000000800b8f8                strchr
 .text          0x000000000800b9c4       0x30 /usr/lib/gcc/arm-none-eabi/4.9.3/armv7-m/libgcc.a(_aeabi_uldivmod.o)
                0x000000000800b9c4                __aeabi_uldivmod
 .text          0x000000000800b9f4       0x60 /usr/lib/gcc/arm-none-eabi/4.9.3/armv7-m/libgcc.a(bpabi.o)
                0x000000000800b9f4                __gnu_ldivmod_helper
                0x000000000800ba24                __gnu_uldivmod_helper
 .text          0x000000000800ba54        0x4 /usr/lib/gcc/arm-none-eabi/4.9.3/armv7-m/libgcc.a(_dvmd_tls.o)
                0x000000000800ba54                __aeabi_ldiv0
                0x000000000800ba54                __aeabi_idiv0
 .text          0x000000000800ba58      0x2ac /usr/lib/gcc/arm-none-eabi/4.9.3/armv7-m/libgcc.a(_divdi3.o)
                0x000000000800ba58                __divdi3
 .text          0x000000000800bd04      0x270 /usr/lib/gcc/arm-none-eabi/4.9.3/armv7-m/libgcc.a(_udivdi3.o)
                0x000000000800bd04                __udivdi3
 *(.rodata*)
 .rodata.str1.4
                0x000000000800bf74        0x2 /usr/lib/gcc/arm-none-eabi/4.9.3/../../../arm-none-eabi/lib/armv7-m/libc.a(lib_a-impure.o)
                                          0x4 (size before relaxing)
 *fill*         0x000000000800bf76        0x2 
 .rodata._adc_pins
                0x000000000800bf78        0x4 /home/trees/src/github.mcush/halstm32f103c8_xtw/std/hal_adc.o
 .rodata._adc_ports
                0x000000000800bf7c        0x4 /home/trees/src/github.mcush/halstm32f103c8_xtw/std/hal_adc.o
 .rodata.ports  0x000000000800bf80       0x1c /home/trees/src/github.mcush/halstm32f103c8_xtw/std/hal_gpio.o
                0x000000000800bf80                ports
 .rodata._pwm_pins
                0x000000000800bf9c        0x4 /home/trees/src/github.mcush/halstm32f103c8_xtw/std/hal_pwm.o
 .rodata._pwm_oc_setcmp
                0x000000000800bfa0       0x10 /home/trees/src/github.mcush/halstm32f103c8_xtw/std/hal_pwm.o
 .rodata._pwm_oc_init
                0x000000000800bfb0       0x10 /home/trees/src/github.mcush/halstm32f103c8_xtw/std/hal_pwm.o
 .rodata._pwm_ports
                0x000000000800bfc0        0x4 /home/trees/src/github.mcush/halstm32f103c8_xtw/std/hal_pwm.o
 .rodata.Virtual_Com_Port_StringVendor
                0x000000000800bfc4       0x3a /home/trees/src/github.mcush/halstm32f103c8_xtw/std/vcp/usb_desc.o
                0x000000000800bfc4                Virtual_Com_Port_StringVendor
 *fill*         0x000000000800bffe        0x2 
 .rodata.Virtual_Com_Port_DeviceDescriptor
                0x000000000800c000       0x12 /home/trees/src/github.mcush/halstm32f103c8_xtw/std/vcp/usb_desc.o
                0x000000000800c000                Virtual_Com_Port_DeviceDescriptor
 *fill*         0x000000000800c012        0x2 
 .rodata.Virtual_Com_Port_StringLangID
                0x000000000800c014        0x4 /home/trees/src/github.mcush/halstm32f103c8_xtw/std/vcp/usb_desc.o
                0x000000000800c014                Virtual_Com_Port_StringLangID
 .rodata.Virtual_Com_Port_StringProduct
                0x000000000800c018       0x14 /home/trees/src/github.mcush/halstm32f103c8_xtw/std/vcp/usb_desc.o
                0x000000000800c018                Virtual_Com_Port_StringProduct
 .rodata.Virtual_Com_Port_ConfigDescriptor
                0x000000000800c02c       0x43 /home/trees/src/github.mcush/halstm32f103c8_xtw/std/vcp/usb_desc.o
                0x000000000800c02c                Virtual_Com_Port_ConfigDescriptor
 *fill*         0x000000000800c06f        0x1 
 .rodata.encoding.4123
                0x000000000800c070       0x41 /home/trees/src/github.mcush/mcush/mcush_base64.o
 *fill*         0x000000000800c0b1        0x3 
 .rodata.decoding.4151
                0x000000000800c0b4       0x50 /home/trees/src/github.mcush/mcush/mcush_base64.o
 .rodata.str1.4
                0x000000000800c104       0xb8 /home/trees/src/github.mcush/mcush/mcush_opt.o
                                         0xc0 (size before relaxing)
 .rodata.str1.4
                0x000000000800c1bc        0x7 /home/trees/src/github.mcush/mcush/mcush_printf2.o
 *fill*         0x000000000800c1c3        0x5 
 .rodata.round_nums
                0x000000000800c1c8       0x78 /home/trees/src/github.mcush/mcush/mcush_printf2.o
 .rodata.str1.4
                0x000000000800c240        0x7 /home/trees/src/github.mcush/mcush/mcush_task.o
                                          0xb (size before relaxing)
 *fill*         0x000000000800c247        0x1 
 .rodata.mcush_romfs_driver
                0x000000000800c248       0x40 /home/trees/src/github.mcush/mcush/mcush_vfs_romfs.o
                0x000000000800c248                mcush_romfs_driver
 .rodata.str1.4
                0x000000000800c288       0x12 /home/trees/src/github.mcush/mcush/mcush_vfs_romfs.o
 *fill*         0x000000000800c29a        0x2 
 .rodata.file_readme
                0x000000000800c29c       0x58 /home/trees/src/github.mcush/mcush/mcush_vfs_romfs.o
                0x000000000800c29c                file_readme
 .rodata.romfs_tab
                0x000000000800c2f4       0x24 /home/trees/src/github.mcush/mcush/mcush_vfs_romfs.o
                0x000000000800c2f4                romfs_tab
 .rodata.opt_spec.9828
                0x000000000800c318       0x30 /home/trees/src/github.mcush/mcush/shell_commands.o
 .rodata.opt_spec.9841
                0x000000000800c348       0x40 /home/trees/src/github.mcush/mcush/shell_commands.o
 .rodata.str1.4
                0x000000000800c388      0x290 /home/trees/src/github.mcush/mcush/shell_commands.o
                                        0x2a0 (size before relaxing)
 .rodata.CMD_TAB
                0x000000000800c618      0x12c /home/trees/src/github.mcush/mcush/shell_commands.o
                0x000000000800c618                CMD_TAB
 .rodata.opt_spec.9780
                0x000000000800c744       0xb0 /home/trees/src/github.mcush/mcush/shell_commands_emu.o
 .rodata.opt_spec.9897
                0x000000000800c7f4       0x70 /home/trees/src/github.mcush/mcush/shell_commands_emu.o
 .rodata.opt_spec.9844
                0x000000000800c864       0xe0 /home/trees/src/github.mcush/mcush/shell_commands_emu.o
 .rodata.opt_spec.9958
                0x000000000800c944       0xa0 /home/trees/src/github.mcush/mcush/shell_commands_emu.o
 .rodata.str1.4
                0x000000000800c9e4      0x1af /home/trees/src/github.mcush/mcush/shell_commands_emu.o
 *fill*         0x000000000800cb93        0x1 
 .rodata.opt_spec.9724
                0x000000000800cb94       0x60 /home/trees/src/github.mcush/mcush/shell_commands_fs.o
 .rodata.opt_spec.9768
                0x000000000800cbf4       0x20 /home/trees/src/github.mcush/mcush/shell_commands_fs.o
 .rodata.str1.4
                0x000000000800cc14       0x8f /home/trees/src/github.mcush/mcush/shell_commands_fs.o
                                         0x97 (size before relaxing)
 *fill*         0x000000000800cca3        0x1 
 .rodata.opt_spec.9716
                0x000000000800cca4       0xb0 /home/trees/src/github.mcush/mcush/shell_commands_hal.o
 .rodata.opt_spec.9791
                0x000000000800cd54       0x80 /home/trees/src/github.mcush/mcush/shell_commands_hal.o
 .rodata.str1.4
                0x000000000800cdd4      0x193 /home/trees/src/github.mcush/mcush/shell_commands_hal.o
                                        0x1bf (size before relaxing)
 *fill*         0x000000000800cf67        0x1 
 .rodata.opt_spec.9759
                0x000000000800cf68       0x70 /home/trees/src/github.mcush/mcush/shell_commands_hal.o
 .rodata.str1.4
                0x000000000800cfd8        0x4 /home/trees/src/github.mcush/mcush/shell_commands_scpi.o
 .rodata.str1.4
                0x000000000800cfdc       0x56 /home/trees/src/github.mcush/mcush/shell_core.o
                                         0x6a (size before relaxing)
 *fill*         0x000000000800d032        0x2 
 .rodata.shell_str_read
                0x000000000800d034        0x5 /home/trees/src/github.mcush/mcush/shell_str.o
                0x000000000800d034                shell_str_read
 *fill*         0x000000000800d039        0x3 
 .rodata.shell_str_invert
                0x000000000800d03c        0x7 /home/trees/src/github.mcush/mcush/shell_str.o
                0x000000000800d03c                shell_str_invert
 *fill*         0x000000000800d043        0x1 
 .rodata.shell_str_address
                0x000000000800d044        0x8 /home/trees/src/github.mcush/mcush/shell_str.o
                0x000000000800d044                shell_str_address
 .rodata.shell_str_path
                0x000000000800d04c        0x5 /home/trees/src/github.mcush/mcush/shell_str.o
                0x000000000800d04c                shell_str_path
 *fill*         0x000000000800d051        0x3 
 .rodata.shell_str_setting
                0x000000000800d054        0x8 /home/trees/src/github.mcush/mcush/shell_str.o
                0x000000000800d054                shell_str_setting
 .rodata.shell_str_width
                0x000000000800d05c        0x6 /home/trees/src/github.mcush/mcush/shell_str.o
                0x000000000800d05c                shell_str_width
 *fill*         0x000000000800d062        0x2 
 .rodata.shell_str_loop
                0x000000000800d064        0x5 /home/trees/src/github.mcush/mcush/shell_str.o
                0x000000000800d064                shell_str_loop
 *fill*         0x000000000800d069        0x3 
 .rodata.shell_str_1
                0x000000000800d06c        0x2 /home/trees/src/github.mcush/mcush/shell_str.o
                0x000000000800d06c                shell_str_1
 *fill*         0x000000000800d06e        0x2 
 .rodata.shell_str_path_name
                0x000000000800d070        0xa /home/trees/src/github.mcush/mcush/shell_str.o
                0x000000000800d070                shell_str_path_name
 *fill*         0x000000000800d07a        0x2 
 .rodata.shell_str_pin
                0x000000000800d07c        0x4 /home/trees/src/github.mcush/mcush/shell_str.o
                0x000000000800d07c                shell_str_pin
 .rodata.shell_str_on
                0x000000000800d080        0x3 /home/trees/src/github.mcush/mcush/shell_str.o
                0x000000000800d080                shell_str_on
 *fill*         0x000000000800d083        0x1 
 .rodata.shell_str_frequency
                0x000000000800d084        0xa /home/trees/src/github.mcush/mcush/shell_str.o
                0x000000000800d084                shell_str_frequency
 *fill*         0x000000000800d08e        0x2 
 .rodata.shell_str_pulldown
                0x000000000800d090        0x9 /home/trees/src/github.mcush/mcush/shell_str.o
                0x000000000800d090                shell_str_pulldown
 *fill*         0x000000000800d099        0x3 
 .rodata.shell_str_pullup
                0x000000000800d09c        0x7 /home/trees/src/github.mcush/mcush/shell_str.o
                0x000000000800d09c                shell_str_pullup
 *fill*         0x000000000800d0a3        0x1 
 .rodata.shell_str_off
                0x000000000800d0a4        0x4 /home/trees/src/github.mcush/mcush/shell_str.o
                0x000000000800d0a4                shell_str_off
 .rodata.shell_str_toggle
                0x000000000800d0a8        0x7 /home/trees/src/github.mcush/mcush/shell_str.o
                0x000000000800d0a8                shell_str_toggle
 *fill*         0x000000000800d0af        0x1 
 .rodata.shell_str_file
                0x000000000800d0b0        0x5 /home/trees/src/github.mcush/mcush/shell_str.o
                0x000000000800d0b0                shell_str_file
 *fill*         0x000000000800d0b5        0x3 
 .rodata.shell_str_input
                0x000000000800d0b8        0x6 /home/trees/src/github.mcush/mcush/shell_str.o
                0x000000000800d0b8                shell_str_input
 *fill*         0x000000000800d0be        0x2 
 .rodata.shell_str_append
                0x000000000800d0c0        0x7 /home/trees/src/github.mcush/mcush/shell_str.o
                0x000000000800d0c0                shell_str_append
 *fill*         0x000000000800d0c7        0x1 
 .rodata.shell_str_test
                0x000000000800d0c8        0x5 /home/trees/src/github.mcush/mcush/shell_str.o
                0x000000000800d0c8                shell_str_test
 *fill*         0x000000000800d0cd        0x3 
 .rodata.shell_str_help
                0x000000000800d0d0        0x5 /home/trees/src/github.mcush/mcush/shell_str.o
                0x000000000800d0d0                shell_str_help
 *fill*         0x000000000800d0d5        0x3 
 .rodata.shell_str_argument
                0x000000000800d0d8        0x9 /home/trees/src/github.mcush/mcush/shell_str.o
                0x000000000800d0d8                shell_str_argument
 *fill*         0x000000000800d0e1        0x3 
 .rodata.shell_str_nil
                0x000000000800d0e4        0x4 /home/trees/src/github.mcush/mcush/shell_str.o
                0x000000000800d0e4                shell_str_nil
 .rodata.shell_str_delay
                0x000000000800d0e8        0x6 /home/trees/src/github.mcush/mcush/shell_str.o
                0x000000000800d0e8                shell_str_delay
 *fill*         0x000000000800d0ee        0x2 
 .rodata.shell_str_output
                0x000000000800d0f0        0x7 /home/trees/src/github.mcush/mcush/shell_str.o
                0x000000000800d0f0                shell_str_output
 *fill*         0x000000000800d0f7        0x1 
 .rodata.shell_str_query
                0x000000000800d0f8        0x6 /home/trees/src/github.mcush/mcush/shell_str.o
                0x000000000800d0f8                shell_str_query
 *fill*         0x000000000800d0fe        0x2 
 .rodata.shell_str_index
                0x000000000800d100        0x6 /home/trees/src/github.mcush/mcush/shell_str.o
                0x000000000800d100                shell_str_index
 *fill*         0x000000000800d106        0x2 
 .rodata.shell_str_clr
                0x000000000800d108        0x4 /home/trees/src/github.mcush/mcush/shell_str.o
                0x000000000800d108                shell_str_clr
 .rodata.shell_str_deinit
                0x000000000800d10c        0x7 /home/trees/src/github.mcush/mcush/shell_str.o
                0x000000000800d10c                shell_str_deinit
 *fill*         0x000000000800d113        0x1 
 .rodata.shell_str_reset
                0x000000000800d114        0x6 /home/trees/src/github.mcush/mcush/shell_str.o
                0x000000000800d114                shell_str_reset
 *fill*         0x000000000800d11a        0x2 
 .rodata.shell_str_range
                0x000000000800d11c        0x6 /home/trees/src/github.mcush/mcush/shell_str.o
                0x000000000800d11c                shell_str_range
 *fill*         0x000000000800d122        0x2 
 .rodata.shell_str_file_name
                0x000000000800d124        0xa /home/trees/src/github.mcush/mcush/shell_str.o
                0x000000000800d124                shell_str_file_name
 *fill*         0x000000000800d12e        0x2 
 .rodata.shell_str_invalid
                0x000000000800d130        0x8 /home/trees/src/github.mcush/mcush/shell_str.o
                0x000000000800d130                shell_str_invalid
 .rodata.shell_str_stop
                0x000000000800d138        0x5 /home/trees/src/github.mcush/mcush/shell_str.o
                0x000000000800d138                shell_str_stop
 *fill*         0x000000000800d13d        0x3 
 .rodata.shell_str_mcush
                0x000000000800d140        0x6 /home/trees/src/github.mcush/mcush/shell_str.o
                0x000000000800d140                shell_str_mcush
 *fill*         0x000000000800d146        0x2 
 .rodata.shell_str_port_bit
                0x000000000800d148        0x9 /home/trees/src/github.mcush/mcush/shell_str.o
                0x000000000800d148                shell_str_port_bit
 *fill*         0x000000000800d151        0x3 
 .rodata.shell_str_write
                0x000000000800d154        0x6 /home/trees/src/github.mcush/mcush/shell_str.o
                0x000000000800d154                shell_str_write
 *fill*         0x000000000800d15a        0x2 
 .rodata.shell_str_set
                0x000000000800d15c        0x4 /home/trees/src/github.mcush/mcush/shell_str.o
                0x000000000800d15c                shell_str_set
 .rodata.shell_str_usage
                0x000000000800d160        0x6 /home/trees/src/github.mcush/mcush/shell_str.o
                0x000000000800d160                shell_str_usage
 *fill*         0x000000000800d166        0x2 
 .rodata.shell_str_init
                0x000000000800d168        0x5 /home/trees/src/github.mcush/mcush/shell_str.o
                0x000000000800d168                shell_str_init
 *fill*         0x000000000800d16d        0x3 
 .rodata.shell_str_option
                0x000000000800d170        0x7 /home/trees/src/github.mcush/mcush/shell_str.o
                0x000000000800d170                shell_str_option
 *fill*         0x000000000800d177        0x1 
 .rodata.shell_str_index_from_0
                0x000000000800d178        0xd /home/trees/src/github.mcush/mcush/shell_str.o
                0x000000000800d178                shell_str_index_from_0
 *fill*         0x000000000800d185        0x3 
 .rodata.shell_str_data
                0x000000000800d188        0x5 /home/trees/src/github.mcush/mcush/shell_str.o
                0x000000000800d188                shell_str_data
 *fill*         0x000000000800d18d        0x3 
 .rodata.shell_str_port
                0x000000000800d190        0x5 /home/trees/src/github.mcush/mcush/shell_str.o
                0x000000000800d190                shell_str_port
 *fill*         0x000000000800d195        0x3 
 .rodata.shell_str_0
                0x000000000800d198        0x2 /home/trees/src/github.mcush/mcush/shell_str.o
                0x000000000800d198                shell_str_0
 *fill*         0x000000000800d19a        0x2 
 .rodata.shell_str_command
                0x000000000800d19c        0x8 /home/trees/src/github.mcush/mcush/shell_str.o
                0x000000000800d19c                shell_str_command
 .rodata.shell_str_parameter
                0x000000000800d1a4        0xa /home/trees/src/github.mcush/mcush/shell_str.o
                0x000000000800d1a4                shell_str_parameter
 *fill*         0x000000000800d1ae        0x2 
 .rodata.shell_str_number
                0x000000000800d1b0        0x7 /home/trees/src/github.mcush/mcush/shell_str.o
                0x000000000800d1b0                shell_str_number
 *fill*         0x000000000800d1b7        0x1 
 .rodata.shell_str_value
                0x000000000800d1b8        0x6 /home/trees/src/github.mcush/mcush/shell_str.o
                0x000000000800d1b8                shell_str_value
 *fill*         0x000000000800d1be        0x2 
 .rodata.opt_spec.9732
                0x000000000800d1c0       0x30 task_blink.o
 .rodata.str1.4
                0x000000000800d1f0       0x60 task_blink.o
                                         0x63 (size before relaxing)
 .rodata.cmd_tab_blink
                0x000000000800d250       0x28 task_blink.o
                0x000000000800d250                cmd_tab_blink
 .rodata._ctype_
                0x000000000800d278      0x104 /usr/lib/gcc/arm-none-eabi/4.9.3/../../../arm-none-eabi/lib/armv7-m/libc.a(lib_a-ctype_.o)
                0x000000000800d278                _ctype_
                0x000000000800d37c                . = ALIGN (0x4)
                0x000000000800d37c                _etext = .
                0x000000000800d37c                _sidata = .

.vfp11_veneer   0x000000000800d37c        0x0
 .vfp11_veneer  0x000000000800d37c        0x0 linker stubs

.v4_bx          0x000000000800d37c        0x0
 .v4_bx         0x000000000800d37c        0x0 linker stubs

.iplt           0x000000000800d37c        0x0
 .iplt          0x000000000800d37c        0x0 /usr/lib/gcc/arm-none-eabi/4.9.3/armv7-m/crtbegin.o

.rel.dyn        0x000000000800d37c        0x0
 .rel.iplt      0x000000000800d37c        0x0 /usr/lib/gcc/arm-none-eabi/4.9.3/armv7-m/crtbegin.o

.data           0x0000000020000000      0x948 load address 0x000000000800d37c
                0x0000000020000000                . = ALIGN (0x4)
                0x0000000020000000                _sdata = .
 *(.data*)
 .data.impure_data
                0x0000000020000000      0x428 /usr/lib/gcc/arm-none-eabi/4.9.3/../../../arm-none-eabi/lib/armv7-m/libc.a(lib_a-impure.o)
 .data._impure_ptr
                0x0000000020000428        0x4 /usr/lib/gcc/arm-none-eabi/4.9.3/../../../arm-none-eabi/lib/armv7-m/libc.a(lib_a-impure.o)
                0x0000000020000428                _impure_ptr
 .data.SystemCoreClock
                0x000000002000042c        0x4 /home/trees/src/github.mcush/CMSIS/Device/ST/STM32F10x/Source/Templates/system_stm32f10x.o